<html>
<body>
<pre>
<h1>礦ision Build Log</h1>
<h2>Tool Versions:</h2>
IDE-Version: μVision V5.23.0.0
Copyright (C) 2017 ARM Ltd and ARM Germany GmbH. All rights reserved.
License Information: NULL LI, SJTU, LIC=X1E45-GFRS6-4A7DE-5SB5N-WJZC1-NT6PN
 
Tool Versions:
Toolchain:       MDK-ARM Professional  Version: 5.23
Toolchain Path:  C:\Keil_v5\ARM\ARMCC\Bin
C Compiler:      Armcc.exe V5.06 update 4 (build 422)
Assembler:       Armasm.exe V5.06 update 4 (build 422)
Linker/Locator:  ArmLink.exe V5.06 update 4 (build 422)
Library Manager: ArmAr.exe V5.06 update 4 (build 422)
Hex Converter:   FromElf.exe V5.06 update 4 (build 422)
CPU DLL:         SARMCM3.DLL V5.23
Dialog DLL:      DCM.DLL V1.15.0.0
Target DLL:      Segger\JL2CM3.dll V2.99.23.0
Dialog DLL:      TCM.DLL V1.27.0.0
 
<h2>Project:</h2>
E:\_study\ProgramData\KEIL\MDK\407\GitKraken\UDP_COMMUNICATION\USER\LWIP.uvprojx
Project File Date:  07/26/2018

<h2>Output:</h2>
*** Using Compiler 'V5.06 update 4 (build 422)', folder: 'C:\Keil_v5\ARM\ARMCC\Bin'
Build target 'LWIP'
compiling udp_demo.c...
..\HARDWARE\ETHERNET\udp_data_struct.h(35): warning:  #1-D: last line of file ends without a newline
  #endif
..\LWIP\lwip_app\udp_demo\udp_demo.h(41): warning:  #1295-D: Deprecated declaration udp_demo_set_remoteip - give arg types
  void  udp_demo_set_remoteip();//先选择IP
..\LWIP\lwip_app\udp_demo\udp_demo.c(43): warning:  #177-D: variable "xoff"  was declared but never referenced
  	u16 xoff;
..\LWIP\lwip_app\udp_demo\udp_demo.c(44): warning:  #177-D: variable "key"  was declared but never referenced
  	u8 key;
..\LWIP\lwip_app\udp_demo\udp_demo.c(84): warning:  #177-D: variable "key"  was declared but never referenced
   	u8 key;
..\LWIP\lwip_app\udp_demo\udp_demo.c: 5 warnings, 0 errors
compiling main.c...
..\HARDWARE\ETHERNET\udp_data_struct.h(35): warning:  #1-D: last line of file ends without a newline
  #endif
..\LWIP\lwip_app\udp_demo\udp_demo.h(41): warning:  #1295-D: Deprecated declaration udp_demo_set_remoteip - give arg types
  void  udp_demo_set_remoteip();//先选择IP
..\HARDWARE\ETHERNET\udp_data_struct.h(35): warning:  #1-D: last line of file ends without a newline
  #endif
main.c(73): warning:  #177-D: variable "key"  was declared but never referenced
    u8 key;
main.c: 4 warnings, 0 errors
linking...
Program Size: Code=49960 RO-data=1152 RW-data=604 ZI-data=394220  
FromELF: creating hex file...
"..\OBJ\LWIP.axf" - 0 Error(s), 9 Warning(s).

<h2>Collection of Component include folders:</h2>
  .\RTE\_LWIP
  C:\Keil_v5\ARM\PACK\Keil\STM32F4xx_DFP\2.13.0\Drivers\CMSIS\Device\ST\STM32F4xx\Include

<h2>Collection of Component Files used:</h2>
Build Time Elapsed:  00:00:02
</pre>
</body>
</html>
