<html>
<body>
<pre>
<h1>µVision Build Log</h1>
<h2>Tool Versions:</h2>
IDE-Version: ¦ÌVision V5.23.0.0
Copyright (C) 2017 ARM Ltd and ARM Germany GmbH. All rights reserved.
License Information: NULL LI, SJTU, LIC=X1E45-GFRS6-4A7DE-5SB5N-WJZC1-NT6PN
 
Tool Versions:
Toolchain:       MDK-ARM Professional  Version: 5.23
Toolchain Path:  C:\Keil_v5\ARM\ARMCC\Bin
C Compiler:      Armcc.exe V5.06 update 4 (build 422)
Assembler:       Armasm.exe V5.06 update 4 (build 422)
Linker/Locator:  ArmLink.exe V5.06 update 4 (build 422)
Library Manager: ArmAr.exe V5.06 update 4 (build 422)
Hex Converter:   FromElf.exe V5.06 update 4 (build 422)
CPU DLL:         SARMCM3.DLL V5.23
Dialog DLL:      DCM.DLL V1.15.0.0
Target DLL:      Segger\JL2CM3.dll V2.99.23.0
Dialog DLL:      TCM.DLL V1.27.0.0
 
<h2>Project:</h2>
E:\_study\ProgramData\KEIL\MDK\407\GitKraken\UDP_COMMUNICATION\USER\LWIP.uvprojx
Project File Date:  07/20/2018

<h2>Output:</h2>
*** Using Compiler 'V5.06 update 4 (build 422)', folder: 'C:\Keil_v5\ARM\ARMCC\Bin'
Rebuild target 'LWIP'
compiling stm32f4xx_it.c...
compiling system_stm32f4xx.c...
compiling main.c...
main.c(43): warning:  #550-D: variable "speed"  was set but never used
  	u8 speed;
main.c(118): warning:  #111-D: statement is unreachable
  		lwip_periodic_handle();
main.c(73): warning:  #177-D: variable "key"  was declared but never referenced
  	u8 key;
main.c: 3 warnings, 0 errors
compiling key.c...
compiling led.c...
compiling timer.c...
compiling sram.c...
compiling LAN8720.c...
compiling adc.c...
compiling beep.c...
compiling temperature.c...
assembling startup_stm32f40_41xxx.s...
compiling rtc.c...
compiling misc.c...
compiling stm32f4xx_gpio.c...
compiling stm32f4xx_rcc.c...
compiling stm32f4xx_syscfg.c...
compiling stm32f4xx_tim.c...
compiling stm32f4xx_usart.c...
compiling stm32f4xx_adc.c...
compiling stm32f4x7_eth.c...
compiling stm32f4xx_fsmc.c...
compiling stm32f4xx_exti.c...
compiling stm32f4xx_pwr.c...
compiling stm32f4xx_rtc.c...
compiling delay.c...
compiling sys.c...
compiling usart.c...
compiling usmart.c...
compiling usmart_config.c...
compiling usmart_str.c...
compiling fs.c...
compiling udp_demo.c...
..\LWIP\lwip_app\udp_demo\udp_demo.c(43): warning:  #550-D: variable "xoff"  was set but never used
  	u16 xoff;
..\LWIP\lwip_app\udp_demo\udp_demo.c: 1 warning, 0 errors
compiling lwip_comm.c...
compiling etharp.c...
compiling httpd.c...
compiling autoip.c...
compiling icmp.c...
compiling igmp.c...
compiling inet.c...
compiling httpd_cgi_ssi.c...
compiling inet_chksum.c...
compiling ip.c...
compiling ip_addr.c...
compiling ethernetif.c...
compiling def.c...
compiling ip_frag.c...
compiling dns.c...
compiling init.c...
compiling dhcp.c...
compiling memp.c...
compiling netif.c...
compiling raw.c...
compiling pbuf.c...
compiling stats.c...
compiling tcp.c...
compiling tcp_out.c...
..\LWIP\lwip-1.4.1\src\core\tcp_out.c(845): warning:  #550-D: variable "tcphdr"  was set but never used
    struct tcp_hdr *tcphdr;
..\LWIP\lwip-1.4.1\src\core\tcp_out.c(1367): warning:  #550-D: variable "tcphdr"  was set but never used
    struct tcp_hdr *tcphdr;
..\LWIP\lwip-1.4.1\src\core\tcp_out.c: 2 warnings, 0 errors
compiling tcp_in.c...
compiling timers.c...
compiling udp.c...
compiling mem.c...
compiling api_lib.c...
compiling api_msg.c...
compiling netbuf.c...
compiling err.c...
compiling netdb.c...
compiling netifapi.c...
compiling tcpip.c...
compiling sockets.c...
compiling sys_arch.c...
compiling malloc.c...
linking...
Program Size: Code=67304 RO-data=104296 RW-data=660 ZI-data=395388  
FromELF: creating hex file...
"..\OBJ\LWIP.axf" - 0 Error(s), 6 Warning(s).

<h2>Collection of Component include folders:</h2>
  .\RTE\_LWIP
  C:\Keil_v5\ARM\PACK\Keil\STM32F4xx_DFP\2.13.0\Drivers\CMSIS\Device\ST\STM32F4xx\Include

<h2>Collection of Component Files used:</h2>
Build Time Elapsed:  00:00:13
</pre>
</body>
</html>
