Component: ARM Compiler 5.06 update 4 (build 422) Tool: armlink [4d35d2]

==============================================================================

Section Cross References

    main.o(.text) refers to _printf_percent.o(.ARM.Collect$$_printf_percent$$00000000) for _printf_percent
    main.o(.text) refers to _printf_d.o(.ARM.Collect$$_printf_percent$$00000009) for _printf_d
    main.o(.text) refers to _printf_dec.o(.text) for _printf_int_dec
    main.o(.text) refers to _printf_s.o(.ARM.Collect$$_printf_percent$$00000014) for _printf_s
    main.o(.text) refers to _printf_str.o(.text) for _printf_str
    main.o(.text) refers to noretval__2printf.o(.text) for __2printf
    main.o(.text) refers to noretval__2sprintf.o(.text) for __2sprintf
    main.o(.text) refers to lan8720.o(.text) for LAN8720_Get_Speed
    main.o(.text) refers to delay.o(.text) for delay_init
    main.o(.text) refers to misc.o(.text) for NVIC_PriorityGroupConfig
    main.o(.text) refers to usart.o(.text) for uart_init
    main.o(.text) refers to led.o(.text) for LED_Init
    main.o(.text) refers to sram.o(.text) for FSMC_SRAM_Init
    main.o(.text) refers to beep.o(.text) for BEEP_Init
    main.o(.text) refers to rtc.o(.text) for My_RTC_Init
    main.o(.text) refers to adc.o(.text) for Adc_Init
    main.o(.text) refers to timer.o(.text) for TIM3_Int_Init
    main.o(.text) refers to malloc.o(.text) for mymem_init
    main.o(.text) refers to lwip_comm.o(.text) for lwip_comm_init
    main.o(.text) refers to udp_demo.o(.text) for udp_demo_test
    main.o(.text) refers to lwip_comm.o(.bss) for lwipdev
    main.o(.text) refers to usmart_config.o(.data) for usmart_dev
    system_stm32f4xx.o(.text) refers to system_stm32f4xx.o(.data) for .data
    led.o(.text) refers to stm32f4xx_rcc.o(.text) for RCC_AHB1PeriphClockCmd
    led.o(.text) refers to stm32f4xx_gpio.o(.text) for GPIO_Init
    timer.o(.text) refers to stm32f4xx_rcc.o(.text) for RCC_APB1PeriphClockCmd
    timer.o(.text) refers to stm32f4xx_tim.o(.text) for TIM_TimeBaseInit
    timer.o(.text) refers to misc.o(.text) for NVIC_Init
    timer.o(.text) refers to lwip_comm.o(.data) for lwip_localtime
    lan8720.o(.text) refers to stm32f4xx_rcc.o(.text) for RCC_AHB1PeriphClockCmd
    lan8720.o(.text) refers to stm32f4x7_eth.o(.text) for ETH_DeInit
    lan8720.o(.text) refers to stm32f4xx_syscfg.o(.text) for SYSCFG_ETH_MediaInterfaceConfig
    lan8720.o(.text) refers to stm32f4xx_gpio.o(.text) for GPIO_Init
    lan8720.o(.text) refers to delay.o(.text) for delay_ms
    lan8720.o(.text) refers to misc.o(.text) for NVIC_Init
    lan8720.o(.text) refers to lwip_comm.o(.text) for lwip_pkt_handle
    lan8720.o(.text) refers to malloc.o(.text) for myfree
    lan8720.o(.text) refers to stm32f4x7_eth.o(.data) for DMARxDescToGet
    lan8720.o(.text) refers to lan8720.o(.data) for .data
    sram.o(.text) refers to stm32f4xx_rcc.o(.text) for RCC_AHB1PeriphClockCmd
    sram.o(.text) refers to stm32f4xx_gpio.o(.text) for GPIO_Init
    sram.o(.text) refers to stm32f4xx_fsmc.o(.text) for FSMC_NORSRAMInit
    adc.o(.text) refers to stm32f4xx_rcc.o(.text) for RCC_APB2PeriphClockCmd
    adc.o(.text) refers to stm32f4xx_gpio.o(.text) for GPIO_Init
    adc.o(.text) refers to stm32f4xx_adc.o(.text) for ADC_CommonInit
    adc.o(.text) refers to delay.o(.text) for delay_ms
    beep.o(.text) refers to stm32f4xx_rcc.o(.text) for RCC_AHB1PeriphClockCmd
    beep.o(.text) refers to stm32f4xx_gpio.o(.text) for GPIO_Init
    rtc.o(.text) refers to stm32f4xx_rtc.o(.text) for RTC_SetTime
    rtc.o(.text) refers to stm32f4xx_rcc.o(.text) for RCC_APB1PeriphClockCmd
    rtc.o(.text) refers to stm32f4xx_pwr.o(.text) for PWR_BackupAccessCmd
    rtc.o(.text) refers to delay.o(.text) for delay_ms
    rtc.o(.text) refers to stm32f4xx_exti.o(.text) for EXTI_ClearITPendingBit
    rtc.o(.text) refers to misc.o(.text) for NVIC_Init
    rtc.o(.text) refers to noretval__2printf.o(.text) for __2printf
    rtc.o(.text) refers to rtc.o(.data) for .data
    key.o(.text) refers to stm32f4xx_rcc.o(.text) for RCC_AHB1PeriphClockCmd
    key.o(.text) refers to stm32f4xx_gpio.o(.text) for GPIO_Init
    key.o(.text) refers to delay.o(.text) for delay_ms
    key.o(.text) refers to key.o(.data) for .data
    startup_stm32f40_41xxx.o(STACK) refers (Special) to heapauxi.o(.text) for __use_two_region_memory
    startup_stm32f40_41xxx.o(HEAP) refers (Special) to heapauxi.o(.text) for __use_two_region_memory
    startup_stm32f40_41xxx.o(RESET) refers (Special) to heapauxi.o(.text) for __use_two_region_memory
    startup_stm32f40_41xxx.o(RESET) refers to startup_stm32f40_41xxx.o(STACK) for __initial_sp
    startup_stm32f40_41xxx.o(RESET) refers to startup_stm32f40_41xxx.o(.text) for Reset_Handler
    startup_stm32f40_41xxx.o(RESET) refers to stm32f4xx_it.o(.text) for NMI_Handler
    startup_stm32f40_41xxx.o(RESET) refers to rtc.o(.text) for RTC_WKUP_IRQHandler
[...]
    TIM_SetAutoreload                        0x080019d1   Thumb Code     4  stm32f4xx_tim.o(.text)
    TIM_GetCounter                           0x080019d5   Thumb Code     4  stm32f4xx_tim.o(.text)
    TIM_GetPrescaler                         0x080019d9   Thumb Code     4  stm32f4xx_tim.o(.text)
    TIM_UpdateDisableConfig                  0x080019dd   Thumb Code    20  stm32f4xx_tim.o(.text)
    TIM_UpdateRequestConfig                  0x080019f1   Thumb Code    20  stm32f4xx_tim.o(.text)
    TIM_ARRPreloadConfig                     0x08001a05   Thumb Code    20  stm32f4xx_tim.o(.text)
    TIM_SelectOnePulseMode                   0x08001a19   Thumb Code    16  stm32f4xx_tim.o(.text)
    TIM_SetClockDivision                     0x08001a29   Thumb Code    16  stm32f4xx_tim.o(.text)
    TIM_Cmd                                  0x08001a39   Thumb Code    20  stm32f4xx_tim.o(.text)
    TIM_OC1Init                              0x08001a4d   Thumb Code    88  stm32f4xx_tim.o(.text)
    TIM_OC2Init                              0x08001aa5   Thumb Code   120  stm32f4xx_tim.o(.text)
    TIM_OC3Init                              0x08001b1d   Thumb Code   116  stm32f4xx_tim.o(.text)
    TIM_OC4Init                              0x08001b91   Thumb Code    88  stm32f4xx_tim.o(.text)
    TIM_OCStructInit                         0x08001be9   Thumb Code    20  stm32f4xx_tim.o(.text)
    TIM_SelectOCxM                           0x08001bfd   Thumb Code   130  stm32f4xx_tim.o(.text)
    TIM_SetCompare1                          0x08001c7f   Thumb Code     4  stm32f4xx_tim.o(.text)
    TIM_SetCompare2                          0x08001c83   Thumb Code     4  stm32f4xx_tim.o(.text)
    TIM_SetCompare3                          0x08001c87   Thumb Code     4  stm32f4xx_tim.o(.text)
    TIM_SetCompare4                          0x08001c8b   Thumb Code     4  stm32f4xx_tim.o(.text)
    TIM_ForcedOC1Config                      0x08001c8f   Thumb Code    12  stm32f4xx_tim.o(.text)
    TIM_ForcedOC2Config                      0x08001c9b   Thumb Code    20  stm32f4xx_tim.o(.text)
    TIM_ForcedOC3Config                      0x08001caf   Thumb Code    12  stm32f4xx_tim.o(.text)
    TIM_ForcedOC4Config                      0x08001cbb   Thumb Code    20  stm32f4xx_tim.o(.text)
    TIM_OC1PreloadConfig                     0x08001ccf   Thumb Code    12  stm32f4xx_tim.o(.text)
    TIM_OC2PreloadConfig                     0x08001cdb   Thumb Code    20  stm32f4xx_tim.o(.text)
    TIM_OC3PreloadConfig                     0x08001cef   Thumb Code    12  stm32f4xx_tim.o(.text)
    TIM_OC4PreloadConfig                     0x08001cfb   Thumb Code    20  stm32f4xx_tim.o(.text)
    TIM_OC1FastConfig                        0x08001d0f   Thumb Code    12  stm32f4xx_tim.o(.text)
    TIM_OC2FastConfig                        0x08001d1b   Thumb Code    20  stm32f4xx_tim.o(.text)
    TIM_OC3FastConfig                        0x08001d2f   Thumb Code    12  stm32f4xx_tim.o(.text)
    TIM_OC4FastConfig                        0x08001d3b   Thumb Code    20  stm32f4xx_tim.o(.text)
    TIM_ClearOC1Ref                          0x08001d4f   Thumb Code    12  stm32f4xx_tim.o(.text)
    TIM_ClearOC2Ref                          0x08001d5b   Thumb Code    20  stm32f4xx_tim.o(.text)
    TIM_ClearOC3Ref                          0x08001d6f   Thumb Code    12  stm32f4xx_tim.o(.text)
    TIM_ClearOC4Ref                          0x08001d7b   Thumb Code    20  stm32f4xx_tim.o(.text)
    TIM_OC1PolarityConfig                    0x08001d8f   Thumb Code    12  stm32f4xx_tim.o(.text)
    TIM_OC1NPolarityConfig                   0x08001d9b   Thumb Code    12  stm32f4xx_tim.o(.text)
    TIM_OC2PolarityConfig                    0x08001da7   Thumb Code    20  stm32f4xx_tim.o(.text)
    TIM_OC2NPolarityConfig                   0x08001dbb   Thumb Code    20  stm32f4xx_tim.o(.text)
    TIM_OC3PolarityConfig                    0x08001dcf   Thumb Code    20  stm32f4xx_tim.o(.text)
    TIM_OC3NPolarityConfig                   0x08001de3   Thumb Code    20  stm32f4xx_tim.o(.text)
    TIM_OC4PolarityConfig                    0x08001df7   Thumb Code    20  stm32f4xx_tim.o(.text)
    TIM_CCxCmd                               0x08001e0b   Thumb Code    22  stm32f4xx_tim.o(.text)
    TIM_CCxNCmd                              0x08001e21   Thumb Code    22  stm32f4xx_tim.o(.text)
    TIM_SetIC4Prescaler                      0x08001e37   Thumb Code    24  stm32f4xx_tim.o(.text)
    TIM_SetIC3Prescaler                      0x08001e4f   Thumb Code    16  stm32f4xx_tim.o(.text)
    TIM_SetIC2Prescaler                      0x08001e5f   Thumb Code    24  stm32f4xx_tim.o(.text)
    TIM_SetIC1Prescaler                      0x08001ead   Thumb Code    16  stm32f4xx_tim.o(.text)
    TIM_ICInit                               0x08001ebd   Thumb Code   164  stm32f4xx_tim.o(.text)
    TIM_ICStructInit                         0x08001f61   Thumb Code    16  stm32f4xx_tim.o(.text)
    TIM_PWMIConfig                           0x08001f71   Thumb Code   104  stm32f4xx_tim.o(.text)
    TIM_GetCapture1                          0x08001fd9   Thumb Code     4  stm32f4xx_tim.o(.text)
    TIM_GetCapture2                          0x08001fdd   Thumb Code     4  stm32f4xx_tim.o(.text)
    TIM_GetCapture3                          0x08001fe1   Thumb Code     4  stm32f4xx_tim.o(.text)
    TIM_GetCapture4                          0x08001fe5   Thumb Code     4  stm32f4xx_tim.o(.text)
    TIM_BDTRConfig                           0x08001fe9   Thumb Code    34  stm32f4xx_tim.o(.text)
    TIM_BDTRStructInit                       0x0800200b   Thumb Code    18  stm32f4xx_tim.o(.text)
    TIM_CtrlPWMOutputs                       0x0800201d   Thumb Code    22  stm32f4xx_tim.o(.text)
    TIM_SelectCOM                            0x08002033   Thumb Code    20  stm32f4xx_tim.o(.text)
    TIM_CCPreloadControl                     0x08002047   Thumb Code    20  stm32f4xx_tim.o(.text)
    TIM_ITConfig                             0x0800205b   Thumb Code    16  stm32f4xx_tim.o(.text)
    TIM_GenerateEvent                        0x0800206b   Thumb Code     4  stm32f4xx_tim.o(.text)
    TIM_GetFlagStatus                        0x0800206f   Thumb Code    14  stm32f4xx_tim.o(.text)
    TIM_ClearFlag                            0x0800207d   Thumb Code     6  stm32f4xx_tim.o(.text)
    TIM_GetITStatus                          0x08002083   Thumb Code    24  stm32f4xx_tim.o(.text)
    TIM_ClearITPendingBit                    0x0800209b   Thumb Code     6  stm32f4xx_tim.o(.text)
    TIM_DMAConfig                            0x080020a1   Thumb Code     8  stm32f4xx_tim.o(.text)
    TIM_DMACmd                               0x080020a9   Thumb Code    16  stm32f4xx_tim.o(.text)
    TIM_SelectCCDMA                          0x080020b9   Thumb Code    20  stm32f4xx_tim.o(.text)
    TIM_InternalClockConfig                  0x080020cd   Thumb Code    10  stm32f4xx_tim.o(.text)
    TIM_SelectInputTrigger                   0x080020d7   Thumb Code    12  stm32f4xx_tim.o(.text)
    TIM_ITRxExternalClockConfig              0x080020e3   Thumb Code    18  stm32f4xx_tim.o(.text)
    TIM_TIxExternalClockConfig               0x080020f5   Thumb Code    46  stm32f4xx_tim.o(.text)
    TIM_ETRConfig                            0x08002123   Thumb Code    24  stm32f4xx_tim.o(.text)
    TIM_ETRClockMode1Config                  0x0800213b   Thumb Code    18  stm32f4xx_tim.o(.text)
    TIM_ETRClockMode2Config                  0x0800214d   Thumb Code    18  stm32f4xx_tim.o(.text)
    TIM_SelectOutputTrigger                  0x0800215f   Thumb Code    16  stm32f4xx_tim.o(.text)
    TIM_SelectSlaveMode                      0x0800216f   Thumb Code    16  stm32f4xx_tim.o(.text)
    TIM_SelectMasterSlaveMode                0x0800217f   Thumb Code    16  stm32f4xx_tim.o(.text)
    TIM_EncoderInterfaceConfig               0x0800218f   Thumb Code    50  stm32f4xx_tim.o(.text)
    TIM_SelectHallSensor                     0x080021c1   Thumb Code    20  stm32f4xx_tim.o(.text)
    TIM_RemapConfig                          0x080021d5   Thumb Code     6  stm32f4xx_tim.o(.text)
    USART_DeInit                             0x08002209   Thumb Code   138  stm32f4xx_usart.o(.text)
    USART_Init                               0x08002293   Thumb Code   164  stm32f4xx_usart.o(.text)
    USART_StructInit                         0x08002337   Thumb Code    22  stm32f4xx_usart.o(.text)
    USART_ClockInit                          0x0800234d   Thumb Code    28  stm32f4xx_usart.o(.text)
    USART_ClockStructInit                    0x08002369   Thumb Code    12  stm32f4xx_usart.o(.text)
    USART_Cmd                                0x08002375   Thumb Code    20  stm32f4xx_usart.o(.text)
    USART_SetPrescaler                       0x08002389   Thumb Code    16  stm32f4xx_usart.o(.text)
    USART_OverSampling8Cmd                   0x08002399   Thumb Code    20  stm32f4xx_usart.o(.text)
    USART_OneBitMethodCmd                    0x080023ad   Thumb Code    20  stm32f4xx_usart.o(.text)
    USART_SendData                           0x080023c1   Thumb Code     8  stm32f4xx_usart.o(.text)
    USART_ReceiveData                        0x080023c9   Thumb Code     8  stm32f4xx_usart.o(.text)
    USART_SetAddress                         0x080023d1   Thumb Code    16  stm32f4xx_usart.o(.text)
    USART_ReceiverWakeUpCmd                  0x080023e1   Thumb Code    20  stm32f4xx_usart.o(.text)
    USART_WakeUpConfig                       0x080023f5   Thumb Code    16  stm32f4xx_usart.o(.text)
    USART_LINBreakDetectLengthConfig         0x08002405   Thumb Code    16  stm32f4xx_usart.o(.text)
    USART_LINCmd                             0x08002415   Thumb Code    20  stm32f4xx_usart.o(.text)
    USART_SendBreak                          0x08002429   Thumb Code    10  stm32f4xx_usart.o(.text)
    USART_HalfDuplexCmd                      0x08002433   Thumb Code    20  stm32f4xx_usart.o(.text)
    USART_SetGuardTime                       0x08002447   Thumb Code    16  stm32f4xx_usart.o(.text)
    USART_SmartCardCmd                       0x08002457   Thumb Code    20  stm32f4xx_usart.o(.text)
    USART_SmartCardNACKCmd                   0x0800246b   Thumb Code    20  stm32f4xx_usart.o(.text)
    USART_IrDAConfig                         0x0800247f   Thumb Code    16  stm32f4xx_usart.o(.text)
    USART_IrDACmd                            0x0800248f   Thumb Code    20  stm32f4xx_usart.o(.text)
    USART_DMACmd                             0x080024a3   Thumb Code    16  stm32f4xx_usart.o(.text)
    USART_ITConfig                           0x080024b3   Thumb Code    48  stm32f4xx_usart.o(.text)
    USART_GetFlagStatus                      0x080024e3   Thumb Code    14  stm32f4xx_usart.o(.text)
    USART_ClearFlag                          0x080024f1   Thumb Code     6  stm32f4xx_usart.o(.text)
    USART_GetITStatus                        0x080024f7   Thumb Code    62  stm32f4xx_usart.o(.text)
    USART_ClearITPendingBit                  0x08002535   Thumb Code    12  stm32f4xx_usart.o(.text)
    ETH_DeInit                               0x08002561   Thumb Code    24  stm32f4x7_eth.o(.text)
    ETH_StructInit                           0x08002579   Thumb Code   136  stm32f4x7_eth.o(.text)
    ETH_WritePHYRegister                     0x08002601   Thumb Code    76  stm32f4x7_eth.o(.text)
    ETH_ReadPHYRegister                      0x0800264d   Thumb Code    80  stm32f4x7_eth.o(.text)
    ETH_Init                                 0x0800269d   Thumb Code   520  stm32f4x7_eth.o(.text)
    ETH_DMAReceptionCmd                      0x080028a5   Thumb Code    22  stm32f4x7_eth.o(.text)
    ETH_DMATransmissionCmd                   0x080028bb   Thumb Code    22  stm32f4x7_eth.o(.text)
    ETH_MACReceptionCmd                      0x080028d1   Thumb Code    22  stm32f4x7_eth.o(.text)
    ETH_FlushTransmitFIFO                    0x080028e7   Thumb Code    12  stm32f4x7_eth.o(.text)
    ETH_MACTransmissionCmd                   0x080028f3   Thumb Code    22  stm32f4x7_eth.o(.text)
    ETH_Start                                0x08002909   Thumb Code    32  stm32f4x7_eth.o(.text)
    ETH_GetFlowControlBusyStatus             0x08002929   Thumb Code    14  stm32f4x7_eth.o(.text)
    ETH_InitiatePauseControlFrame            0x08002937   Thumb Code    12  stm32f4x7_eth.o(.text)
    ETH_BackPressureActivationCmd            0x08002943   Thumb Code    22  stm32f4x7_eth.o(.text)
    ETH_GetMACFlagStatus                     0x08002959   Thumb Code    16  stm32f4x7_eth.o(.text)
    ETH_GetMACITStatus                       0x08002969   Thumb Code    16  stm32f4x7_eth.o(.text)
    ETH_MACITConfig                          0x08002979   Thumb Code    18  stm32f4x7_eth.o(.text)
    ETH_MACAddressConfig                     0x0800298b   Thumb Code    22  stm32f4x7_eth.o(.text)
    ETH_GetMACAddress                        0x080029a1   Thumb Code    30  stm32f4x7_eth.o(.text)
    ETH_MACAddressPerfectFilterCmd           0x080029bf   Thumb Code    24  stm32f4x7_eth.o(.text)
    ETH_MACAddressFilterConfig               0x080029d7   Thumb Code    82  stm32f4x7_eth.o(.text)
    ETH_MACAddressMaskBytesFilterConfig      0x08002a29   Thumb Code    20  stm32f4x7_eth.o(.text)
    ETH_Get_Received_Frame                   0x08002a3d   Thumb Code    42  stm32f4x7_eth.o(.text)
    ETH_Get_Received_Frame_interrupt         0x08002a67   Thumb Code   134  stm32f4x7_eth.o(.text)
    ETH_Prepare_Transmit_Descriptors         0x08002aed   Thumb Code   168  stm32f4x7_eth.o(.text)
    ETH_DMARxDescChainInit                   0x08002b95   Thumb Code    74  stm32f4x7_eth.o(.text)
    ETH_CheckFrameReceived                   0x08002bdf   Thumb Code    96  stm32f4x7_eth.o(.text)
    ETH_DMATxDescChainInit                   0x08002c3f   Thumb Code    62  stm32f4x7_eth.o(.text)
    ETH_GetDMATxDescFlagStatus               0x08002c7d   Thumb Code    14  stm32f4x7_eth.o(.text)
    ETH_GetDMATxDescCollisionCount           0x08002c8b   Thumb Code     8  stm32f4x7_eth.o(.text)
    ETH_SetDMATxDescOwnBit                   0x08002c93   Thumb Code    10  stm32f4x7_eth.o(.text)
    ETH_DMATxDescTransmitITConfig            0x08002c9d   Thumb Code    20  stm32f4x7_eth.o(.text)
    ETH_DMATxDescFrameSegmentConfig          0x08002cb1   Thumb Code     8  stm32f4x7_eth.o(.text)
    ETH_DMATxDescChecksumInsertionConfig     0x08002cb9   Thumb Code     8  stm32f4x7_eth.o(.text)
    ETH_DMATxDescCRCCmd                      0x08002cc1   Thumb Code    20  stm32f4x7_eth.o(.text)
    ETH_DMATxDescSecondAddressChainedCmd     0x08002cd5   Thumb Code    20  stm32f4x7_eth.o(.text)
    ETH_DMATxDescShortFramePaddingCmd        0x08002ce9   Thumb Code    20  stm32f4x7_eth.o(.text)
    ETH_DMATxDescBufferSizeConfig            0x08002cfd   Thumb Code    12  stm32f4x7_eth.o(.text)
    ETH_GetDMARxDescFlagStatus               0x08002d09   Thumb Code    14  stm32f4x7_eth.o(.text)
    ETH_GetDMAPTPRxDescExtendedFlagStatus    0x08002d17   Thumb Code    14  stm32f4x7_eth.o(.text)
    ETH_SetDMARxDescOwnBit                   0x08002d25   Thumb Code    10  stm32f4x7_eth.o(.text)
    ETH_GetDMARxDescFrameLength              0x08002d2f   Thumb Code     8  stm32f4x7_eth.o(.text)
    ETH_DMARxDescReceiveITConfig             0x08002d37   Thumb Code    18  stm32f4x7_eth.o(.text)
    ETH_GetDMARxDescBufferSize               0x08002d49   Thumb Code    16  stm32f4x7_eth.o(.text)
    ETH_GetRxPktSize                         0x08002d59   Thumb Code    30  stm32f4x7_eth.o(.text)
    ETH_EnhancedDescriptorCmd                0x08002d77   Thumb Code    22  stm32f4x7_eth.o(.text)
    ETH_SoftwareReset                        0x08002d8d   Thumb Code    12  stm32f4x7_eth.o(.text)
    ETH_GetSoftwareResetStatus               0x08002d99   Thumb Code    14  stm32f4x7_eth.o(.text)
    ETH_GetDMAFlagStatus                     0x08002da7   Thumb Code    16  stm32f4x7_eth.o(.text)
    ETH_DMAClearFlag                         0x08002db7   Thumb Code     6  stm32f4x7_eth.o(.text)
    ETH_DMAITConfig                          0x08002dbd   Thumb Code    18  stm32f4x7_eth.o(.text)
    ETH_GetDMAITStatus                       0x08002dcf   Thumb Code    16  stm32f4x7_eth.o(.text)
    ETH_DMAClearITPendingBit                 0x08002ddf   Thumb Code     6  stm32f4x7_eth.o(.text)
    ETH_GetTransmitProcessState              0x08002de5   Thumb Code    10  stm32f4x7_eth.o(.text)
    ETH_GetReceiveProcessState               0x08002def   Thumb Code    10  stm32f4x7_eth.o(.text)
    ETH_GetFlushTransmitFIFOStatus           0x08002df9   Thumb Code    32  stm32f4x7_eth.o(.text)
    ETH_GetDMAOverflowStatus                 0x08002e19   Thumb Code    16  stm32f4x7_eth.o(.text)
    ETH_GetRxOverflowMissedFrameCounter      0x08002e29   Thumb Code    10  stm32f4x7_eth.o(.text)
    ETH_GetBufferUnavailableMissedFrameCounter 0x08002e33   Thumb Code     8  stm32f4x7_eth.o(.text)
    ETH_GetCurrentTxDescStartAddress         0x08002e3b   Thumb Code     6  stm32f4x7_eth.o(.text)
    ETH_GetCurrentRxDescStartAddress         0x08002e41   Thumb Code     6  stm32f4x7_eth.o(.text)
    ETH_GetCurrentTxBufferAddress            0x08002e47   Thumb Code     6  stm32f4x7_eth.o(.text)
    ETH_GetCurrentRxBufferAddress            0x08002e4d   Thumb Code     6  stm32f4x7_eth.o(.text)
    ETH_ResumeDMATransmission                0x08002e53   Thumb Code     8  stm32f4x7_eth.o(.text)
    ETH_ResumeDMAReception                   0x08002e5b   Thumb Code     8  stm32f4x7_eth.o(.text)
    ETH_SetReceiveWatchdogTimer              0x08002e63   Thumb Code     6  stm32f4x7_eth.o(.text)
    ETH_PHYLoopBackCmd                       0x08002e69   Thumb Code    40  stm32f4x7_eth.o(.text)
    ETH_ResetWakeUpFrameFilterRegisterPointer 0x08002e91   Thumb Code    12  stm32f4x7_eth.o(.text)
    ETH_SetWakeUpFrameFilterRegister         0x08002e9d   Thumb Code    18  stm32f4x7_eth.o(.text)
    ETH_GlobalUnicastWakeUpCmd               0x08002eaf   Thumb Code    22  stm32f4x7_eth.o(.text)
    ETH_GetPMTFlagStatus                     0x08002ec5   Thumb Code    16  stm32f4x7_eth.o(.text)
    ETH_WakeUpFrameDetectionCmd              0x08002ed5   Thumb Code    22  stm32f4x7_eth.o(.text)
    ETH_MagicPacketDetectionCmd              0x08002eeb   Thumb Code    22  stm32f4x7_eth.o(.text)
    ETH_PowerDownCmd                         0x08002f01   Thumb Code    22  stm32f4x7_eth.o(.text)
    ETH_MMCCounterFullPreset                 0x08002f17   Thumb Code    16  stm32f4x7_eth.o(.text)
    ETH_MMCCounterHalfPreset                 0x08002f27   Thumb Code    28  stm32f4x7_eth.o(.text)
    ETH_MMCCounterFreezeCmd                  0x08002f43   Thumb Code    26  stm32f4x7_eth.o(.text)
    ETH_MMCResetOnReadCmd                    0x08002f5d   Thumb Code    26  stm32f4x7_eth.o(.text)
    ETH_MMCCounterRolloverCmd                0x08002f77   Thumb Code    26  stm32f4x7_eth.o(.text)
    ETH_MMCCountersReset                     0x08002f91   Thumb Code    16  stm32f4x7_eth.o(.text)
    ETH_MMCITConfig                          0x08002fa1   Thumb Code    50  stm32f4x7_eth.o(.text)
    ETH_GetMMCITStatus                       0x08002fd3   Thumb Code    36  stm32f4x7_eth.o(.text)
    ETH_GetMMCRegister                       0x08002ff7   Thumb Code     6  stm32f4x7_eth.o(.text)
    ADC_DeInit                               0x08003019   Thumb Code    24  stm32f4xx_adc.o(.text)
    ADC_Init                                 0x08003031   Thumb Code    66  stm32f4xx_adc.o(.text)
    ADC_StructInit                           0x08003073   Thumb Code    20  stm32f4xx_adc.o(.text)
    ADC_CommonInit                           0x08003087   Thumb Code    34  stm32f4xx_adc.o(.text)
    ADC_CommonStructInit                     0x080030a9   Thumb Code    12  stm32f4xx_adc.o(.text)
    ADC_Cmd                                  0x080030b5   Thumb Code    20  stm32f4xx_adc.o(.text)
    ADC_AnalogWatchdogCmd                    0x080030c9   Thumb Code    12  stm32f4xx_adc.o(.text)
    ADC_AnalogWatchdogThresholdsConfig       0x080030d5   Thumb Code     6  stm32f4xx_adc.o(.text)
    ADC_AnalogWatchdogSingleChannelConfig    0x080030db   Thumb Code    12  stm32f4xx_adc.o(.text)
    ADC_TempSensorVrefintCmd                 0x080030e7   Thumb Code    26  stm32f4xx_adc.o(.text)
    ADC_VBATCmd                              0x08003101   Thumb Code    26  stm32f4xx_adc.o(.text)
    ADC_RegularChannelConfig                 0x0800311b   Thumb Code   116  stm32f4xx_adc.o(.text)
    ADC_SoftwareStartConv                    0x0800318f   Thumb Code    10  stm32f4xx_adc.o(.text)
    ADC_GetSoftwareStartConvStatus           0x08003199   Thumb Code    14  stm32f4xx_adc.o(.text)
    ADC_EOCOnEachRegularChannelCmd           0x080031a7   Thumb Code    20  stm32f4xx_adc.o(.text)
    ADC_ContinuousModeCmd                    0x080031bb   Thumb Code    20  stm32f4xx_adc.o(.text)
    ADC_DiscModeChannelCountConfig           0x080031cf   Thumb Code    16  stm32f4xx_adc.o(.text)
    ADC_DiscModeCmd                          0x080031df   Thumb Code    20  stm32f4xx_adc.o(.text)
    ADC_GetConversionValue                   0x080031f3   Thumb Code     6  stm32f4xx_adc.o(.text)
    ADC_GetMultiModeConversionValue          0x080031f9   Thumb Code     8  stm32f4xx_adc.o(.text)
    ADC_DMACmd                               0x08003201   Thumb Code    20  stm32f4xx_adc.o(.text)
    ADC_DMARequestAfterLastTransferCmd       0x08003215   Thumb Code    20  stm32f4xx_adc.o(.text)
    ADC_MultiModeDMARequestAfterLastTransferCmd 0x08003229   Thumb Code    26  stm32f4xx_adc.o(.text)
    ADC_InjectedChannelConfig                0x08003243   Thumb Code    74  stm32f4xx_adc.o(.text)
    ADC_InjectedSequencerLengthConfig        0x0800328d   Thumb Code    16  stm32f4xx_adc.o(.text)
    ADC_SetInjectedOffset                    0x0800329d   Thumb Code    10  stm32f4xx_adc.o(.text)
    ADC_ExternalTrigInjectedConvConfig       0x080032a7   Thumb Code    12  stm32f4xx_adc.o(.text)
    ADC_ExternalTrigInjectedConvEdgeConfig   0x080032b3   Thumb Code    12  stm32f4xx_adc.o(.text)
    ADC_SoftwareStartInjectedConv            0x080032bf   Thumb Code    10  stm32f4xx_adc.o(.text)
    ADC_GetSoftwareStartInjectedConvCmdStatus 0x080032c9   Thumb Code    14  stm32f4xx_adc.o(.text)
    ADC_AutoInjectedConvCmd                  0x080032d7   Thumb Code    20  stm32f4xx_adc.o(.text)
    ADC_InjectedDiscModeCmd                  0x080032eb   Thumb Code    20  stm32f4xx_adc.o(.text)
    ADC_GetInjectedConversionValue           0x080032ff   Thumb Code    14  stm32f4xx_adc.o(.text)
    ADC_ITConfig                             0x0800330d   Thumb Code    18  stm32f4xx_adc.o(.text)
    ADC_GetFlagStatus                        0x0800331f   Thumb Code    14  stm32f4xx_adc.o(.text)
    ADC_ClearFlag                            0x0800332d   Thumb Code     6  stm32f4xx_adc.o(.text)
    ADC_GetITStatus                          0x08003333   Thumb Code    30  stm32f4xx_adc.o(.text)
    ADC_ClearITPendingBit                    0x08003351   Thumb Code     8  stm32f4xx_adc.o(.text)
    FSMC_NORSRAMDeInit                       0x0800336d   Thumb Code    38  stm32f4xx_fsmc.o(.text)
    FSMC_NORSRAMInit                         0x08003393   Thumb Code   200  stm32f4xx_fsmc.o(.text)
    FSMC_NORSRAMStructInit                   0x0800345b   Thumb Code    42  stm32f4xx_fsmc.o(.text)
    FSMC_NORSRAMCmd                          0x08003485   Thumb Code    26  stm32f4xx_fsmc.o(.text)
    FSMC_NANDDeInit                          0x0800349f   Thumb Code    40  stm32f4xx_fsmc.o(.text)
    FSMC_NANDInit                            0x080034c7   Thumb Code   104  stm32f4xx_fsmc.o(.text)
    FSMC_NANDStructInit                      0x0800352f   Thumb Code    54  stm32f4xx_fsmc.o(.text)
    FSMC_NANDCmd                             0x08003565   Thumb Code    54  stm32f4xx_fsmc.o(.text)
    FSMC_NANDECCCmd                          0x0800359b   Thumb Code    54  stm32f4xx_fsmc.o(.text)
    FSMC_GetECC                              0x080035d1   Thumb Code    18  stm32f4xx_fsmc.o(.text)
    FSMC_PCCARDDeInit                        0x080035e3   Thumb Code    26  stm32f4xx_fsmc.o(.text)
    FSMC_PCCARDInit                          0x080035fd   Thumb Code   102  stm32f4xx_fsmc.o(.text)
    FSMC_PCCARDStructInit                    0x08003663   Thumb Code    60  stm32f4xx_fsmc.o(.text)
    FSMC_PCCARDCmd                           0x0800369f   Thumb Code    28  stm32f4xx_fsmc.o(.text)
    FSMC_ITConfig                            0x080036bb   Thumb Code    72  stm32f4xx_fsmc.o(.text)
    FSMC_GetFlagStatus                       0x08003703   Thumb Code    40  stm32f4xx_fsmc.o(.text)
    FSMC_ClearFlag                           0x0800372b   Thumb Code    38  stm32f4xx_fsmc.o(.text)
    FSMC_GetITStatus                         0x08003751   Thumb Code    48  stm32f4xx_fsmc.o(.text)
    FSMC_ClearITPendingBit                   0x08003781   Thumb Code    42  stm32f4xx_fsmc.o(.text)
    RTC_WaitForSynchro                       0x080037b5   Thumb Code    70  stm32f4xx_rtc.o(.text)
    RTC_EnterInitMode                        0x080037fb   Thumb Code    58  stm32f4xx_rtc.o(.text)
    RTC_DeInit                               0x08003835   Thumb Code   168  stm32f4xx_rtc.o(.text)
    RTC_ExitInitMode                         0x080038dd   Thumb Code    14  stm32f4xx_rtc.o(.text)
    RTC_Init                                 0x080038eb   Thumb Code    74  stm32f4xx_rtc.o(.text)
    RTC_StructInit                           0x08003935   Thumb Code    14  stm32f4xx_rtc.o(.text)
    RTC_WriteProtectionCmd                   0x08003943   Thumb Code    18  stm32f4xx_rtc.o(.text)
    RTC_RefClockCmd                          0x08003955   Thumb Code    56  stm32f4xx_rtc.o(.text)
    RTC_BypassShadowCmd                      0x0800398d   Thumb Code    38  stm32f4xx_rtc.o(.text)
    RTC_SetTime                              0x080039b3   Thumb Code   148  stm32f4xx_rtc.o(.text)
    RTC_TimeStructInit                       0x08003a47   Thumb Code    12  stm32f4xx_rtc.o(.text)
    RTC_GetTime                              0x08003a53   Thumb Code    70  stm32f4xx_rtc.o(.text)
    RTC_GetSubSecond                         0x08003a99   Thumb Code    14  stm32f4xx_rtc.o(.text)
    RTC_SetDate                              0x08003aa7   Thumb Code   142  stm32f4xx_rtc.o(.text)
    RTC_DateStructInit                       0x08003b35   Thumb Code    14  stm32f4xx_rtc.o(.text)
    RTC_GetDate                              0x08003b43   Thumb Code    66  stm32f4xx_rtc.o(.text)
    RTC_SetAlarm                             0x08003b85   Thumb Code   184  stm32f4xx_rtc.o(.text)
    RTC_AlarmStructInit                      0x08003c3d   Thumb Code    20  stm32f4xx_rtc.o(.text)
    RTC_GetAlarm                             0x08003c51   Thumb Code   104  stm32f4xx_rtc.o(.text)
    RTC_AlarmCmd                             0x08003cb9   Thumb Code    78  stm32f4xx_rtc.o(.text)
    RTC_AlarmSubSecondConfig                 0x08003d07   Thumb Code    38  stm32f4xx_rtc.o(.text)
    RTC_GetAlarmSubSecond                    0x08003d2d   Thumb Code    24  stm32f4xx_rtc.o(.text)
    RTC_WakeUpClockConfig                    0x08003d45   Thumb Code    34  stm32f4xx_rtc.o(.text)
    RTC_SetWakeUpCounter                     0x08003d67   Thumb Code    22  stm32f4xx_rtc.o(.text)
    RTC_GetWakeUpCounter                     0x08003d7d   Thumb Code    10  stm32f4xx_rtc.o(.text)
    RTC_WakeUpCmd                            0x08003d87   Thumb Code    84  stm32f4xx_rtc.o(.text)
    RTC_DayLightSavingConfig                 0x08003ddb   Thumb Code    38  stm32f4xx_rtc.o(.text)
    RTC_GetStoreOperation                    0x08003e01   Thumb Code    12  stm32f4xx_rtc.o(.text)
    RTC_OutputConfig                         0x08003e0d   Thumb Code    38  stm32f4xx_rtc.o(.text)
    RTC_CoarseCalibConfig                    0x08003e33   Thumb Code    46  stm32f4xx_rtc.o(.text)
    RTC_CoarseCalibCmd                       0x08003e61   Thumb Code    56  stm32f4xx_rtc.o(.text)
    RTC_CalibOutputCmd                       0x08003e99   Thumb Code    38  stm32f4xx_rtc.o(.text)
    RTC_CalibOutputConfig                    0x08003ebf   Thumb Code    34  stm32f4xx_rtc.o(.text)
    RTC_SmoothCalibConfig                    0x08003ee1   Thumb Code    70  stm32f4xx_rtc.o(.text)
    RTC_TimeStampCmd                         0x08003f27   Thumb Code    42  stm32f4xx_rtc.o(.text)
    RTC_GetTimeStamp                         0x08003f51   Thumb Code   130  stm32f4xx_rtc.o(.text)
    RTC_GetTimeStampSubSecond                0x08003fd3   Thumb Code     8  stm32f4xx_rtc.o(.text)
    RTC_TamperTriggerConfig                  0x08003fdb   Thumb Code    24  stm32f4xx_rtc.o(.text)
    RTC_TamperCmd                            0x08003ff3   Thumb Code    28  stm32f4xx_rtc.o(.text)
    RTC_TamperFilterConfig                   0x0800400f   Thumb Code    18  stm32f4xx_rtc.o(.text)
    RTC_TamperSamplingFreqConfig             0x08004021   Thumb Code    18  stm32f4xx_rtc.o(.text)
    RTC_TamperPinsPrechargeDuration          0x08004033   Thumb Code    18  stm32f4xx_rtc.o(.text)
    RTC_TimeStampOnTamperDetectionCmd        0x08004045   Thumb Code    22  stm32f4xx_rtc.o(.text)
    RTC_TamperPullUpCmd                      0x0800405b   Thumb Code    22  stm32f4xx_rtc.o(.text)
    RTC_WriteBackupRegister                  0x08004071   Thumb Code    16  stm32f4xx_rtc.o(.text)
    RTC_ReadBackupRegister                   0x08004081   Thumb Code    16  stm32f4xx_rtc.o(.text)
    RTC_TamperPinSelection                   0x08004091   Thumb Code    18  stm32f4xx_rtc.o(.text)
    RTC_TimeStampPinSelection                0x080040a3   Thumb Code    18  stm32f4xx_rtc.o(.text)
    RTC_OutputTypeConfig                     0x080040b5   Thumb Code    18  stm32f4xx_rtc.o(.text)
    RTC_SynchroShiftConfig                   0x080040c7   Thumb Code    84  stm32f4xx_rtc.o(.text)
    RTC_ITConfig                             0x0800411b   Thumb Code    60  stm32f4xx_rtc.o(.text)
    RTC_GetFlagStatus                        0x08004157   Thumb Code    22  stm32f4xx_rtc.o(.text)
    RTC_ClearFlag                            0x0800416d   Thumb Code    24  stm32f4xx_rtc.o(.text)
    RTC_GetITStatus                          0x08004185   Thumb Code    46  stm32f4xx_rtc.o(.text)
    RTC_ClearITPendingBit                    0x080041b3   Thumb Code    24  stm32f4xx_rtc.o(.text)
    EXTI_DeInit                              0x08004201   Thumb Code    28  stm32f4xx_exti.o(.text)
    EXTI_Init                                0x0800421d   Thumb Code   108  stm32f4xx_exti.o(.text)
    EXTI_StructInit                          0x08004289   Thumb Code    14  stm32f4xx_exti.o(.text)
    EXTI_GenerateSWInterrupt                 0x08004297   Thumb Code    12  stm32f4xx_exti.o(.text)
    EXTI_GetFlagStatus                       0x080042a3   Thumb Code    18  stm32f4xx_exti.o(.text)
    EXTI_ClearFlag                           0x080042b5   Thumb Code     8  stm32f4xx_exti.o(.text)
    EXTI_GetITStatus                         0x080042bd   Thumb Code    18  stm32f4xx_exti.o(.text)
    EXTI_ClearITPendingBit                   0x080042cf   Thumb Code     8  stm32f4xx_exti.o(.text)
    PWR_DeInit                               0x080042e1   Thumb Code    24  stm32f4xx_pwr.o(.text)
    PWR_BackupAccessCmd                      0x080042f9   Thumb Code     6  stm32f4xx_pwr.o(.text)
    PWR_PVDLevelConfig                       0x080042ff   Thumb Code    14  stm32f4xx_pwr.o(.text)
    PWR_PVDCmd                               0x0800430d   Thumb Code     6  stm32f4xx_pwr.o(.text)
    PWR_WakeUpPinCmd                         0x08004313   Thumb Code     8  stm32f4xx_pwr.o(.text)
    PWR_BackupRegulatorCmd                   0x0800431b   Thumb Code     8  stm32f4xx_pwr.o(.text)
    PWR_MainRegulatorModeConfig              0x08004323   Thumb Code    14  stm32f4xx_pwr.o(.text)
    PWR_OverDriveCmd                         0x08004331   Thumb Code     6  stm32f4xx_pwr.o(.text)
    PWR_OverDriveSWCmd                       0x08004337   Thumb Code     6  stm32f4xx_pwr.o(.text)
    PWR_UnderDriveCmd                        0x0800433d   Thumb Code    22  stm32f4xx_pwr.o(.text)
    PWR_MainRegulatorLowVoltageCmd           0x08004353   Thumb Code    10  stm32f4xx_pwr.o(.text)
    PWR_LowRegulatorLowVoltageCmd            0x0800435d   Thumb Code    10  stm32f4xx_pwr.o(.text)
    PWR_FlashPowerDownCmd                    0x08004367   Thumb Code     6  stm32f4xx_pwr.o(.text)
    PWR_EnterSTOPMode                        0x0800436d   Thumb Code    46  stm32f4xx_pwr.o(.text)
    PWR_EnterUnderDriveSTOPMode              0x0800439b   Thumb Code    46  stm32f4xx_pwr.o(.text)
    PWR_EnterSTANDBYMode                     0x080043c9   Thumb Code    24  stm32f4xx_pwr.o(.text)
    PWR_GetFlagStatus                        0x080043e1   Thumb Code    16  stm32f4xx_pwr.o(.text)
    PWR_ClearFlag                            0x080043f1   Thumb Code    12  stm32f4xx_pwr.o(.text)
    delay_init                               0x08004409   Thumb Code    38  delay.o(.text)
    delay_us                                 0x0800442f   Thumb Code    46  delay.o(.text)
    delay_xms                                0x0800445d   Thumb Code    46  delay.o(.text)
    delay_ms                                 0x0800448b   Thumb Code    50  delay.o(.text)
    _sys_exit                                0x080044c1   Thumb Code     2  usart.o(.text)
    fputc                                    0x080044c3   Thumb Code    14  usart.o(.text)
    uart_init                                0x080044d1   Thumb Code   164  usart.o(.text)
    USART1_IRQHandler                        0x08004575   Thumb Code    88  usart.o(.text)
    usmart_sys_cmd_exe                       0x080045dd   Thumb Code  1442  usmart.o(.text)
    usmart_reset_runtime                     0x08004b7f   Thumb Code    40  usmart.o(.text)
    usmart_get_runtime                       0x08004ba7   Thumb Code    48  usmart.o(.text)
    TIM4_IRQHandler                          0x08004bd7   Thumb Code    50  usmart.o(.text)
    Timer4_Init                              0x08004c09   Thumb Code    88  usmart.o(.text)
    usmart_init                              0x08004c61   Thumb Code    36  usmart.o(.text)
    usmart_cmd_rec                           0x08004c85   Thumb Code   144  usmart.o(.text)
    usmart_exe                               0x08004d15   Thumb Code   768  usmart.o(.text)
    usmart_scan                              0x08005015   Thumb Code    92  usmart.o(.text)
    read_addr                                0x08005071   Thumb Code     4  usmart.o(.text)
    write_addr                               0x08005075   Thumb Code     4  usmart.o(.text)
    usmart_strcmp                            0x080050f1   Thumb Code    24  usmart_str.o(.text)
    usmart_strcopy                           0x08005109   Thumb Code    18  usmart_str.o(.text)
    usmart_strlen                            0x0800511b   Thumb Code    18  usmart_str.o(.text)
    usmart_pow                               0x0800512d   Thumb Code    16  usmart_str.o(.text)
    usmart_str2num                           0x0800513d   Thumb Code   158  usmart_str.o(.text)
    usmart_get_cmdname                       0x080051db   Thumb Code    46  usmart_str.o(.text)
    usmart_search_nextc                      0x08005209   Thumb Code    16  usmart_str.o(.text)
    usmart_get_fname                         0x08005219   Thumb Code   356  usmart_str.o(.text)
    usmart_get_aparm                         0x0800537d   Thumb Code   156  usmart_str.o(.text)
    usmart_get_parmpos                       0x08005419   Thumb Code    30  usmart_str.o(.text)
    usmart_get_fparam                        0x08005437   Thumb Code   206  usmart_str.o(.text)
    lwip_comm_mem_free                       0x08005511   Thumb Code    26  lwip_comm.o(.text)
    lwip_comm_mem_malloc                     0x0800552b   Thumb Code    50  lwip_comm.o(.text)
    lwip_comm_default_ip_set                 0x0800555d   Thumb Code    74  lwip_comm.o(.text)
    lwip_comm_init                           0x080055a7   Thumb Code   112  lwip_comm.o(.text)
    lwip_pkt_handle                          0x08005617   Thumb Code     8  lwip_comm.o(.text)
    lwip_dhcp_process_handle                 0x0800561f   Thumb Code   288  lwip_comm.o(.text)
    lwip_periodic_handle                     0x0800573f   Thumb Code   102  lwip_comm.o(.text)
    udp_demo_set_remoteip                    0x08005961   Thumb Code    94  udp_demo.o(.text)
    udp_demo_connection_close                0x080059bf   Thumb Code    18  udp_demo.o(.text)
    udp_demo_senddata                        0x080059d1   Thumb Code    50  udp_demo.o(.text)
    udp_demo_recv                            0x08005a03   Thumb Code   130  udp_demo.o(.text)
    udp_demo_test                            0x08005a85   Thumb Code   310  udp_demo.o(.text)
    etharp_tmr                               0x08005c7d   Thumb Code    66  etharp.o(.text)
    etharp_cleanup_netif                     0x08005edf   Thumb Code    42  etharp.o(.text)
    etharp_find_addr                         0x08005f09   Thumb Code    74  etharp.o(.text)
    etharp_request                           0x0800628b   Thumb Code    32  etharp.o(.text)
    etharp_query                             0x080062ff   Thumb Code   298  etharp.o(.text)
    etharp_output                            0x08006429   Thumb Code   306  etharp.o(.text)
    ethernet_input                           0x0800655b   Thumb Code   380  etharp.o(.text)
    ethernetif_input                         0x08006731   Thumb Code   116  ethernetif.o(.text)
    ethernetif_init                          0x080067a5   Thumb Code    48  ethernetif.o(.text)
    icmp_input                               0x080068d9   Thumb Code   310  icmp.o(.text)
    icmp_dest_unreach                        0x08006a87   Thumb Code     6  icmp.o(.text)
    icmp_time_exceeded                       0x08006a8d   Thumb Code     6  icmp.o(.text)
    inet_chksum_pseudo                       0x08006c5f   Thumb Code   136  inet_chksum.o(.text)
    inet_chksum_pseudo_partial               0x08006ce7   Thumb Code   178  inet_chksum.o(.text)
    inet_chksum                              0x08006d99   Thumb Code    12  inet_chksum.o(.text)
    inet_chksum_pbuf                         0x08006da5   Thumb Code    72  inet_chksum.o(.text)
    ip_route                                 0x08006e55   Thumb Code    54  ip.o(.text)
    ip_input                                 0x08006e8b   Thumb Code   366  ip.o(.text)
    ip_output_if                             0x08006ff9   Thumb Code   210  ip.o(.text)
    ip_output                                0x080070cb   Thumb Code    72  ip.o(.text)
    ip4_addr_isbroadcast                     0x080071b1   Thumb Code    46  ip_addr.o(.text)
    ip4_addr_netmask_valid                   0x080071df   Thumb Code    38  ip_addr.o(.text)
    ipaddr_aton                              0x08007205   Thumb Code   262  ip_addr.o(.text)
    ipaddr_addr                              0x0800730b   Thumb Code    20  ip_addr.o(.text)
    ipaddr_ntoa_r                            0x0800731f   Thumb Code   118  ip_addr.o(.text)
    ipaddr_ntoa                              0x08007395   Thumb Code     6  ip_addr.o(.text)
    ip_reass_tmr                             0x08007503   Thumb Code    40  ip_frag.o(.text)
    ip_reass                                 0x080076f1   Thumb Code   824  ip_frag.o(.text)
    ip_frag                                  0x08007a75   Thumb Code   382  ip_frag.o(.text)
    lwip_htons                               0x08007c31   Thumb Code     4  def.o(.text)
    lwip_ntohs                               0x08007c35   Thumb Code     4  def.o(.text)
    lwip_htonl                               0x08007c39   Thumb Code     4  def.o(.text)
    lwip_ntohl                               0x08007c3d   Thumb Code     4  def.o(.text)
    dhcp_renew                               0x080083ad   Thumb Code   132  dhcp.o(.text)
    dhcp_coarse_tmr                          0x080084b3   Thumb Code    90  dhcp.o(.text)
    dhcp_release                             0x080085a9   Thumb Code   160  dhcp.o(.text)
    dhcp_fine_tmr                            0x0800877d   Thumb Code    46  dhcp.o(.text)
    dhcp_set_struct                          0x080087ab   Thumb Code    80  dhcp.o(.text)
    dhcp_cleanup                             0x080087fb   Thumb Code    40  dhcp.o(.text)
    dhcp_stop                                0x08008823   Thumb Code    92  dhcp.o(.text)
    dhcp_start                               0x08008d89   Thumb Code   220  dhcp.o(.text)
    dhcp_inform                              0x08008e65   Thumb Code   168  dhcp.o(.text)
    dhcp_network_changed                     0x08008f0d   Thumb Code    66  dhcp.o(.text)
    dhcp_arp_reply                           0x08008f4f   Thumb Code    48  dhcp.o(.text)
    lwip_init                                0x08009125   Thumb Code    30  init.o(.text)
    memp_get_memorysize                      0x08009145   Thumb Code     6  memp.o(.text)
    memp_init                                0x0800914b   Thumb Code    80  memp.o(.text)
    memp_malloc                              0x0800919b   Thumb Code    62  memp.o(.text)
    memp_free                                0x080091d9   Thumb Code    40  memp.o(.text)
    netif_init                               0x080092c1   Thumb Code     2  netif.o(.text)
    netif_set_gw                             0x080092c3   Thumb Code     8  netif.o(.text)
    netif_set_netmask                        0x080092cb   Thumb Code     8  netif.o(.text)
    netif_set_ipaddr                         0x080092d3   Thumb Code    96  netif.o(.text)
    netif_set_addr                           0x08009333   Thumb Code    30  netif.o(.text)
    netif_add                                0x08009351   Thumb Code    96  netif.o(.text)
    netif_set_default                        0x080093b1   Thumb Code     6  netif.o(.text)
    netif_set_down                           0x080093b7   Thumb Code    26  netif.o(.text)
    netif_remove                             0x080093d1   Thumb Code    68  netif.o(.text)
    netif_find                               0x08009415   Thumb Code    58  netif.o(.text)
    netif_set_up                             0x0800944f   Thumb Code    32  netif.o(.text)
    netif_set_link_up                        0x0800946f   Thumb Code    56  netif.o(.text)
    netif_set_link_down                      0x080094a7   Thumb Code    18  netif.o(.text)
    pbuf_free                                0x0800952d   Thumb Code   170  pbuf.o(.text)
    pbuf_alloc                               0x080095d7   Thumb Code   460  pbuf.o(.text)
    pbuf_alloced_custom                      0x080097a3   Thumb Code   100  pbuf.o(.text)
    pbuf_realloc                             0x08009807   Thumb Code   186  pbuf.o(.text)
    pbuf_header                              0x080098c1   Thumb Code   806  pbuf.o(.text)
    pbuf_clen                                0x08009be7   Thumb Code    18  pbuf.o(.text)
    pbuf_ref                                 0x08009bf9   Thumb Code    12  pbuf.o(.text)
    pbuf_cat                                 0x08009c05   Thumb Code   108  pbuf.o(.text)
    pbuf_chain                               0x08009c71   Thumb Code    16  pbuf.o(.text)
    pbuf_dechain                             0x08009c81   Thumb Code   102  pbuf.o(.text)
    pbuf_copy                                0x08009ce7   Thumb Code   258  pbuf.o(.text)
    pbuf_copy_partial                        0x08009de9   Thumb Code   130  pbuf.o(.text)
    pbuf_take                                0x08009e6b   Thumb Code   146  pbuf.o(.text)
    pbuf_coalesce                            0x08009efd   Thumb Code    66  pbuf.o(.text)
    pbuf_get_at                              0x08009f3f   Thumb Code    24  pbuf.o(.text)
    pbuf_memcmp                              0x08009f57   Thumb Code   646  pbuf.o(.text)
    pbuf_memfind                             0x0800a1dd   Thumb Code    56  pbuf.o(.text)
    pbuf_strstr                              0x0800a215   Thumb Code    50  pbuf.o(.text)
    raw_input                                0x0800a249   Thumb Code   104  raw.o(.text)
    raw_bind                                 0x0800a2b1   Thumb Code    10  raw.o(.text)
    raw_connect                              0x0800a2bb   Thumb Code    10  raw.o(.text)
    raw_recv                                 0x0800a2c5   Thumb Code     6  raw.o(.text)
    raw_sendto                               0x0800a2cb   Thumb Code   160  raw.o(.text)
    raw_send                                 0x0800a36b   Thumb Code     4  raw.o(.text)
    raw_remove                               0x0800a36f   Thumb Code    40  raw.o(.text)
    raw_new                                  0x0800a397   Thumb Code    38  raw.o(.text)
    tcp_init                                 0x0800a441   Thumb Code     2  tcp.o(.text)
    tcp_seg_free                             0x0800a443   Thumb Code    28  tcp.o(.text)
    tcp_segs_free                            0x0800a45f   Thumb Code    18  tcp.o(.text)
    tcp_pcb_purge                            0x0800a471   Thumb Code    58  tcp.o(.text)
    tcp_slowtmr                              0x0800a4ab   Thumb Code   754  tcp.o(.text)
    tcp_pcb_remove                           0x0800a79d   Thumb Code   126  tcp.o(.text)
    tcp_close                                0x0800ab49   Thumb Code    18  tcp.o(.text)
    tcp_update_rcv_ann_wnd                   0x0800ab5b   Thumb Code    80  tcp.o(.text)
    tcp_recved                               0x0800abab   Thumb Code   112  tcp.o(.text)
    tcp_recv_null                            0x0800ac1b   Thumb Code    34  tcp.o(.text)
    tcp_process_refused_data                 0x0800ac3d   Thumb Code   100  tcp.o(.text)
    tcp_fasttmr                              0x0800aca1   Thumb Code    88  tcp.o(.text)
    tcp_tmr                                  0x0800acf9   Thumb Code    30  tcp.o(.text)
    tcp_shutdown                             0x0800ad17   Thumb Code    76  tcp.o(.text)
    tcp_abandon                              0x0800ad63   Thumb Code   162  tcp.o(.text)
    tcp_abort                                0x0800ae05   Thumb Code     4  tcp.o(.text)
    tcp_bind                                 0x0800af1d   Thumb Code   136  tcp.o(.text)
    tcp_listen_with_backlog                  0x0800afab   Thumb Code   146  tcp.o(.text)
    tcp_eff_send_mss                         0x0800b03d   Thumb Code    32  tcp.o(.text)
    tcp_next_iss                             0x0800b05d   Thumb Code    12  tcp.o(.text)
    tcp_connect                              0x0800b069   Thumb Code   266  tcp.o(.text)
    tcp_setprio                              0x0800b173   Thumb Code     4  tcp.o(.text)
    tcp_alloc                                0x0800b177   Thumb Code   236  tcp.o(.text)
    tcp_new                                  0x0800b263   Thumb Code     4  tcp.o(.text)
    tcp_arg                                  0x0800b267   Thumb Code     4  tcp.o(.text)
    tcp_recv                                 0x0800b26b   Thumb Code    34  tcp.o(.text)
    tcp_sent                                 0x0800b28d   Thumb Code    34  tcp.o(.text)
    tcp_err                                  0x0800b2af   Thumb Code    36  tcp.o(.text)
    tcp_accept                               0x0800b2d3   Thumb Code     4  tcp.o(.text)
    tcp_poll                                 0x0800b2d7   Thumb Code    42  tcp.o(.text)
    tcp_debug_state_str                      0x0800b301   Thumb Code    10  tcp.o(.text)
    tcp_input                                0x0800c001   Thumb Code  1212  tcp_in.o(.text)
    tcp_enqueue_flags                        0x0800c667   Thumb Code   286  tcp_out.o(.text)
    tcp_send_fin                             0x0800c785   Thumb Code    68  tcp_out.o(.text)
    tcp_write                                0x0800c89d   Thumb Code  1410  tcp_out.o(.text)
    tcp_send_empty_ack                       0x0800ce1f   Thumb Code    72  tcp_out.o(.text)
    tcp_output                               0x0800d077   Thumb Code   440  tcp_out.o(.text)
    tcp_rst                                  0x0800d22f   Thumb Code   144  tcp_out.o(.text)
    tcp_rexmit_rto                           0x0800d2bf   Thumb Code    44  tcp_out.o(.text)
    tcp_rexmit                               0x0800d2eb   Thumb Code    82  tcp_out.o(.text)
    tcp_rexmit_fast                          0x0800d33d   Thumb Code    88  tcp_out.o(.text)
    tcp_keepalive                            0x0800d395   Thumb Code    60  tcp_out.o(.text)
    tcp_zero_window_probe                    0x0800d3d1   Thumb Code   220  tcp_out.o(.text)
    sys_timeout                              0x0800d4ad   Thumb Code   104  timers.o(.text)
    tcp_timer_needed                         0x0800d53b   Thumb Code    34  timers.o(.text)
    sys_timeouts_init                        0x0800d5ad   Thumb Code    60  timers.o(.text)
    sys_untimeout                            0x0800d5e9   Thumb Code    68  timers.o(.text)
    sys_check_timeouts                       0x0800d62d   Thumb Code    74  timers.o(.text)
    sys_restart_timeouts                     0x0800d677   Thumb Code    12  timers.o(.text)
    udp_init                                 0x0800d739   Thumb Code     2  udp.o(.text)
    udp_input                                0x0800d73b   Thumb Code   388  udp.o(.text)
    udp_bind                                 0x0800d8bf   Thumb Code   192  udp.o(.text)
    udp_sendto_if                            0x0800d97f   Thumb Code   202  udp.o(.text)
    udp_sendto                               0x0800da49   Thumb Code    40  udp.o(.text)
    udp_send                                 0x0800da71   Thumb Code     6  udp.o(.text)
    udp_connect                              0x0800da77   Thumb Code    70  udp.o(.text)
    udp_disconnect                           0x0800dabd   Thumb Code    16  udp.o(.text)
    udp_recv                                 0x0800dacd   Thumb Code     6  udp.o(.text)
    udp_remove                               0x0800dad3   Thumb Code    40  udp.o(.text)
    udp_new                                  0x0800dafb   Thumb Code    26  udp.o(.text)
    mem_init                                 0x0800dc6f   Thumb Code    44  mem.o(.text)
    mem_free                                 0x0800dc9b   Thumb Code   108  mem.o(.text)
    mem_trim                                 0x0800dd07   Thumb Code   240  mem.o(.text)
    mem_malloc                               0x0800ddf7   Thumb Code   252  mem.o(.text)
    mem_calloc                               0x0800def3   Thumb Code    26  mem.o(.text)
    sys_now                                  0x0800e105   Thumb Code     6  sys_arch.o(.text)
    mymemcpy                                 0x0800e111   Thumb Code    16  malloc.o(.text)
    mymemset                                 0x0800e121   Thumb Code    12  malloc.o(.text)
    mymem_init                               0x0800e12d   Thumb Code    52  malloc.o(.text)
    mem_perused                              0x0800e161   Thumb Code    48  malloc.o(.text)
    mymem_malloc                             0x0800e191   Thumb Code   136  malloc.o(.text)
    mymem_free                               0x0800e219   Thumb Code    82  malloc.o(.text)
    myfree                                   0x0800e26b   Thumb Code    18  malloc.o(.text)
    mymalloc                                 0x0800e27d   Thumb Code    28  malloc.o(.text)
    myrealloc                                0x0800e299   Thumb Code    54  malloc.o(.text)
    __use_no_semihosting                     0x0800e2d9   Thumb Code     2  use_no_semi_2.o(.text)
    __2printf                                0x0800e2dd   Thumb Code    20  noretval__2printf.o(.text)
    __2sprintf                               0x0800e2f5   Thumb Code    34  noretval__2sprintf.o(.text)
    _printf_pre_padding                      0x0800e31d   Thumb Code    44  _printf_pad.o(.text)
    _printf_post_padding                     0x0800e349   Thumb Code    34  _printf_pad.o(.text)
    _printf_str                              0x0800e36b   Thumb Code    82  _printf_str.o(.text)
    _printf_int_dec                          0x0800e3bd   Thumb Code   104  _printf_dec.o(.text)
    _printf_int_hex                          0x0800e435   Thumb Code    84  _printf_hex_int.o(.text)
    _printf_longlong_hex                     0x0800e435   Thumb Code     0  _printf_hex_int.o(.text)
    __printf                                 0x0800e48d   Thumb Code   388  __printf_flags_ss_wp.o(.text)
    memcmp                                   0x0800e615   Thumb Code    88  memcmp.o(.text)
    strlen                                   0x0800e66d   Thumb Code    62  strlen.o(.text)
    __aeabi_memcpy                           0x0800e6ab   Thumb Code     0  rt_memcpy_v6.o(.text)
    __rt_memcpy                              0x0800e6ab   Thumb Code   138  rt_memcpy_v6.o(.text)
    _memcpy_lastbytes                        0x0800e711   Thumb Code     0  rt_memcpy_v6.o(.text)
    __aeabi_memclr                           0x0800e735   Thumb Code     0  rt_memclr.o(.text)
    __rt_memclr                              0x0800e735   Thumb Code    68  rt_memclr.o(.text)
    _memset                                  0x0800e739   Thumb Code     0  rt_memclr.o(.text)
    __aeabi_memclr4                          0x0800e779   Thumb Code     0  rt_memclr_w.o(.text)
    __aeabi_memclr8                          0x0800e779   Thumb Code     0  rt_memclr_w.o(.text)
    __rt_memclr_w                            0x0800e779   Thumb Code    78  rt_memclr_w.o(.text)
    _memset_w                                0x0800e77d   Thumb Code     0  rt_memclr_w.o(.text)
    __use_two_region_memory                  0x0800e7c7   Thumb Code     2  heapauxi.o(.text)
    __rt_heap_escrow$2region                 0x0800e7c9   Thumb Code     2  heapauxi.o(.text)
    __rt_heap_expand$2region                 0x0800e7cb   Thumb Code     2  heapauxi.o(.text)
    __I$use$semihosting                      0x0800e7cd   Thumb Code     0  use_no_semi.o(.text)
    __use_no_semihosting_swi                 0x0800e7cd   Thumb Code     2  use_no_semi.o(.text)
    _printf_int_common                       0x0800e7cf   Thumb Code   178  _printf_intcommon.o(.text)
    _printf_char_common                      0x0800e88b   Thumb Code    32  _printf_char_common.o(.text)
    _sputc                                   0x0800e8b1   Thumb Code    10  _sputc.o(.text)
    _printf_cs_common                        0x0800e8bb   Thumb Code    20  _printf_char.o(.text)
    _printf_char                             0x0800e8cf   Thumb Code    16  _printf_char.o(.text)
    _printf_string                           0x0800e8df   Thumb Code     8  _printf_char.o(.text)
    _printf_char_file                        0x0800e8e9   Thumb Code    32  _printf_char_file.o(.text)
    __aeabi_memcpy4                          0x0800e90d   Thumb Code     0  rt_memcpy_w.o(.text)
    __aeabi_memcpy8                          0x0800e90d   Thumb Code     0  rt_memcpy_w.o(.text)
    __rt_memcpy_w                            0x0800e90d   Thumb Code   100  rt_memcpy_w.o(.text)
    _memcpy_lastbytes_aligned                0x0800e955   Thumb Code     0  rt_memcpy_w.o(.text)
    ferror                                   0x0800e971   Thumb Code     8  ferror.o(.text)
    __user_setup_stackheap                   0x0800e979   Thumb Code    74  sys_stackheap_outer.o(.text)
    exit                                     0x0800e9c3   Thumb Code    18  exit.o(.text)
    __user_libspace                          0x0800e9d5   Thumb Code     8  libspace.o(.text)
    __user_perproc_libspace                  0x0800e9d5   Thumb Code     0  libspace.o(.text)
    __user_perthread_libspace                0x0800e9d5   Thumb Code     0  libspace.o(.text)
    _is_digit                                0x0800e9dd   Thumb Code    14  __printf_wp.o(i._is_digit)
    _fp_init                                 0x0800e9eb   Thumb Code    10  fpinit.o(x$fpl$fpinit)
    __fplib_config_fpu_vfp                   0x0800e9f3   Thumb Code     0  fpinit.o(x$fpl$fpinit)
    __fplib_config_pureend_doubles           0x0800e9f3   Thumb Code     0  fpinit.o(x$fpl$fpinit)
    FSMC_DefaultTimingStruct                 0x0800e9f4   Data          28  stm32f4xx_fsmc.o(.constdata)
    ethbroadcast                             0x0800ea10   Data           6  etharp.o(.constdata)
    ethzero                                  0x0800ea16   Data           6  etharp.o(.constdata)
    ip_addr_any                              0x0800ea1c   Data           4  ip_addr.o(.constdata)
    ip_addr_broadcast                        0x0800ea20   Data           4  ip_addr.o(.constdata)
    tcp_persist_backoff                      0x0800ea4c   Data           7  tcp.o(.constdata)
    tcp_state_str                            0x0800ea54   Data          44  tcp.o(.constdata)
    tcp_backoff                              0x0800ea80   Data          13  tcp.o(.constdata)
    tcp_pcb_lists                            0x0800ea90   Data          16  tcp.o(.constdata)
    memtblsize                               0x0800eaa0   Data          12  malloc.o(.constdata)
    memblksize                               0x0800eaac   Data          12  malloc.o(.constdata)
    memsize                                  0x0800eab8   Data          12  malloc.o(.constdata)
    Region$$Table$$Base                      0x0800ed5c   Number         0  anon$$obj.o(Region$$Table)
    Region$$Table$$Limit                     0x0800ed7c   Number         0  anon$$obj.o(Region$$Table)
    mem3base                                 0x10000000   Data       61440  malloc.o(.ARM.__AT_0x10000000)
    mem3mapbase                              0x1000f000   Data        3840  malloc.o(.ARM.__AT_0x1000F000)
    SystemCoreClock                          0x20000000   Data           4  system_stm32f4xx.o(.data)
    AHBPrescTable                            0x20000004   Data          16  system_stm32f4xx.o(.data)
    DMARxDscrTab                             0x20000014   Data           4  lan8720.o(.data)
    DMATxDscrTab                             0x20000018   Data           4  lan8720.o(.data)
    Rx_Buff                                  0x2000001c   Data           4  lan8720.o(.data)
    Tx_Buff                                  0x20000020   Data           4  lan8720.o(.data)
    NVIC_InitStructure                       0x20000024   Data           4  rtc.o(.data)
    DMATxDescToSet                           0x2000003c   Data           4  stm32f4x7_eth.o(.data)
    DMARxDescToGet                           0x20000040   Data           4  stm32f4x7_eth.o(.data)
    DMA_RX_FRAME_infos                       0x20000044   Data           4  stm32f4x7_eth.o(.data)
    USART_RX_STA                             0x2000004c   Data           2  usart.o(.data)
    __stdout                                 0x20000050   Data           4  usart.o(.data)
    sys_cmd_tab                              0x20000054   Data          28  usmart.o(.data)
    usmart_nametab                           0x20000070   Data          32  usmart_config.o(.data)
    usmart_dev                               0x20000090   Data         244  usmart_config.o(.data)
    TCPTimer                                 0x20000184   Data           4  lwip_comm.o(.data)
    ARPTimer                                 0x20000188   Data           4  lwip_comm.o(.data)
    DHCPfineTimer                            0x2000018c   Data           4  lwip_comm.o(.data)
    DHCPcoarseTimer                          0x20000190   Data           4  lwip_comm.o(.data)
    lwip_localtime                           0x20000194   Data           4  lwip_comm.o(.data)
    udp_demo_flag                            0x20000198   Data           1  udp_demo.o(.data)
    tcp_demo_sendbuf                         0x2000019c   Data           4  udp_demo.o(.data)
    current_netif                            0x200001a8   Data           4  ip.o(.data)
    current_header                           0x200001ac   Data           4  ip.o(.data)
    current_iphdr_src                        0x200001b0   Data           4  ip.o(.data)
    current_iphdr_dest                       0x200001b4   Data           4  ip.o(.data)
    memp_memory                              0x200001c4   Data           4  memp.o(.data)
    netif_list                               0x200001cc   Data           4  netif.o(.data)
    netif_default                            0x200001d0   Data           4  netif.o(.data)
    tcp_active_pcbs_changed                  0x200001d8   Data           1  tcp.o(.data)
    tcp_ticks                                0x200001e4   Data           4  tcp.o(.data)
    tcp_bound_pcbs                           0x200001e8   Data           4  tcp.o(.data)
    tcp_listen_pcbs                          0x200001ec   Data           4  tcp.o(.data)
    tcp_active_pcbs                          0x200001f0   Data           4  tcp.o(.data)
    tcp_tw_pcbs                              0x200001f4   Data           4  tcp.o(.data)
    tcp_tmp_pcb                              0x200001f8   Data           4  tcp.o(.data)
    tcp_input_pcb                            0x20000214   Data           4  tcp_in.o(.data)
    udp_pcbs                                 0x20000228   Data           4  udp.o(.data)
    ram_heap                                 0x2000022c   Data           4  mem.o(.data)
    mallco_dev                               0x2000023c   Data          36  malloc.o(.data)
    RX_Frame_Descriptor                      0x20000260   Data          12  stm32f4x7_eth.o(.bss)
    USART_RX_BUF                             0x2000026c   Data         200  usart.o(.bss)
    lwipdev                                  0x20000334   Data          23  lwip_comm.o(.bss)
    lwip_netif                               0x2000034c   Data          52  lwip_comm.o(.bss)
    udp_demo_recvbuf                         0x20000380   Data         200  udp_demo.o(.bss)
    dhcp_rx_options_val                      0x20000520   Data          40  dhcp.o(.bss)
    dhcp_rx_options_given                    0x20000548   Data          10  dhcp.o(.bss)
    mem1base                                 0x2000058c   Data       102400  malloc.o(.bss)
    mem1mapbase                              0x2001958c   Data        6400  malloc.o(.bss)
    __libspace_start                         0x2001ae8c   Data          96  libspace.o(.bss)
    __temporary_stack_top$libspace           0x2001aeec   Data           0  libspace.o(.bss)
    mem2base                                 0x68000000   Data       204800  malloc.o(.ARM.__AT_0x68000000)
    mem2mapbase                              0x68032000   Data       12800  malloc.o(.ARM.__AT_0x68032000)



==============================================================================

Memory Map of the image

  Image Entry point : 0x08000189

  Load Region LR_IROM1 (Base: 0x08000000, Size: 0x0000efdc, Max: 0x00100000, ABSOLUTE, COMPRESSED[0x0000ee08])

    Execution Region ER_IROM1 (Base: 0x08000000, Size: 0x0000ed7c, Max: 0x00100000, ABSOLUTE)

    Base Addr    Size         Type   Attr      Idx    E Section Name        Object

    0x08000000   0x00000188   Data   RO          501    RESET               startup_stm32f40_41xxx.o
    0x08000188   0x00000008   Code   RO         1747  * !!!main             c_w.l(__main.o)
    0x08000190   0x00000034   Code   RO         1923    !!!scatter          c_w.l(__scatter.o)
    0x080001c4   0x0000005a   Code   RO         1921    !!dczerorl2         c_w.l(__dczerorl2.o)
    0x0800021e   0x00000002   PAD
    0x08000220   0x0000001c   Code   RO         1925    !!handler_zi        c_w.l(__scatter_zi.o)
    0x0800023c   0x00000000   Code   RO         1732    .ARM.Collect$$_printf_percent$$00000000  c_w.l(_printf_percent.o)
    0x0800023c   0x00000006   Code   RO         1730    .ARM.Collect$$_printf_percent$$00000009  c_w.l(_printf_d.o)
    0x08000242   0x00000006   Code   RO         1731    .ARM.Collect$$_printf_percent$$0000000A  c_w.l(_printf_u.o)
    0x08000248   0x00000006   Code   RO         1729    .ARM.Collect$$_printf_percent$$0000000C  c_w.l(_printf_x.o)
    0x0800024e   0x00000006   Code   RO         1727    .ARM.Collect$$_printf_percent$$00000013  c_w.l(_printf_c.o)
    0x08000254   0x00000006   Code   RO         1728    .ARM.Collect$$_printf_percent$$00000014  c_w.l(_printf_s.o)
    0x0800025a   0x00000004   Code   RO         1762    .ARM.Collect$$_printf_percent$$00000017  c_w.l(_printf_percent_end.o)
    0x0800025e   0x00000002   Code   RO         1795    .ARM.Collect$$libinit$$00000000  c_w.l(libinit.o)
    0x08000260   0x00000004   Code   RO         1801    .ARM.Collect$$libinit$$00000001  c_w.l(libinit2.o)
    0x08000264   0x00000000   Code   RO         1804    .ARM.Collect$$libinit$$00000004  c_w.l(libinit2.o)
    0x08000264   0x00000000   Code   RO         1807    .ARM.Collect$$libinit$$0000000A  c_w.l(libinit2.o)
    0x08000264   0x00000000   Code   RO         1809    .ARM.Collect$$libinit$$0000000C  c_w.l(libinit2.o)
    0x08000264   0x00000000   Code   RO         1811    .ARM.Collect$$libinit$$0000000E  c_w.l(libinit2.o)
    0x08000264   0x00000000   Code   RO         1814    .ARM.Collect$$libinit$$00000011  c_w.l(libinit2.o)
    0x08000264   0x00000000   Code   RO         1816    .ARM.Collect$$libinit$$00000013  c_w.l(libinit2.o)
    0x08000264   0x00000000   Code   RO         1818    .ARM.Collect$$libinit$$00000015  c_w.l(libinit2.o)
    0x08000264   0x00000000   Code   RO         1820    .ARM.Collect$$libinit$$00000017  c_w.l(libinit2.o)
    0x08000264   0x00000000   Code   RO         1822    .ARM.Collect$$libinit$$00000019  c_w.l(libinit2.o)
    0x08000264   0x00000000   Code   RO         1824    .ARM.Collect$$libinit$$0000001B  c_w.l(libinit2.o)
    0x08000264   0x00000000   Code   RO         1826    .ARM.Collect$$libinit$$0000001D  c_w.l(libinit2.o)
    0x08000264   0x00000000   Code   RO         1828    .ARM.Collect$$libinit$$0000001F  c_w.l(libinit2.o)
    0x08000264   0x00000000   Code   RO         1830    .ARM.Collect$$libinit$$00000021  c_w.l(libinit2.o)
    0x08000264   0x00000000   Code   RO         1832    .ARM.Collect$$libinit$$00000023  c_w.l(libinit2.o)
    0x08000264   0x00000000   Code   RO         1834    .ARM.Collect$$libinit$$00000025  c_w.l(libinit2.o)
    0x08000264   0x00000000   Code   RO         1838    .ARM.Collect$$libinit$$0000002C  c_w.l(libinit2.o)
    0x08000264   0x00000000   Code   RO         1840    .ARM.Collect$$libinit$$0000002E  c_w.l(libinit2.o)
    0x08000264   0x00000000   Code   RO         1842    .ARM.Collect$$libinit$$00000030  c_w.l(libinit2.o)
    0x08000264   0x00000000   Code   RO         1844    .ARM.Collect$$libinit$$00000032  c_w.l(libinit2.o)
    0x08000264   0x00000002   Code   RO         1845    .ARM.Collect$$libinit$$00000033  c_w.l(libinit2.o)
    0x08000266   0x00000002   Code   RO         1863    .ARM.Collect$$libshutdown$$00000000  c_w.l(libshutdown.o)
    0x08000268   0x00000000   Code   RO         1873    .ARM.Collect$$libshutdown$$00000002  c_w.l(libshutdown2.o)
    0x08000268   0x00000000   Code   RO         1875    .ARM.Collect$$libshutdown$$00000004  c_w.l(libshutdown2.o)
    0x08000268   0x00000000   Code   RO         1878    .ARM.Collect$$libshutdown$$00000007  c_w.l(libshutdown2.o)
    0x08000268   0x00000000   Code   RO         1881    .ARM.Collect$$libshutdown$$0000000A  c_w.l(libshutdown2.o)
    0x08000268   0x00000000   Code   RO         1883    .ARM.Collect$$libshutdown$$0000000C  c_w.l(libshutdown2.o)
    0x08000268   0x00000000   Code   RO         1886    .ARM.Collect$$libshutdown$$0000000F  c_w.l(libshutdown2.o)
    0x08000268   0x00000002   Code   RO         1887    .ARM.Collect$$libshutdown$$00000010  c_w.l(libshutdown2.o)
    0x0800026a   0x00000000   Code   RO         1751    .ARM.Collect$$rtentry$$00000000  c_w.l(__rtentry.o)
    0x0800026a   0x00000000   Code   RO         1766    .ARM.Collect$$rtentry$$00000002  c_w.l(__rtentry2.o)
    0x0800026a   0x00000006   Code   RO         1778    .ARM.Collect$$rtentry$$00000004  c_w.l(__rtentry4.o)
    0x08000270   0x00000000   Code   RO         1768    .ARM.Collect$$rtentry$$00000009  c_w.l(__rtentry2.o)
    0x08000270   0x00000004   Code   RO         1769    .ARM.Collect$$rtentry$$0000000A  c_w.l(__rtentry2.o)
    0x08000274   0x00000000   Code   RO         1771    .ARM.Collect$$rtentry$$0000000C  c_w.l(__rtentry2.o)
    0x08000274   0x00000008   Code   RO         1772    .ARM.Collect$$rtentry$$0000000D  c_w.l(__rtentry2.o)
    0x0800027c   0x00000002   Code   RO         1799    .ARM.Collect$$rtexit$$00000000  c_w.l(rtexit.o)
    0x0800027e   0x00000000   Code   RO         1847    .ARM.Collect$$rtexit$$00000002  c_w.l(rtexit2.o)
    0x0800027e   0x00000004   Code   RO         1848    .ARM.Collect$$rtexit$$00000003  c_w.l(rtexit2.o)
    0x08000282   0x00000006   Code   RO         1849    .ARM.Collect$$rtexit$$00000004  c_w.l(rtexit2.o)
    0x08000288   0x0000017c   Code   RO            3    .text               main.o
    0x08000404   0x00000012   Code   RO          249    .text               stm32f4xx_it.o
    0x08000416   0x00000002   PAD
    0x08000418   0x0000017c   Code   RO          298    .text               system_stm32f4xx.o
    0x08000594   0x00000040   Code   RO          324    .text               led.o
    0x080005d4   0x00000084   Code   RO          344    .text               timer.o
    0x08000658   0x000002ec   Code   RO          369    .text               lan8720.o
    0x08000944   0x000002e0   Code   RO          396    .text               sram.o
    0x08000c24   0x000000d4   Code   RO          416    .text               adc.o
    0x08000cf8   0x00000040   Code   RO          436    .text               beep.o
    0x08000d38   0x00000228   Code   RO          456    .text               rtc.o
    0x08000f60   0x000000d4   Code   RO          480    .text               key.o
    0x08001034   0x00000040   Code   RO          502    .text               startup_stm32f40_41xxx.o
    0x08001074   0x000000b0   Code   RO          508    .text               misc.o
    0x08001124   0x0000020c   Code   RO          528    .text               stm32f4xx_gpio.o
    0x08001330   0x00000480   Code   RO          548    .text               stm32f4xx_rcc.o
    0x080017b0   0x0000007c   Code   RO          570    .text               stm32f4xx_syscfg.o
    0x0800182c   0x000009dc   Code   RO          590    .text               stm32f4xx_tim.o
    0x08002208   0x00000358   Code   RO          611    .text               stm32f4xx_usart.o
    0x08002560   0x00000ab8   Code   RO          631    .text               stm32f4x7_eth.o
    0x08003018   0x00000354   Code   RO          660    .text               stm32f4xx_adc.o
    0x0800336c   0x00000448   Code   RO          680    .text               stm32f4xx_fsmc.o
    0x080037b4   0x00000a4c   Code   RO          703    .text               stm32f4xx_rtc.o
    0x08004200   0x000000e0   Code   RO          724    .text               stm32f4xx_exti.o
    0x080042e0   0x00000128   Code   RO          744    .text               stm32f4xx_pwr.o
    0x08004408   0x000000b8   Code   RO          764    .text               delay.o
    0x080044c0   0x0000011c   Code   RO          804    .text               usart.o
    0x080045dc   0x00000b14   Code   RO          836    .text               usmart.o
    0x080050f0   0x00000420   Code   RO          890    .text               usmart_str.o
    0x08005510   0x00000450   Code   RO          911    .text               lwip_comm.o
    0x08005960   0x000002fc   Code   RO          982    .text               udp_demo.o
    0x08005c5c   0x00000aa0   Code   RO         1073    .text               etharp.o
    0x080066fc   0x000001dc   Code   RO         1106    .text               ethernetif.o
    0x080068d8   0x00000330   Code   RO         1155    .text               icmp.o
    0x08006c08   0x0000024c   Code   RO         1200    .text               inet_chksum.o
    0x08006e54   0x0000035c   Code   RO         1215    .text               ip.o
    0x080071b0   0x00000254   Code   RO         1245    .text               ip_addr.o
    0x08007404   0x0000082c   Code   RO         1269    .text               ip_frag.o
    0x08007c30   0x00000010   Code   RO         1286    .text               def.o
    0x08007c40   0x000014e4   Code   RO         1299    .text               dhcp.o
    0x08009124   0x0000001e   Code   RO         1325    .text               init.o
    0x08009142   0x00000002   PAD
    0x08009144   0x0000017c   Code   RO         1352    .text               memp.o
    0x080092c0   0x0000026c   Code   RO         1378    .text               netif.o
    0x0800952c   0x00000d1a   Code   RO         1401    .text               pbuf.o
    0x0800a246   0x00000002   PAD
    0x0800a248   0x000001f8   Code   RO         1414    .text               raw.o
    0x0800a440   0x00000ff0   Code   RO         1434    .text               tcp.o
    0x0800b430   0x0000111c   Code   RO         1459    .text               tcp_in.o
    0x0800c54c   0x00000f60   Code   RO         1482    .text               tcp_out.o
    0x0800d4ac   0x0000028c   Code   RO         1495    .text               timers.o
    0x0800d738   0x0000049c   Code   RO         1509    .text               udp.o
    0x0800dbd4   0x00000530   Code   RO         1539    .text               mem.o
    0x0800e104   0x0000000c   Code   RO         1556    .text               sys_arch.o
    0x0800e110   0x000001c8   Code   RO         1634    .text               malloc.o
    0x0800e2d8   0x00000002   Code   RO         1668    .text               c_w.l(use_no_semi_2.o)
    0x0800e2da   0x00000002   PAD
    0x0800e2dc   0x00000018   Code   RO         1674    .text               c_w.l(noretval__2printf.o)
    0x0800e2f4   0x00000028   Code   RO         1676    .text               c_w.l(noretval__2sprintf.o)
    0x0800e31c   0x0000004e   Code   RO         1680    .text               c_w.l(_printf_pad.o)
    0x0800e36a   0x00000052   Code   RO         1682    .text               c_w.l(_printf_str.o)
    0x0800e3bc   0x00000078   Code   RO         1684    .text               c_w.l(_printf_dec.o)
    0x0800e434   0x00000058   Code   RO         1689    .text               c_w.l(_printf_hex_int.o)
    0x0800e48c   0x00000188   Code   RO         1724    .text               c_w.l(__printf_flags_ss_wp.o)
    0x0800e614   0x00000058   Code   RO         1733    .text               c_w.l(memcmp.o)
    0x0800e66c   0x0000003e   Code   RO         1735    .text               c_w.l(strlen.o)
    0x0800e6aa   0x0000008a   Code   RO         1737    .text               c_w.l(rt_memcpy_v6.o)
    0x0800e734   0x00000044   Code   RO         1739    .text               c_w.l(rt_memclr.o)
    0x0800e778   0x0000004e   Code   RO         1741    .text               c_w.l(rt_memclr_w.o)
    0x0800e7c6   0x00000006   Code   RO         1745    .text               c_w.l(heapauxi.o)
    0x0800e7cc   0x00000002   Code   RO         1749    .text               c_w.l(use_no_semi.o)
    0x0800e7ce   0x000000b2   Code   RO         1752    .text               c_w.l(_printf_intcommon.o)
    0x0800e880   0x00000030   Code   RO         1754    .text               c_w.l(_printf_char_common.o)
    0x0800e8b0   0x0000000a   Code   RO         1756    .text               c_w.l(_sputc.o)
    0x0800e8ba   0x0000002c   Code   RO         1758    .text               c_w.l(_printf_char.o)
    0x0800e8e6   0x00000002   PAD
    0x0800e8e8   0x00000024   Code   RO         1760    .text               c_w.l(_printf_char_file.o)
    0x0800e90c   0x00000064   Code   RO         1763    .text               c_w.l(rt_memcpy_w.o)
    0x0800e970   0x00000008   Code   RO         1782    .text               c_w.l(ferror.o)
    0x0800e978   0x0000004a   Code   RO         1786    .text               c_w.l(sys_stackheap_outer.o)
    0x0800e9c2   0x00000012   Code   RO         1788    .text               c_w.l(exit.o)
    0x0800e9d4   0x00000008   Code   RO         1796    .text               c_w.l(libspace.o)
    0x0800e9dc   0x0000000e   Code   RO         1717    i._is_digit         c_w.l(__printf_wp.o)
    0x0800e9ea   0x0000000a   Code   RO         1855    x$fpl$fpinit        fz_wm.l(fpinit.o)
    0x0800e9f4   0x0000001c   Data   RO          681    .constdata          stm32f4xx_fsmc.o
    0x0800ea10   0x0000000c   Data   RO         1075    .constdata          etharp.o
    0x0800ea1c   0x00000004   Data   RO         1247    .constdata          ip_addr.o
    0x0800ea20   0x00000004   Data   RO         1248    .constdata          ip_addr.o
    0x0800ea24   0x00000028   Data   RO         1354    .constdata          memp.o
    0x0800ea4c   0x00000054   Data   RO         1435    .constdata          tcp.o
    0x0800eaa0   0x00000024   Data   RO         1641    .constdata          malloc.o
    0x0800eac4   0x00000028   Data   RO         1690    .constdata          c_w.l(_printf_hex_int.o)
    0x0800eaec   0x00000011   Data   RO         1725    .constdata          c_w.l(__printf_flags_ss_wp.o)
    0x0800eafd   0x00000003   PAD
    0x0800eb00   0x00000028   Data   RO          837    .conststring        usmart.o
    0x0800eb28   0x0000006b   Data   RO          861    .conststring        usmart_config.o
    0x0800eb93   0x00000001   PAD
    0x0800eb94   0x00000028   Data   RO          984    .conststring        udp_demo.o
    0x0800ebbc   0x00000044   Data   RO         1076    .conststring        etharp.o
    0x0800ec00   0x0000008c   Data   RO         1301    .conststring        dhcp.o
    0x0800ec8c   0x00000075   Data   RO         1436    .conststring        tcp.o
    0x0800ed01   0x00000003   PAD
    0x0800ed04   0x00000055   Data   RO         1483    .conststring        tcp_out.o
    0x0800ed59   0x00000003   PAD
    0x0800ed5c   0x00000020   Data   RO         1919    Region$$Table       anon$$obj.o


    Execution Region RW_IRAM1 (Base: 0x20000000, Size: 0x0001b4f0, Max: 0x00020000, ABSOLUTE, COMPRESSED[0x0000008c])

    Base Addr    Size         Type   Attr      Idx    E Section Name        Object

    0x20000000   0x00000014   Data   RW          299    .data               system_stm32f4xx.o
    0x20000014   0x00000010   Data   RW          370    .data               lan8720.o
    0x20000024   0x00000004   Data   RW          457    .data               rtc.o
    0x20000028   0x00000001   Data   RW          481    .data               key.o
    0x20000029   0x00000010   Data   RW          549    .data               stm32f4xx_rcc.o
    0x20000039   0x00000003   PAD
    0x2000003c   0x0000000c   Data   RW          633    .data               stm32f4x7_eth.o
    0x20000048   0x00000004   Data   RW          765    .data               delay.o
    0x2000004c   0x00000002   Data   RW          806    .data               usart.o
    0x2000004e   0x00000002   PAD
    0x20000050   0x00000004   Data   RW          807    .data               usart.o
    0x20000054   0x0000001c   Data   RW          838    .data               usmart.o
    0x20000070   0x00000020   Data   RW          862    .data               usmart_config.o
    0x20000090   0x000000f4   Data   RW          863    .data               usmart_config.o
    0x20000184   0x00000014   Data   RW          913    .data               lwip_comm.o
    0x20000198   0x00000008   Data   RW          985    .data               udp_demo.o
    0x200001a0   0x00000001   Data   RW         1077    .data               etharp.o
    0x200001a1   0x00000003   PAD
    0x200001a4   0x00000014   Data   RW         1216    .data               ip.o
    0x200001b8   0x00000008   Data   RW         1270    .data               ip_frag.o
    0x200001c0   0x00000004   Data   RW         1302    .data               dhcp.o
    0x200001c4   0x00000004   Data   RW         1355    .data               memp.o
    0x200001c8   0x0000000c   Data   RW         1379    .data               netif.o
    0x200001d4   0x00000004   Data   RW         1415    .data               raw.o
    0x200001d8   0x00000024   Data   RW         1437    .data               tcp.o
    0x200001fc   0x0000001c   Data   RW         1461    .data               tcp_in.o
    0x20000218   0x0000000c   Data   RW         1496    .data               timers.o
    0x20000224   0x00000008   Data   RW         1510    .data               udp.o
    0x2000022c   0x00000010   Data   RW         1540    .data               mem.o
    0x2000023c   0x00000024   Data   RW         1642    .data               malloc.o
    0x20000260   0x0000000c   Zero   RW          632    .bss                stm32f4x7_eth.o
    0x2000026c   0x000000c8   Zero   RW          805    .bss                usart.o
    0x20000334   0x0000004c   Zero   RW          912    .bss                lwip_comm.o
    0x20000380   0x000000c8   Zero   RW          983    .bss                udp_demo.o
    0x20000448   0x000000c8   Zero   RW         1074    .bss                etharp.o
    0x20000510   0x00000010   Zero   RW         1246    .bss                ip_addr.o
    0x20000520   0x00000032   Zero   RW         1300    .bss                dhcp.o
    0x20000552   0x00000002   PAD
    0x20000554   0x00000028   Zero   RW         1353    .bss                memp.o
    0x2000057c   0x00000010   Zero   RW         1460    .bss                tcp_in.o
    0x2000058c   0x00019000   Zero   RW         1639    .bss                malloc.o
    0x2001958c   0x00001900   Zero   RW         1640    .bss                malloc.o
    0x2001ae8c   0x00000060   Zero   RW         1797    .bss                c_w.l(libspace.o)
    0x2001aeec   0x00000004   PAD
    0x2001aef0   0x00000200   Zero   RW          500    HEAP                startup_stm32f40_41xxx.o
    0x2001b0f0   0x00000400   Zero   RW          499    STACK               startup_stm32f40_41xxx.o



  Load Region LR$$.ARM.__AT_0x10000000 (Base: 0x10000000, Size: 0x00000000, Max: 0x0000f000, ABSOLUTE)

    Execution Region ER$$.ARM.__AT_0x10000000 (Base: 0x10000000, Size: 0x0000f000, Max: 0x0000f000, ABSOLUTE, UNINIT)

    Base Addr    Size         Type   Attr      Idx    E Section Name        Object

    0x10000000   0x0000f000   Zero   RW         1635    .ARM.__AT_0x10000000  malloc.o



  Load Region LR$$.ARM.__AT_0x1000F000 (Base: 0x1000f000, Size: 0x00000000, Max: 0x00000f00, ABSOLUTE)

    Execution Region ER$$.ARM.__AT_0x1000F000 (Base: 0x1000f000, Size: 0x00000f00, Max: 0x00000f00, ABSOLUTE, UNINIT)

    Base Addr    Size         Type   Attr      Idx    E Section Name        Object

    0x1000f000   0x00000f00   Zero   RW         1636    .ARM.__AT_0x1000F000  malloc.o



  Load Region LR$$.ARM.__AT_0x68000000 (Base: 0x68000000, Size: 0x00000000, Max: 0x00032000, ABSOLUTE)

    Execution Region ER$$.ARM.__AT_0x68000000 (Base: 0x68000000, Size: 0x00032000, Max: 0x00032000, ABSOLUTE, UNINIT)

    Base Addr    Size         Type   Attr      Idx    E Section Name        Object

    0x68000000   0x00032000   Zero   RW         1637    .ARM.__AT_0x68000000  malloc.o



  Load Region LR$$.ARM.__AT_0x68032000 (Base: 0x68032000, Size: 0x00000000, Max: 0x00003200, ABSOLUTE)

    Execution Region ER$$.ARM.__AT_0x68032000 (Base: 0x68032000, Size: 0x00003200, Max: 0x00003200, ABSOLUTE, UNINIT)

    Base Addr    Size         Type   Attr      Idx    E Section Name        Object

    0x68032000   0x00003200   Zero   RW         1638    .ARM.__AT_0x68032000  malloc.o


==============================================================================

Image component sizes


      Code (inc. data)   RO Data    RW Data    ZI Data      Debug   Object Name

       212         10          0          0          0       1187   adc.o
        64          6          0          0          0        564   beep.o
        16          0          0          0          0       1488   def.o
       184          4          0          4          0       1549   delay.o
      5348       1064        140          4         50      14162   dhcp.o
      2720        590         80          1        200      11005   etharp.o
       476        132          0          0          0       4938   ethernetif.o
       816        374          0          0          0       6689   icmp.o
         0          0          0          0          0       3844   inet.o
       588        104          0          0          0       3441   inet_chksum.o
        30          0          0          0          0        560   init.o
       860        158          0         20          0       7375   ip.o
       596        112          8          0         16       9599   ip_addr.o
      2092        464          0          8          0       8076   ip_frag.o
       212         22          0          1          0        944   key.o
       748         40          0         16          0       3773   lan8720.o
        64          6          0          0          0        555   led.o
      1104        444          0         20         76      19307   lwip_comm.o
       380        154          0          0          0     368403   main.o
       456         10         36         36     391680       5233   malloc.o
      1328        504          0         16          0       4074   mem.o
       380        192         40          4         40       3072   memp.o
       176         12          0          0          0       2157   misc.o
       620        116          0         12          0       6819   netif.o
      3354       1232          0          0          0       9887   pbuf.o
       504        132          0          4          0       3637   raw.o
       552         20          0          4          0       3298   rtc.o
       736         22          0          0          0       1980   sram.o
        64         26        392          0       1536        856   startup_stm32f40_41xxx.o
      2744         86          0         12         12      21068   stm32f4x7_eth.o
       852         20          0          0          0      11126   stm32f4xx_adc.o
       224         10          0          0          0       2611   stm32f4xx_exti.o
      1096         10         28          0          0       6346   stm32f4xx_fsmc.o
       524         44          0          0          0       4681   stm32f4xx_gpio.o
        18          0          0          0          0       1226   stm32f4xx_it.o
       296         12          0          0          0       3879   stm32f4xx_pwr.o
      1152         48          0         16          0      13584   stm32f4xx_rcc.o
      2636         48          0          0          0      16446   stm32f4xx_rtc.o
       124         16          0          0          0       1977   stm32f4xx_syscfg.o
      2524         52          0          0          0      24206   stm32f4xx_tim.o
       856         32          0          0          0       8496   stm32f4xx_usart.o
        12          6          0          0          0        494   sys_arch.o
       380         36          0         20          0       1939   system_stm32f4xx.o
      4080        994        201         36          0      22829   tcp.o
      4380        810          0         28         16      15255   tcp_in.o
      3936        862         85          0          0      11015   tcp_out.o
       132          8          0          0          0        864   timer.o
       652        182          0         12          0       3215   timers.o
      1180        192          0          8          0      14847   udp.o
       764        162         40          8        200       5487   udp_demo.o
       284         16          0          6        200       3414   usart.o
      2836       1292         40         28          0       4776   usmart.o
         0          0        107        276          0       1584   usmart_config.o
      1056         12          0          0          0       6263   usmart_str.o

    ----------------------------------------------------------------------
     57424      10900       1236        608     394028     716100   Object Totals
         0          0         32          0          0          0   (incl. Generated)
         6          0          7          8          2          0   (incl. Padding)

    ----------------------------------------------------------------------

      Code (inc. data)   RO Data    RW Data    ZI Data      Debug   Library Member Name

        90          0          0          0          0          0   __dczerorl2.o
         8          0          0          0          0         68   __main.o
       392          4         17          0          0         92   __printf_flags_ss_wp.o
        14          0          0          0          0         68   __printf_wp.o
         0          0          0          0          0          0   __rtentry.o
        12          0          0          0          0          0   __rtentry2.o
         6          0          0          0          0          0   __rtentry4.o
        52          8          0          0          0          0   __scatter.o
        28          0          0          0          0          0   __scatter_zi.o
         6          0          0          0          0          0   _printf_c.o
        44          0          0          0          0        108   _printf_char.o
        48          6          0          0          0         96   _printf_char_common.o
        36          4          0          0          0         80   _printf_char_file.o
         6          0          0          0          0          0   _printf_d.o
       120         16          0          0          0         92   _printf_dec.o
        88          4         40          0          0         88   _printf_hex_int.o
       178          0          0          0          0         88   _printf_intcommon.o
        78          0          0          0          0        108   _printf_pad.o
         0          0          0          0          0          0   _printf_percent.o
         4          0          0          0          0          0   _printf_percent_end.o
         6          0          0          0          0          0   _printf_s.o
        82          0          0          0          0         80   _printf_str.o
         6          0          0          0          0          0   _printf_u.o
         6          0          0          0          0          0   _printf_x.o
        10          0          0          0          0         68   _sputc.o
        18          0          0          0          0         80   exit.o
         8          0          0          0          0         68   ferror.o
         6          0          0          0          0        152   heapauxi.o
         2          0          0          0          0          0   libinit.o
         6          0          0          0          0          0   libinit2.o
         2          0          0          0          0          0   libshutdown.o
         2          0          0          0          0          0   libshutdown2.o
         8          4          0          0         96         68   libspace.o
        88          0          0          0          0         76   memcmp.o
        24          4          0          0          0         84   noretval__2printf.o
        40          6          0          0          0         84   noretval__2sprintf.o
        68          0          0          0          0         68   rt_memclr.o
        78          0          0          0          0         80   rt_memclr_w.o
       138          0          0          0          0         68   rt_memcpy_v6.o
       100          0          0          0          0         80   rt_memcpy_w.o
         2          0          0          0          0          0   rtexit.o
        10          0          0          0          0          0   rtexit2.o
        62          0          0          0          0         76   strlen.o
        74          0          0          0          0         80   sys_stackheap_outer.o
         2          0          0          0          0         68   use_no_semi.o
         2          0          0          0          0         68   use_no_semi_2.o
        10          0          0          0          0        116   fpinit.o

    ----------------------------------------------------------------------
      2076         56         60          0        100       2352   Library Totals
         6          0          3          0          4          0   (incl. Padding)

    ----------------------------------------------------------------------

      Code (inc. data)   RO Data    RW Data    ZI Data      Debug   Library Name

      2060         56         57          0         96       2236   c_w.l
        10          0          0          0          0        116   fz_wm.l

    ----------------------------------------------------------------------
      2076         56         60          0        100       2352   Library Totals

    ----------------------------------------------------------------------

==============================================================================


      Code (inc. data)   RO Data    RW Data    ZI Data      Debug   

     59500      10956       1296        608     394128     705156   Grand Totals
     59500      10956       1296        140     394128     705156   ELF Image Totals (compressed)
     59500      10956       1296        140          0          0   ROM Totals

==============================================================================

    Total RO  Size (Code + RO Data)                60796 (  59.37kB)
    Total RW  Size (RW Data + ZI Data)            394736 ( 385.48kB)
    Total ROM Size (Code + RO Data + RW Data)      60936 (  59.51kB)

==============================================================================

