Component: ARM Compiler 5.06 update 4 (build 422) Tool: armlink [4d35d2]

==============================================================================

Section Cross References

    main.o(.text) refers to _printf_percent.o(.ARM.Collect$$_printf_percent$$00000000) for _printf_percent
    main.o(.text) refers to _printf_d.o(.ARM.Collect$$_printf_percent$$00000009) for _printf_d
    main.o(.text) refers to _printf_dec.o(.text) for _printf_int_dec
    main.o(.text) refers to _printf_s.o(.ARM.Collect$$_printf_percent$$00000014) for _printf_s
    main.o(.text) refers to _printf_str.o(.text) for _printf_str
    main.o(.text) refers to noretval__2printf.o(.text) for __2printf
    main.o(.text) refers to noretval__2sprintf.o(.text) for __2sprintf
    main.o(.text) refers to lan8720.o(.text) for LAN8720_Get_Speed
    main.o(.text) refers to delay.o(.text) for delay_init
    main.o(.text) refers to misc.o(.text) for NVIC_PriorityGroupConfig
    main.o(.text) refers to usart.o(.text) for uart_init
    main.o(.text) refers to led.o(.text) for LED_Init
    main.o(.text) refers to sram.o(.text) for FSMC_SRAM_Init
    main.o(.text) refers to adc.o(.text) for Adc_Init
    main.o(.text) refers to timer.o(.text) for TIM3_Int_Init
    main.o(.text) refers to malloc.o(.text) for mymem_init
    main.o(.text) refers to lwip_comm.o(.text) for lwip_comm_init
    main.o(.text) refers to udp_demo.o(.text) for udp_demo_set_remoteip
    main.o(.text) refers to udp.o(.text) for udp_new
    main.o(.text) refers to lwip_comm.o(.bss) for lwipdev
    main.o(.text) refers to usmart_config.o(.data) for usmart_dev
    main.o(.text) refers to ip_addr.o(.constdata) for ip_addr_any
    system_stm32f4xx.o(.text) refers to system_stm32f4xx.o(.data) for .data
    led.o(.text) refers to stm32f4xx_rcc.o(.text) for RCC_AHB1PeriphClockCmd
    led.o(.text) refers to stm32f4xx_gpio.o(.text) for GPIO_Init
    timer.o(.text) refers to stm32f4xx_rcc.o(.text) for RCC_APB1PeriphClockCmd
    timer.o(.text) refers to stm32f4xx_tim.o(.text) for TIM_TimeBaseInit
    timer.o(.text) refers to misc.o(.text) for NVIC_Init
    timer.o(.text) refers to lwip_comm.o(.data) for lwip_localtime
    lan8720.o(.text) refers to stm32f4xx_rcc.o(.text) for RCC_AHB1PeriphClockCmd
    lan8720.o(.text) refers to stm32f4x7_eth.o(.text) for ETH_DeInit
    lan8720.o(.text) refers to stm32f4xx_syscfg.o(.text) for SYSCFG_ETH_MediaInterfaceConfig
    lan8720.o(.text) refers to stm32f4xx_gpio.o(.text) for GPIO_Init
    lan8720.o(.text) refers to delay.o(.text) for delay_ms
    lan8720.o(.text) refers to misc.o(.text) for NVIC_Init
    lan8720.o(.text) refers to lwip_comm.o(.text) for lwip_pkt_handle
    lan8720.o(.text) refers to malloc.o(.text) for myfree
    lan8720.o(.text) refers to stm32f4x7_eth.o(.data) for DMARxDescToGet
    lan8720.o(.text) refers to lan8720.o(.data) for .data
    sram.o(.text) refers to stm32f4xx_rcc.o(.text) for RCC_AHB1PeriphClockCmd
    sram.o(.text) refers to stm32f4xx_gpio.o(.text) for GPIO_Init
    sram.o(.text) refers to stm32f4xx_fsmc.o(.text) for FSMC_NORSRAMInit
    adc.o(.text) refers to stm32f4xx_rcc.o(.text) for RCC_APB2PeriphClockCmd
    adc.o(.text) refers to stm32f4xx_gpio.o(.text) for GPIO_Init
    adc.o(.text) refers to stm32f4xx_adc.o(.text) for ADC_CommonInit
    adc.o(.text) refers to delay.o(.text) for delay_ms
    startup_stm32f40_41xxx.o(STACK) refers (Special) to heapauxi.o(.text) for __use_two_region_memory
    startup_stm32f40_41xxx.o(HEAP) refers (Special) to heapauxi.o(.text) for __use_two_region_memory
    startup_stm32f40_41xxx.o(RESET) refers (Special) to heapauxi.o(.text) for __use_two_region_memory
    startup_stm32f40_41xxx.o(RESET) refers to startup_stm32f40_41xxx.o(STACK) for __initial_sp
    startup_stm32f40_41xxx.o(RESET) refers to startup_stm32f40_41xxx.o(.text) for Reset_Handler
    startup_stm32f40_41xxx.o(RESET) refers to stm32f4xx_it.o(.text) for NMI_Handler
    startup_stm32f40_41xxx.o(RESET) refers to timer.o(.text) for TIM3_IRQHandler
    startup_stm32f40_41xxx.o(RESET) refers to usmart.o(.text) for TIM4_IRQHandler
    startup_stm32f40_41xxx.o(RESET) refers to usart.o(.text) for USART1_IRQHandler
    startup_stm32f40_41xxx.o(RESET) refers to lan8720.o(.text) for ETH_IRQHandler
    startup_stm32f40_41xxx.o(.text) refers (Special) to heapauxi.o(.text) for __use_two_region_memory
    startup_stm32f40_41xxx.o(.text) refers to system_stm32f4xx.o(.text) for SystemInit
    startup_stm32f40_41xxx.o(.text) refers to __main.o(!!!main) for __main
    startup_stm32f40_41xxx.o(.text) refers to startup_stm32f40_41xxx.o(HEAP) for Heap_Mem
    startup_stm32f40_41xxx.o(.text) refers to startup_stm32f40_41xxx.o(STACK) for Stack_Mem
    stm32f4xx_gpio.o(.text) refers to stm32f4xx_rcc.o(.text) for RCC_AHB1PeriphResetCmd
    stm32f4xx_rcc.o(.text) refers to stm32f4xx_rcc.o(.data) for .data
[...]
    PVD_IRQHandler                           0x08000e97   Thumb Code     0  startup_stm32f40_41xxx.o(.text)
    RCC_IRQHandler                           0x08000e97   Thumb Code     0  startup_stm32f40_41xxx.o(.text)
    RTC_Alarm_IRQHandler                     0x08000e97   Thumb Code     0  startup_stm32f40_41xxx.o(.text)
    RTC_WKUP_IRQHandler                      0x08000e97   Thumb Code     0  startup_stm32f40_41xxx.o(.text)
    SDIO_IRQHandler                          0x08000e97   Thumb Code     0  startup_stm32f40_41xxx.o(.text)
    SPI1_IRQHandler                          0x08000e97   Thumb Code     0  startup_stm32f40_41xxx.o(.text)
    SPI2_IRQHandler                          0x08000e97   Thumb Code     0  startup_stm32f40_41xxx.o(.text)
    SPI3_IRQHandler                          0x08000e97   Thumb Code     0  startup_stm32f40_41xxx.o(.text)
    TAMP_STAMP_IRQHandler                    0x08000e97   Thumb Code     0  startup_stm32f40_41xxx.o(.text)
    TIM1_BRK_TIM9_IRQHandler                 0x08000e97   Thumb Code     0  startup_stm32f40_41xxx.o(.text)
    TIM1_CC_IRQHandler                       0x08000e97   Thumb Code     0  startup_stm32f40_41xxx.o(.text)
    TIM1_TRG_COM_TIM11_IRQHandler            0x08000e97   Thumb Code     0  startup_stm32f40_41xxx.o(.text)
    TIM1_UP_TIM10_IRQHandler                 0x08000e97   Thumb Code     0  startup_stm32f40_41xxx.o(.text)
    TIM2_IRQHandler                          0x08000e97   Thumb Code     0  startup_stm32f40_41xxx.o(.text)
    TIM5_IRQHandler                          0x08000e97   Thumb Code     0  startup_stm32f40_41xxx.o(.text)
    TIM6_DAC_IRQHandler                      0x08000e97   Thumb Code     0  startup_stm32f40_41xxx.o(.text)
    TIM7_IRQHandler                          0x08000e97   Thumb Code     0  startup_stm32f40_41xxx.o(.text)
    TIM8_BRK_TIM12_IRQHandler                0x08000e97   Thumb Code     0  startup_stm32f40_41xxx.o(.text)
    TIM8_CC_IRQHandler                       0x08000e97   Thumb Code     0  startup_stm32f40_41xxx.o(.text)
    TIM8_TRG_COM_TIM14_IRQHandler            0x08000e97   Thumb Code     0  startup_stm32f40_41xxx.o(.text)
    TIM8_UP_TIM13_IRQHandler                 0x08000e97   Thumb Code     0  startup_stm32f40_41xxx.o(.text)
    UART4_IRQHandler                         0x08000e97   Thumb Code     0  startup_stm32f40_41xxx.o(.text)
    UART5_IRQHandler                         0x08000e97   Thumb Code     0  startup_stm32f40_41xxx.o(.text)
    USART2_IRQHandler                        0x08000e97   Thumb Code     0  startup_stm32f40_41xxx.o(.text)
    USART3_IRQHandler                        0x08000e97   Thumb Code     0  startup_stm32f40_41xxx.o(.text)
    USART6_IRQHandler                        0x08000e97   Thumb Code     0  startup_stm32f40_41xxx.o(.text)
    WWDG_IRQHandler                          0x08000e97   Thumb Code     0  startup_stm32f40_41xxx.o(.text)
    __user_initial_stackheap                 0x08000e99   Thumb Code     0  startup_stm32f40_41xxx.o(.text)
    NVIC_PriorityGroupConfig                 0x08000ebd   Thumb Code    10  misc.o(.text)
    NVIC_Init                                0x08000ec7   Thumb Code    96  misc.o(.text)
    NVIC_SetVectorTable                      0x08000f27   Thumb Code    14  misc.o(.text)
    NVIC_SystemLPConfig                      0x08000f35   Thumb Code    20  misc.o(.text)
    SysTick_CLKSourceConfig                  0x08000f49   Thumb Code    24  misc.o(.text)
    GPIO_DeInit                              0x08000f6d   Thumb Code   216  stm32f4xx_gpio.o(.text)
    GPIO_Init                                0x08001045   Thumb Code   120  stm32f4xx_gpio.o(.text)
    GPIO_StructInit                          0x080010bd   Thumb Code    18  stm32f4xx_gpio.o(.text)
    GPIO_PinLockConfig                       0x080010cf   Thumb Code    24  stm32f4xx_gpio.o(.text)
    GPIO_ReadInputDataBit                    0x080010e7   Thumb Code    14  stm32f4xx_gpio.o(.text)
    GPIO_ReadInputData                       0x080010f5   Thumb Code     6  stm32f4xx_gpio.o(.text)
    GPIO_ReadOutputDataBit                   0x080010fb   Thumb Code    14  stm32f4xx_gpio.o(.text)
    GPIO_ReadOutputData                      0x08001109   Thumb Code     6  stm32f4xx_gpio.o(.text)
    GPIO_SetBits                             0x0800110f   Thumb Code     4  stm32f4xx_gpio.o(.text)
    GPIO_ResetBits                           0x08001113   Thumb Code     4  stm32f4xx_gpio.o(.text)
    GPIO_WriteBit                            0x08001117   Thumb Code    10  stm32f4xx_gpio.o(.text)
    GPIO_Write                               0x08001121   Thumb Code     4  stm32f4xx_gpio.o(.text)
    GPIO_ToggleBits                          0x08001125   Thumb Code     8  stm32f4xx_gpio.o(.text)
    GPIO_PinAFConfig                         0x0800112d   Thumb Code    32  stm32f4xx_gpio.o(.text)
    RCC_DeInit                               0x08001179   Thumb Code    68  stm32f4xx_rcc.o(.text)
    RCC_HSEConfig                            0x080011bd   Thumb Code    12  stm32f4xx_rcc.o(.text)
    RCC_GetFlagStatus                        0x080011c9   Thumb Code    46  stm32f4xx_rcc.o(.text)
    RCC_WaitForHSEStartUp                    0x080011f7   Thumb Code    44  stm32f4xx_rcc.o(.text)
    RCC_AdjustHSICalibrationValue            0x08001223   Thumb Code    16  stm32f4xx_rcc.o(.text)
    RCC_HSICmd                               0x08001233   Thumb Code     6  stm32f4xx_rcc.o(.text)
    RCC_LSEConfig                            0x08001239   Thumb Code    24  stm32f4xx_rcc.o(.text)
    RCC_LSICmd                               0x08001251   Thumb Code     6  stm32f4xx_rcc.o(.text)
    RCC_PLLConfig                            0x08001257   Thumb Code    32  stm32f4xx_rcc.o(.text)
    RCC_PLLCmd                               0x08001277   Thumb Code     6  stm32f4xx_rcc.o(.text)
    RCC_PLLI2SConfig                         0x0800127d   Thumb Code    14  stm32f4xx_rcc.o(.text)
    RCC_PLLI2SCmd                            0x0800128b   Thumb Code     6  stm32f4xx_rcc.o(.text)
    RCC_PLLSAIConfig                         0x08001291   Thumb Code    18  stm32f4xx_rcc.o(.text)
    RCC_PLLSAICmd                            0x080012a3   Thumb Code     6  stm32f4xx_rcc.o(.text)
    RCC_ClockSecuritySystemCmd               0x080012a9   Thumb Code     6  stm32f4xx_rcc.o(.text)
    RCC_MCO1Config                           0x080012af   Thumb Code    18  stm32f4xx_rcc.o(.text)
    RCC_MCO2Config                           0x080012c1   Thumb Code    18  stm32f4xx_rcc.o(.text)
    RCC_SYSCLKConfig                         0x080012d3   Thumb Code    16  stm32f4xx_rcc.o(.text)
    RCC_GetSYSCLKSource                      0x080012e3   Thumb Code    12  stm32f4xx_rcc.o(.text)
    RCC_HCLKConfig                           0x080012ef   Thumb Code    16  stm32f4xx_rcc.o(.text)
    RCC_PCLK1Config                          0x080012ff   Thumb Code    16  stm32f4xx_rcc.o(.text)
    RCC_PCLK2Config                          0x0800130f   Thumb Code    18  stm32f4xx_rcc.o(.text)
    RCC_GetClocksFreq                        0x08001321   Thumb Code   134  stm32f4xx_rcc.o(.text)
    RCC_RTCCLKConfig                         0x080013a7   Thumb Code    42  stm32f4xx_rcc.o(.text)
    RCC_RTCCLKCmd                            0x080013d1   Thumb Code     8  stm32f4xx_rcc.o(.text)
    RCC_BackupResetCmd                       0x080013d9   Thumb Code     8  stm32f4xx_rcc.o(.text)
    RCC_I2SCLKConfig                         0x080013e1   Thumb Code     8  stm32f4xx_rcc.o(.text)
    RCC_SAIPLLI2SClkDivConfig                0x080013e9   Thumb Code    18  stm32f4xx_rcc.o(.text)
    RCC_SAIPLLSAIClkDivConfig                0x080013fb   Thumb Code    24  stm32f4xx_rcc.o(.text)
    RCC_SAIBlockACLKConfig                   0x08001413   Thumb Code    16  stm32f4xx_rcc.o(.text)
    RCC_SAIBlockBCLKConfig                   0x08001423   Thumb Code    16  stm32f4xx_rcc.o(.text)
    RCC_LTDCCLKDivConfig                     0x08001433   Thumb Code    16  stm32f4xx_rcc.o(.text)
    RCC_TIMCLKPresConfig                     0x08001443   Thumb Code     8  stm32f4xx_rcc.o(.text)
    RCC_AHB1PeriphClockCmd                   0x0800144b   Thumb Code    20  stm32f4xx_rcc.o(.text)
    RCC_AHB2PeriphClockCmd                   0x0800145f   Thumb Code    20  stm32f4xx_rcc.o(.text)
    RCC_AHB3PeriphClockCmd                   0x08001473   Thumb Code    20  stm32f4xx_rcc.o(.text)
    RCC_APB1PeriphClockCmd                   0x08001487   Thumb Code    20  stm32f4xx_rcc.o(.text)
    RCC_APB2PeriphClockCmd                   0x0800149b   Thumb Code    20  stm32f4xx_rcc.o(.text)
    RCC_AHB1PeriphResetCmd                   0x080014af   Thumb Code    20  stm32f4xx_rcc.o(.text)
    RCC_AHB2PeriphResetCmd                   0x080014c3   Thumb Code    20  stm32f4xx_rcc.o(.text)
    RCC_AHB3PeriphResetCmd                   0x080014d7   Thumb Code    20  stm32f4xx_rcc.o(.text)
    RCC_APB1PeriphResetCmd                   0x080014eb   Thumb Code    20  stm32f4xx_rcc.o(.text)
    RCC_APB2PeriphResetCmd                   0x080014ff   Thumb Code    20  stm32f4xx_rcc.o(.text)
    RCC_AHB1PeriphClockLPModeCmd             0x08001513   Thumb Code    20  stm32f4xx_rcc.o(.text)
    RCC_AHB2PeriphClockLPModeCmd             0x08001527   Thumb Code    20  stm32f4xx_rcc.o(.text)
    RCC_AHB3PeriphClockLPModeCmd             0x0800153b   Thumb Code    20  stm32f4xx_rcc.o(.text)
    RCC_APB1PeriphClockLPModeCmd             0x0800154f   Thumb Code    64  stm32f4xx_rcc.o(.text)
    RCC_APB2PeriphClockLPModeCmd             0x0800158f   Thumb Code    18  stm32f4xx_rcc.o(.text)
    RCC_LSEModeConfig                        0x080015a1   Thumb Code    24  stm32f4xx_rcc.o(.text)
    RCC_ITConfig                             0x080015b9   Thumb Code    20  stm32f4xx_rcc.o(.text)
    RCC_ClearFlag                            0x080015cd   Thumb Code    14  stm32f4xx_rcc.o(.text)
    RCC_GetITStatus                          0x080015db   Thumb Code    18  stm32f4xx_rcc.o(.text)
    RCC_ClearITPendingBit                    0x080015ed   Thumb Code     8  stm32f4xx_rcc.o(.text)
    SYSCFG_DeInit                            0x080015f9   Thumb Code    24  stm32f4xx_syscfg.o(.text)
    SYSCFG_MemoryRemapConfig                 0x08001611   Thumb Code     6  stm32f4xx_syscfg.o(.text)
    SYSCFG_MemorySwappingBank                0x08001617   Thumb Code     6  stm32f4xx_syscfg.o(.text)
    SYSCFG_EXTILineConfig                    0x0800161d   Thumb Code    42  stm32f4xx_syscfg.o(.text)
    SYSCFG_ETH_MediaInterfaceConfig          0x08001647   Thumb Code     8  stm32f4xx_syscfg.o(.text)
    SYSCFG_CompensationCellCmd               0x0800164f   Thumb Code     6  stm32f4xx_syscfg.o(.text)
    SYSCFG_GetCompensationCellStatus         0x08001655   Thumb Code    16  stm32f4xx_syscfg.o(.text)
    TIM_DeInit                               0x08001675   Thumb Code   284  stm32f4xx_tim.o(.text)
    TIM_TimeBaseInit                         0x08001791   Thumb Code    96  stm32f4xx_tim.o(.text)
    TIM_TimeBaseStructInit                   0x080017f1   Thumb Code    18  stm32f4xx_tim.o(.text)
    TIM_PrescalerConfig                      0x08001803   Thumb Code     6  stm32f4xx_tim.o(.text)
    TIM_CounterModeConfig                    0x08001809   Thumb Code    12  stm32f4xx_tim.o(.text)
    TIM_SetCounter                           0x08001815   Thumb Code     4  stm32f4xx_tim.o(.text)
    TIM_SetAutoreload                        0x08001819   Thumb Code     4  stm32f4xx_tim.o(.text)
    TIM_GetCounter                           0x0800181d   Thumb Code     4  stm32f4xx_tim.o(.text)
    TIM_GetPrescaler                         0x08001821   Thumb Code     4  stm32f4xx_tim.o(.text)
    TIM_UpdateDisableConfig                  0x08001825   Thumb Code    20  stm32f4xx_tim.o(.text)
    TIM_UpdateRequestConfig                  0x08001839   Thumb Code    20  stm32f4xx_tim.o(.text)
    TIM_ARRPreloadConfig                     0x0800184d   Thumb Code    20  stm32f4xx_tim.o(.text)
    TIM_SelectOnePulseMode                   0x08001861   Thumb Code    16  stm32f4xx_tim.o(.text)
    TIM_SetClockDivision                     0x08001871   Thumb Code    16  stm32f4xx_tim.o(.text)
    TIM_Cmd                                  0x08001881   Thumb Code    20  stm32f4xx_tim.o(.text)
    TIM_OC1Init                              0x08001895   Thumb Code    88  stm32f4xx_tim.o(.text)
    TIM_OC2Init                              0x080018ed   Thumb Code   120  stm32f4xx_tim.o(.text)
    TIM_OC3Init                              0x08001965   Thumb Code   116  stm32f4xx_tim.o(.text)
    TIM_OC4Init                              0x080019d9   Thumb Code    88  stm32f4xx_tim.o(.text)
    TIM_OCStructInit                         0x08001a31   Thumb Code    20  stm32f4xx_tim.o(.text)
    TIM_SelectOCxM                           0x08001a45   Thumb Code   130  stm32f4xx_tim.o(.text)
    TIM_SetCompare1                          0x08001ac7   Thumb Code     4  stm32f4xx_tim.o(.text)
    TIM_SetCompare2                          0x08001acb   Thumb Code     4  stm32f4xx_tim.o(.text)
    TIM_SetCompare3                          0x08001acf   Thumb Code     4  stm32f4xx_tim.o(.text)
    TIM_SetCompare4                          0x08001ad3   Thumb Code     4  stm32f4xx_tim.o(.text)
    TIM_ForcedOC1Config                      0x08001ad7   Thumb Code    12  stm32f4xx_tim.o(.text)
    TIM_ForcedOC2Config                      0x08001ae3   Thumb Code    20  stm32f4xx_tim.o(.text)
    TIM_ForcedOC3Config                      0x08001af7   Thumb Code    12  stm32f4xx_tim.o(.text)
    TIM_ForcedOC4Config                      0x08001b03   Thumb Code    20  stm32f4xx_tim.o(.text)
    TIM_OC1PreloadConfig                     0x08001b17   Thumb Code    12  stm32f4xx_tim.o(.text)
    TIM_OC2PreloadConfig                     0x08001b23   Thumb Code    20  stm32f4xx_tim.o(.text)
    TIM_OC3PreloadConfig                     0x08001b37   Thumb Code    12  stm32f4xx_tim.o(.text)
    TIM_OC4PreloadConfig                     0x08001b43   Thumb Code    20  stm32f4xx_tim.o(.text)
    TIM_OC1FastConfig                        0x08001b57   Thumb Code    12  stm32f4xx_tim.o(.text)
    TIM_OC2FastConfig                        0x08001b63   Thumb Code    20  stm32f4xx_tim.o(.text)
    TIM_OC3FastConfig                        0x08001b77   Thumb Code    12  stm32f4xx_tim.o(.text)
    TIM_OC4FastConfig                        0x08001b83   Thumb Code    20  stm32f4xx_tim.o(.text)
    TIM_ClearOC1Ref                          0x08001b97   Thumb Code    12  stm32f4xx_tim.o(.text)
    TIM_ClearOC2Ref                          0x08001ba3   Thumb Code    20  stm32f4xx_tim.o(.text)
    TIM_ClearOC3Ref                          0x08001bb7   Thumb Code    12  stm32f4xx_tim.o(.text)
    TIM_ClearOC4Ref                          0x08001bc3   Thumb Code    20  stm32f4xx_tim.o(.text)
    TIM_OC1PolarityConfig                    0x08001bd7   Thumb Code    12  stm32f4xx_tim.o(.text)
    TIM_OC1NPolarityConfig                   0x08001be3   Thumb Code    12  stm32f4xx_tim.o(.text)
    TIM_OC2PolarityConfig                    0x08001bef   Thumb Code    20  stm32f4xx_tim.o(.text)
    TIM_OC2NPolarityConfig                   0x08001c03   Thumb Code    20  stm32f4xx_tim.o(.text)
    TIM_OC3PolarityConfig                    0x08001c17   Thumb Code    20  stm32f4xx_tim.o(.text)
    TIM_OC3NPolarityConfig                   0x08001c2b   Thumb Code    20  stm32f4xx_tim.o(.text)
    TIM_OC4PolarityConfig                    0x08001c3f   Thumb Code    20  stm32f4xx_tim.o(.text)
    TIM_CCxCmd                               0x08001c53   Thumb Code    22  stm32f4xx_tim.o(.text)
    TIM_CCxNCmd                              0x08001c69   Thumb Code    22  stm32f4xx_tim.o(.text)
    TIM_SetIC4Prescaler                      0x08001c7f   Thumb Code    24  stm32f4xx_tim.o(.text)
    TIM_SetIC3Prescaler                      0x08001c97   Thumb Code    16  stm32f4xx_tim.o(.text)
    TIM_SetIC2Prescaler                      0x08001ca7   Thumb Code    24  stm32f4xx_tim.o(.text)
    TIM_SetIC1Prescaler                      0x08001cf5   Thumb Code    16  stm32f4xx_tim.o(.text)
    TIM_ICInit                               0x08001d05   Thumb Code   164  stm32f4xx_tim.o(.text)
    TIM_ICStructInit                         0x08001da9   Thumb Code    16  stm32f4xx_tim.o(.text)
    TIM_PWMIConfig                           0x08001db9   Thumb Code   104  stm32f4xx_tim.o(.text)
    TIM_GetCapture1                          0x08001e21   Thumb Code     4  stm32f4xx_tim.o(.text)
    TIM_GetCapture2                          0x08001e25   Thumb Code     4  stm32f4xx_tim.o(.text)
    TIM_GetCapture3                          0x08001e29   Thumb Code     4  stm32f4xx_tim.o(.text)
    TIM_GetCapture4                          0x08001e2d   Thumb Code     4  stm32f4xx_tim.o(.text)
    TIM_BDTRConfig                           0x08001e31   Thumb Code    34  stm32f4xx_tim.o(.text)
    TIM_BDTRStructInit                       0x08001e53   Thumb Code    18  stm32f4xx_tim.o(.text)
    TIM_CtrlPWMOutputs                       0x08001e65   Thumb Code    22  stm32f4xx_tim.o(.text)
    TIM_SelectCOM                            0x08001e7b   Thumb Code    20  stm32f4xx_tim.o(.text)
    TIM_CCPreloadControl                     0x08001e8f   Thumb Code    20  stm32f4xx_tim.o(.text)
    TIM_ITConfig                             0x08001ea3   Thumb Code    16  stm32f4xx_tim.o(.text)
    TIM_GenerateEvent                        0x08001eb3   Thumb Code     4  stm32f4xx_tim.o(.text)
    TIM_GetFlagStatus                        0x08001eb7   Thumb Code    14  stm32f4xx_tim.o(.text)
    TIM_ClearFlag                            0x08001ec5   Thumb Code     6  stm32f4xx_tim.o(.text)
    TIM_GetITStatus                          0x08001ecb   Thumb Code    24  stm32f4xx_tim.o(.text)
    TIM_ClearITPendingBit                    0x08001ee3   Thumb Code     6  stm32f4xx_tim.o(.text)
    TIM_DMAConfig                            0x08001ee9   Thumb Code     8  stm32f4xx_tim.o(.text)
    TIM_DMACmd                               0x08001ef1   Thumb Code    16  stm32f4xx_tim.o(.text)
    TIM_SelectCCDMA                          0x08001f01   Thumb Code    20  stm32f4xx_tim.o(.text)
    TIM_InternalClockConfig                  0x08001f15   Thumb Code    10  stm32f4xx_tim.o(.text)
    TIM_SelectInputTrigger                   0x08001f1f   Thumb Code    12  stm32f4xx_tim.o(.text)
    TIM_ITRxExternalClockConfig              0x08001f2b   Thumb Code    18  stm32f4xx_tim.o(.text)
    TIM_TIxExternalClockConfig               0x08001f3d   Thumb Code    46  stm32f4xx_tim.o(.text)
    TIM_ETRConfig                            0x08001f6b   Thumb Code    24  stm32f4xx_tim.o(.text)
    TIM_ETRClockMode1Config                  0x08001f83   Thumb Code    18  stm32f4xx_tim.o(.text)
    TIM_ETRClockMode2Config                  0x08001f95   Thumb Code    18  stm32f4xx_tim.o(.text)
    TIM_SelectOutputTrigger                  0x08001fa7   Thumb Code    16  stm32f4xx_tim.o(.text)
    TIM_SelectSlaveMode                      0x08001fb7   Thumb Code    16  stm32f4xx_tim.o(.text)
    TIM_SelectMasterSlaveMode                0x08001fc7   Thumb Code    16  stm32f4xx_tim.o(.text)
    TIM_EncoderInterfaceConfig               0x08001fd7   Thumb Code    50  stm32f4xx_tim.o(.text)
    TIM_SelectHallSensor                     0x08002009   Thumb Code    20  stm32f4xx_tim.o(.text)
    TIM_RemapConfig                          0x0800201d   Thumb Code     6  stm32f4xx_tim.o(.text)
    USART_DeInit                             0x08002051   Thumb Code   138  stm32f4xx_usart.o(.text)
    USART_Init                               0x080020db   Thumb Code   164  stm32f4xx_usart.o(.text)
    USART_StructInit                         0x0800217f   Thumb Code    22  stm32f4xx_usart.o(.text)
    USART_ClockInit                          0x08002195   Thumb Code    28  stm32f4xx_usart.o(.text)
    USART_ClockStructInit                    0x080021b1   Thumb Code    12  stm32f4xx_usart.o(.text)
    USART_Cmd                                0x080021bd   Thumb Code    20  stm32f4xx_usart.o(.text)
    USART_SetPrescaler                       0x080021d1   Thumb Code    16  stm32f4xx_usart.o(.text)
    USART_OverSampling8Cmd                   0x080021e1   Thumb Code    20  stm32f4xx_usart.o(.text)
    USART_OneBitMethodCmd                    0x080021f5   Thumb Code    20  stm32f4xx_usart.o(.text)
    USART_SendData                           0x08002209   Thumb Code     8  stm32f4xx_usart.o(.text)
    USART_ReceiveData                        0x08002211   Thumb Code     8  stm32f4xx_usart.o(.text)
    USART_SetAddress                         0x08002219   Thumb Code    16  stm32f4xx_usart.o(.text)
    USART_ReceiverWakeUpCmd                  0x08002229   Thumb Code    20  stm32f4xx_usart.o(.text)
    USART_WakeUpConfig                       0x0800223d   Thumb Code    16  stm32f4xx_usart.o(.text)
    USART_LINBreakDetectLengthConfig         0x0800224d   Thumb Code    16  stm32f4xx_usart.o(.text)
    USART_LINCmd                             0x0800225d   Thumb Code    20  stm32f4xx_usart.o(.text)
    USART_SendBreak                          0x08002271   Thumb Code    10  stm32f4xx_usart.o(.text)
    USART_HalfDuplexCmd                      0x0800227b   Thumb Code    20  stm32f4xx_usart.o(.text)
    USART_SetGuardTime                       0x0800228f   Thumb Code    16  stm32f4xx_usart.o(.text)
    USART_SmartCardCmd                       0x0800229f   Thumb Code    20  stm32f4xx_usart.o(.text)
    USART_SmartCardNACKCmd                   0x080022b3   Thumb Code    20  stm32f4xx_usart.o(.text)
    USART_IrDAConfig                         0x080022c7   Thumb Code    16  stm32f4xx_usart.o(.text)
    USART_IrDACmd                            0x080022d7   Thumb Code    20  stm32f4xx_usart.o(.text)
    USART_DMACmd                             0x080022eb   Thumb Code    16  stm32f4xx_usart.o(.text)
    USART_ITConfig                           0x080022fb   Thumb Code    48  stm32f4xx_usart.o(.text)
    USART_GetFlagStatus                      0x0800232b   Thumb Code    14  stm32f4xx_usart.o(.text)
    USART_ClearFlag                          0x08002339   Thumb Code     6  stm32f4xx_usart.o(.text)
    USART_GetITStatus                        0x0800233f   Thumb Code    62  stm32f4xx_usart.o(.text)
    USART_ClearITPendingBit                  0x0800237d   Thumb Code    12  stm32f4xx_usart.o(.text)
    ETH_DeInit                               0x080023a9   Thumb Code    24  stm32f4x7_eth.o(.text)
    ETH_StructInit                           0x080023c1   Thumb Code   136  stm32f4x7_eth.o(.text)
    ETH_WritePHYRegister                     0x08002449   Thumb Code    76  stm32f4x7_eth.o(.text)
    ETH_ReadPHYRegister                      0x08002495   Thumb Code    80  stm32f4x7_eth.o(.text)
    ETH_Init                                 0x080024e5   Thumb Code   520  stm32f4x7_eth.o(.text)
    ETH_DMAReceptionCmd                      0x080026ed   Thumb Code    22  stm32f4x7_eth.o(.text)
    ETH_DMATransmissionCmd                   0x08002703   Thumb Code    22  stm32f4x7_eth.o(.text)
    ETH_MACReceptionCmd                      0x08002719   Thumb Code    22  stm32f4x7_eth.o(.text)
    ETH_FlushTransmitFIFO                    0x0800272f   Thumb Code    12  stm32f4x7_eth.o(.text)
    ETH_MACTransmissionCmd                   0x0800273b   Thumb Code    22  stm32f4x7_eth.o(.text)
    ETH_Start                                0x08002751   Thumb Code    32  stm32f4x7_eth.o(.text)
    ETH_GetFlowControlBusyStatus             0x08002771   Thumb Code    14  stm32f4x7_eth.o(.text)
    ETH_InitiatePauseControlFrame            0x0800277f   Thumb Code    12  stm32f4x7_eth.o(.text)
    ETH_BackPressureActivationCmd            0x0800278b   Thumb Code    22  stm32f4x7_eth.o(.text)
    ETH_GetMACFlagStatus                     0x080027a1   Thumb Code    16  stm32f4x7_eth.o(.text)
    ETH_GetMACITStatus                       0x080027b1   Thumb Code    16  stm32f4x7_eth.o(.text)
    ETH_MACITConfig                          0x080027c1   Thumb Code    18  stm32f4x7_eth.o(.text)
    ETH_MACAddressConfig                     0x080027d3   Thumb Code    22  stm32f4x7_eth.o(.text)
    ETH_GetMACAddress                        0x080027e9   Thumb Code    30  stm32f4x7_eth.o(.text)
    ETH_MACAddressPerfectFilterCmd           0x08002807   Thumb Code    24  stm32f4x7_eth.o(.text)
    ETH_MACAddressFilterConfig               0x0800281f   Thumb Code    82  stm32f4x7_eth.o(.text)
    ETH_MACAddressMaskBytesFilterConfig      0x08002871   Thumb Code    20  stm32f4x7_eth.o(.text)
    ETH_Get_Received_Frame                   0x08002885   Thumb Code    42  stm32f4x7_eth.o(.text)
    ETH_Get_Received_Frame_interrupt         0x080028af   Thumb Code   134  stm32f4x7_eth.o(.text)
    ETH_Prepare_Transmit_Descriptors         0x08002935   Thumb Code   168  stm32f4x7_eth.o(.text)
    ETH_DMARxDescChainInit                   0x080029dd   Thumb Code    74  stm32f4x7_eth.o(.text)
    ETH_CheckFrameReceived                   0x08002a27   Thumb Code    96  stm32f4x7_eth.o(.text)
    ETH_DMATxDescChainInit                   0x08002a87   Thumb Code    62  stm32f4x7_eth.o(.text)
    ETH_GetDMATxDescFlagStatus               0x08002ac5   Thumb Code    14  stm32f4x7_eth.o(.text)
    ETH_GetDMATxDescCollisionCount           0x08002ad3   Thumb Code     8  stm32f4x7_eth.o(.text)
    ETH_SetDMATxDescOwnBit                   0x08002adb   Thumb Code    10  stm32f4x7_eth.o(.text)
    ETH_DMATxDescTransmitITConfig            0x08002ae5   Thumb Code    20  stm32f4x7_eth.o(.text)
    ETH_DMATxDescFrameSegmentConfig          0x08002af9   Thumb Code     8  stm32f4x7_eth.o(.text)
    ETH_DMATxDescChecksumInsertionConfig     0x08002b01   Thumb Code     8  stm32f4x7_eth.o(.text)
    ETH_DMATxDescCRCCmd                      0x08002b09   Thumb Code    20  stm32f4x7_eth.o(.text)
    ETH_DMATxDescSecondAddressChainedCmd     0x08002b1d   Thumb Code    20  stm32f4x7_eth.o(.text)
    ETH_DMATxDescShortFramePaddingCmd        0x08002b31   Thumb Code    20  stm32f4x7_eth.o(.text)
    ETH_DMATxDescBufferSizeConfig            0x08002b45   Thumb Code    12  stm32f4x7_eth.o(.text)
    ETH_GetDMARxDescFlagStatus               0x08002b51   Thumb Code    14  stm32f4x7_eth.o(.text)
    ETH_GetDMAPTPRxDescExtendedFlagStatus    0x08002b5f   Thumb Code    14  stm32f4x7_eth.o(.text)
    ETH_SetDMARxDescOwnBit                   0x08002b6d   Thumb Code    10  stm32f4x7_eth.o(.text)
    ETH_GetDMARxDescFrameLength              0x08002b77   Thumb Code     8  stm32f4x7_eth.o(.text)
    ETH_DMARxDescReceiveITConfig             0x08002b7f   Thumb Code    18  stm32f4x7_eth.o(.text)
    ETH_GetDMARxDescBufferSize               0x08002b91   Thumb Code    16  stm32f4x7_eth.o(.text)
    ETH_GetRxPktSize                         0x08002ba1   Thumb Code    30  stm32f4x7_eth.o(.text)
    ETH_EnhancedDescriptorCmd                0x08002bbf   Thumb Code    22  stm32f4x7_eth.o(.text)
    ETH_SoftwareReset                        0x08002bd5   Thumb Code    12  stm32f4x7_eth.o(.text)
    ETH_GetSoftwareResetStatus               0x08002be1   Thumb Code    14  stm32f4x7_eth.o(.text)
    ETH_GetDMAFlagStatus                     0x08002bef   Thumb Code    16  stm32f4x7_eth.o(.text)
    ETH_DMAClearFlag                         0x08002bff   Thumb Code     6  stm32f4x7_eth.o(.text)
    ETH_DMAITConfig                          0x08002c05   Thumb Code    18  stm32f4x7_eth.o(.text)
    ETH_GetDMAITStatus                       0x08002c17   Thumb Code    16  stm32f4x7_eth.o(.text)
    ETH_DMAClearITPendingBit                 0x08002c27   Thumb Code     6  stm32f4x7_eth.o(.text)
    ETH_GetTransmitProcessState              0x08002c2d   Thumb Code    10  stm32f4x7_eth.o(.text)
    ETH_GetReceiveProcessState               0x08002c37   Thumb Code    10  stm32f4x7_eth.o(.text)
    ETH_GetFlushTransmitFIFOStatus           0x08002c41   Thumb Code    32  stm32f4x7_eth.o(.text)
    ETH_GetDMAOverflowStatus                 0x08002c61   Thumb Code    16  stm32f4x7_eth.o(.text)
    ETH_GetRxOverflowMissedFrameCounter      0x08002c71   Thumb Code    10  stm32f4x7_eth.o(.text)
    ETH_GetBufferUnavailableMissedFrameCounter 0x08002c7b   Thumb Code     8  stm32f4x7_eth.o(.text)
    ETH_GetCurrentTxDescStartAddress         0x08002c83   Thumb Code     6  stm32f4x7_eth.o(.text)
    ETH_GetCurrentRxDescStartAddress         0x08002c89   Thumb Code     6  stm32f4x7_eth.o(.text)
    ETH_GetCurrentTxBufferAddress            0x08002c8f   Thumb Code     6  stm32f4x7_eth.o(.text)
    ETH_GetCurrentRxBufferAddress            0x08002c95   Thumb Code     6  stm32f4x7_eth.o(.text)
    ETH_ResumeDMATransmission                0x08002c9b   Thumb Code     8  stm32f4x7_eth.o(.text)
    ETH_ResumeDMAReception                   0x08002ca3   Thumb Code     8  stm32f4x7_eth.o(.text)
    ETH_SetReceiveWatchdogTimer              0x08002cab   Thumb Code     6  stm32f4x7_eth.o(.text)
    ETH_PHYLoopBackCmd                       0x08002cb1   Thumb Code    40  stm32f4x7_eth.o(.text)
    ETH_ResetWakeUpFrameFilterRegisterPointer 0x08002cd9   Thumb Code    12  stm32f4x7_eth.o(.text)
    ETH_SetWakeUpFrameFilterRegister         0x08002ce5   Thumb Code    18  stm32f4x7_eth.o(.text)
    ETH_GlobalUnicastWakeUpCmd               0x08002cf7   Thumb Code    22  stm32f4x7_eth.o(.text)
    ETH_GetPMTFlagStatus                     0x08002d0d   Thumb Code    16  stm32f4x7_eth.o(.text)
    ETH_WakeUpFrameDetectionCmd              0x08002d1d   Thumb Code    22  stm32f4x7_eth.o(.text)
    ETH_MagicPacketDetectionCmd              0x08002d33   Thumb Code    22  stm32f4x7_eth.o(.text)
    ETH_PowerDownCmd                         0x08002d49   Thumb Code    22  stm32f4x7_eth.o(.text)
    ETH_MMCCounterFullPreset                 0x08002d5f   Thumb Code    16  stm32f4x7_eth.o(.text)
    ETH_MMCCounterHalfPreset                 0x08002d6f   Thumb Code    28  stm32f4x7_eth.o(.text)
    ETH_MMCCounterFreezeCmd                  0x08002d8b   Thumb Code    26  stm32f4x7_eth.o(.text)
    ETH_MMCResetOnReadCmd                    0x08002da5   Thumb Code    26  stm32f4x7_eth.o(.text)
    ETH_MMCCounterRolloverCmd                0x08002dbf   Thumb Code    26  stm32f4x7_eth.o(.text)
    ETH_MMCCountersReset                     0x08002dd9   Thumb Code    16  stm32f4x7_eth.o(.text)
    ETH_MMCITConfig                          0x08002de9   Thumb Code    50  stm32f4x7_eth.o(.text)
    ETH_GetMMCITStatus                       0x08002e1b   Thumb Code    36  stm32f4x7_eth.o(.text)
    ETH_GetMMCRegister                       0x08002e3f   Thumb Code     6  stm32f4x7_eth.o(.text)
    ADC_DeInit                               0x08002e61   Thumb Code    24  stm32f4xx_adc.o(.text)
    ADC_Init                                 0x08002e79   Thumb Code    66  stm32f4xx_adc.o(.text)
    ADC_StructInit                           0x08002ebb   Thumb Code    20  stm32f4xx_adc.o(.text)
    ADC_CommonInit                           0x08002ecf   Thumb Code    34  stm32f4xx_adc.o(.text)
    ADC_CommonStructInit                     0x08002ef1   Thumb Code    12  stm32f4xx_adc.o(.text)
    ADC_Cmd                                  0x08002efd   Thumb Code    20  stm32f4xx_adc.o(.text)
    ADC_AnalogWatchdogCmd                    0x08002f11   Thumb Code    12  stm32f4xx_adc.o(.text)
    ADC_AnalogWatchdogThresholdsConfig       0x08002f1d   Thumb Code     6  stm32f4xx_adc.o(.text)
    ADC_AnalogWatchdogSingleChannelConfig    0x08002f23   Thumb Code    12  stm32f4xx_adc.o(.text)
    ADC_TempSensorVrefintCmd                 0x08002f2f   Thumb Code    26  stm32f4xx_adc.o(.text)
    ADC_VBATCmd                              0x08002f49   Thumb Code    26  stm32f4xx_adc.o(.text)
    ADC_RegularChannelConfig                 0x08002f63   Thumb Code   116  stm32f4xx_adc.o(.text)
    ADC_SoftwareStartConv                    0x08002fd7   Thumb Code    10  stm32f4xx_adc.o(.text)
    ADC_GetSoftwareStartConvStatus           0x08002fe1   Thumb Code    14  stm32f4xx_adc.o(.text)
    ADC_EOCOnEachRegularChannelCmd           0x08002fef   Thumb Code    20  stm32f4xx_adc.o(.text)
    ADC_ContinuousModeCmd                    0x08003003   Thumb Code    20  stm32f4xx_adc.o(.text)
    ADC_DiscModeChannelCountConfig           0x08003017   Thumb Code    16  stm32f4xx_adc.o(.text)
    ADC_DiscModeCmd                          0x08003027   Thumb Code    20  stm32f4xx_adc.o(.text)
    ADC_GetConversionValue                   0x0800303b   Thumb Code     6  stm32f4xx_adc.o(.text)
    ADC_GetMultiModeConversionValue          0x08003041   Thumb Code     8  stm32f4xx_adc.o(.text)
    ADC_DMACmd                               0x08003049   Thumb Code    20  stm32f4xx_adc.o(.text)
    ADC_DMARequestAfterLastTransferCmd       0x0800305d   Thumb Code    20  stm32f4xx_adc.o(.text)
    ADC_MultiModeDMARequestAfterLastTransferCmd 0x08003071   Thumb Code    26  stm32f4xx_adc.o(.text)
    ADC_InjectedChannelConfig                0x0800308b   Thumb Code    74  stm32f4xx_adc.o(.text)
    ADC_InjectedSequencerLengthConfig        0x080030d5   Thumb Code    16  stm32f4xx_adc.o(.text)
    ADC_SetInjectedOffset                    0x080030e5   Thumb Code    10  stm32f4xx_adc.o(.text)
    ADC_ExternalTrigInjectedConvConfig       0x080030ef   Thumb Code    12  stm32f4xx_adc.o(.text)
    ADC_ExternalTrigInjectedConvEdgeConfig   0x080030fb   Thumb Code    12  stm32f4xx_adc.o(.text)
    ADC_SoftwareStartInjectedConv            0x08003107   Thumb Code    10  stm32f4xx_adc.o(.text)
    ADC_GetSoftwareStartInjectedConvCmdStatus 0x08003111   Thumb Code    14  stm32f4xx_adc.o(.text)
    ADC_AutoInjectedConvCmd                  0x0800311f   Thumb Code    20  stm32f4xx_adc.o(.text)
    ADC_InjectedDiscModeCmd                  0x08003133   Thumb Code    20  stm32f4xx_adc.o(.text)
    ADC_GetInjectedConversionValue           0x08003147   Thumb Code    14  stm32f4xx_adc.o(.text)
    ADC_ITConfig                             0x08003155   Thumb Code    18  stm32f4xx_adc.o(.text)
    ADC_GetFlagStatus                        0x08003167   Thumb Code    14  stm32f4xx_adc.o(.text)
    ADC_ClearFlag                            0x08003175   Thumb Code     6  stm32f4xx_adc.o(.text)
    ADC_GetITStatus                          0x0800317b   Thumb Code    30  stm32f4xx_adc.o(.text)
    ADC_ClearITPendingBit                    0x08003199   Thumb Code     8  stm32f4xx_adc.o(.text)
    FSMC_NORSRAMDeInit                       0x080031b5   Thumb Code    38  stm32f4xx_fsmc.o(.text)
    FSMC_NORSRAMInit                         0x080031db   Thumb Code   200  stm32f4xx_fsmc.o(.text)
    FSMC_NORSRAMStructInit                   0x080032a3   Thumb Code    42  stm32f4xx_fsmc.o(.text)
    FSMC_NORSRAMCmd                          0x080032cd   Thumb Code    26  stm32f4xx_fsmc.o(.text)
    FSMC_NANDDeInit                          0x080032e7   Thumb Code    40  stm32f4xx_fsmc.o(.text)
    FSMC_NANDInit                            0x0800330f   Thumb Code   104  stm32f4xx_fsmc.o(.text)
    FSMC_NANDStructInit                      0x08003377   Thumb Code    54  stm32f4xx_fsmc.o(.text)
    FSMC_NANDCmd                             0x080033ad   Thumb Code    54  stm32f4xx_fsmc.o(.text)
    FSMC_NANDECCCmd                          0x080033e3   Thumb Code    54  stm32f4xx_fsmc.o(.text)
    FSMC_GetECC                              0x08003419   Thumb Code    18  stm32f4xx_fsmc.o(.text)
    FSMC_PCCARDDeInit                        0x0800342b   Thumb Code    26  stm32f4xx_fsmc.o(.text)
    FSMC_PCCARDInit                          0x08003445   Thumb Code   102  stm32f4xx_fsmc.o(.text)
    FSMC_PCCARDStructInit                    0x080034ab   Thumb Code    60  stm32f4xx_fsmc.o(.text)
    FSMC_PCCARDCmd                           0x080034e7   Thumb Code    28  stm32f4xx_fsmc.o(.text)
    FSMC_ITConfig                            0x08003503   Thumb Code    72  stm32f4xx_fsmc.o(.text)
    FSMC_GetFlagStatus                       0x0800354b   Thumb Code    40  stm32f4xx_fsmc.o(.text)
    FSMC_ClearFlag                           0x08003573   Thumb Code    38  stm32f4xx_fsmc.o(.text)
    FSMC_GetITStatus                         0x08003599   Thumb Code    48  stm32f4xx_fsmc.o(.text)
    FSMC_ClearITPendingBit                   0x080035c9   Thumb Code    42  stm32f4xx_fsmc.o(.text)
    delay_init                               0x080035fd   Thumb Code    38  delay.o(.text)
    delay_us                                 0x08003623   Thumb Code    46  delay.o(.text)
    delay_xms                                0x08003651   Thumb Code    46  delay.o(.text)
    delay_ms                                 0x0800367f   Thumb Code    50  delay.o(.text)
    _sys_exit                                0x080036b5   Thumb Code     2  usart.o(.text)
    fputc                                    0x080036b7   Thumb Code    14  usart.o(.text)
    uart_init                                0x080036c5   Thumb Code   164  usart.o(.text)
    USART1_IRQHandler                        0x08003769   Thumb Code    88  usart.o(.text)
    usmart_sys_cmd_exe                       0x080037d1   Thumb Code  1442  usmart.o(.text)
    usmart_reset_runtime                     0x08003d73   Thumb Code    40  usmart.o(.text)
    usmart_get_runtime                       0x08003d9b   Thumb Code    48  usmart.o(.text)
    TIM4_IRQHandler                          0x08003dcb   Thumb Code    50  usmart.o(.text)
    Timer4_Init                              0x08003dfd   Thumb Code    88  usmart.o(.text)
    usmart_init                              0x08003e55   Thumb Code    36  usmart.o(.text)
    usmart_cmd_rec                           0x08003e79   Thumb Code   144  usmart.o(.text)
    usmart_exe                               0x08003f09   Thumb Code   768  usmart.o(.text)
    usmart_scan                              0x08004209   Thumb Code    92  usmart.o(.text)
    read_addr                                0x08004265   Thumb Code     4  usmart.o(.text)
    write_addr                               0x08004269   Thumb Code     4  usmart.o(.text)
    usmart_strcmp                            0x080042e5   Thumb Code    24  usmart_str.o(.text)
    usmart_strcopy                           0x080042fd   Thumb Code    18  usmart_str.o(.text)
    usmart_strlen                            0x0800430f   Thumb Code    18  usmart_str.o(.text)
    usmart_pow                               0x08004321   Thumb Code    16  usmart_str.o(.text)
    usmart_str2num                           0x08004331   Thumb Code   158  usmart_str.o(.text)
    usmart_get_cmdname                       0x080043cf   Thumb Code    46  usmart_str.o(.text)
    usmart_search_nextc                      0x080043fd   Thumb Code    16  usmart_str.o(.text)
    usmart_get_fname                         0x0800440d   Thumb Code   356  usmart_str.o(.text)
    usmart_get_aparm                         0x08004571   Thumb Code   156  usmart_str.o(.text)
    usmart_get_parmpos                       0x0800460d   Thumb Code    30  usmart_str.o(.text)
    usmart_get_fparam                        0x0800462b   Thumb Code   206  usmart_str.o(.text)
    lwip_comm_mem_free                       0x08004705   Thumb Code    26  lwip_comm.o(.text)
    lwip_comm_mem_malloc                     0x0800471f   Thumb Code    50  lwip_comm.o(.text)
    lwip_comm_default_ip_set                 0x08004751   Thumb Code    74  lwip_comm.o(.text)
    lwip_comm_init                           0x0800479b   Thumb Code   200  lwip_comm.o(.text)
    lwip_pkt_handle                          0x08004863   Thumb Code     8  lwip_comm.o(.text)
    lwip_periodic_handle                     0x0800486b   Thumb Code    46  lwip_comm.o(.text)
    udp_demo_set_remoteip                    0x0800497d   Thumb Code    44  udp_demo.o(.text)
    udp_demo_connection_close                0x080049a9   Thumb Code    18  udp_demo.o(.text)
    udp_demo_senddata                        0x080049bb   Thumb Code    50  udp_demo.o(.text)
    udp_demo_recv                            0x080049ed   Thumb Code   152  udp_demo.o(.text)
    udp_demo_test                            0x08004a85   Thumb Code   280  udp_demo.o(.text)
    etharp_tmr                               0x08004c79   Thumb Code    66  etharp.o(.text)
    etharp_cleanup_netif                     0x08004edb   Thumb Code    42  etharp.o(.text)
    etharp_find_addr                         0x08004f05   Thumb Code    74  etharp.o(.text)
    etharp_request                           0x08005273   Thumb Code    32  etharp.o(.text)
    etharp_query                             0x080052e7   Thumb Code   298  etharp.o(.text)
    etharp_output                            0x08005411   Thumb Code   306  etharp.o(.text)
    ethernet_input                           0x08005543   Thumb Code   414  etharp.o(.text)
    ethernetif_input                         0x08005715   Thumb Code   116  ethernetif.o(.text)
    ethernetif_init                          0x08005789   Thumb Code    48  ethernetif.o(.text)
    icmp_input                               0x080058bd   Thumb Code   310  icmp.o(.text)
    icmp_dest_unreach                        0x08005a6b   Thumb Code     6  icmp.o(.text)
    icmp_time_exceeded                       0x08005a71   Thumb Code     6  icmp.o(.text)
    inet_chksum_pseudo                       0x08005c43   Thumb Code   136  inet_chksum.o(.text)
    inet_chksum_pseudo_partial               0x08005ccb   Thumb Code   178  inet_chksum.o(.text)
    inet_chksum                              0x08005d7d   Thumb Code    12  inet_chksum.o(.text)
    inet_chksum_pbuf                         0x08005d89   Thumb Code    72  inet_chksum.o(.text)
    ip_route                                 0x08005e39   Thumb Code    54  ip.o(.text)
    ip_input                                 0x08005e6f   Thumb Code   326  ip.o(.text)
    ip_output_if                             0x08005fb5   Thumb Code   212  ip.o(.text)
    ip_output                                0x08006089   Thumb Code    72  ip.o(.text)
    ip4_addr_isbroadcast                     0x0800616d   Thumb Code    46  ip_addr.o(.text)
    ip4_addr_netmask_valid                   0x0800619b   Thumb Code    38  ip_addr.o(.text)
    ipaddr_aton                              0x080061c1   Thumb Code   262  ip_addr.o(.text)
    ipaddr_addr                              0x080062c7   Thumb Code    20  ip_addr.o(.text)
    ipaddr_ntoa_r                            0x080062db   Thumb Code   118  ip_addr.o(.text)
    ipaddr_ntoa                              0x08006351   Thumb Code     6  ip_addr.o(.text)
    ip_reass_tmr                             0x080064bf   Thumb Code    40  ip_frag.o(.text)
    ip_reass                                 0x080066ad   Thumb Code   824  ip_frag.o(.text)
    ip_frag                                  0x08006a31   Thumb Code   382  ip_frag.o(.text)
    lwip_htons                               0x08006bed   Thumb Code     4  def.o(.text)
    lwip_ntohs                               0x08006bf1   Thumb Code     4  def.o(.text)
    lwip_htonl                               0x08006bf5   Thumb Code     4  def.o(.text)
    lwip_ntohl                               0x08006bf9   Thumb Code     4  def.o(.text)
    lwip_init                                0x08006bfd   Thumb Code    30  init.o(.text)
    memp_get_memorysize                      0x08006c1d   Thumb Code     6  memp.o(.text)
    memp_init                                0x08006c23   Thumb Code    80  memp.o(.text)
    memp_malloc                              0x08006c73   Thumb Code    62  memp.o(.text)
    memp_free                                0x08006cb1   Thumb Code    40  memp.o(.text)
    netif_init                               0x08006d99   Thumb Code     2  netif.o(.text)
    netif_set_gw                             0x08006d9b   Thumb Code     8  netif.o(.text)
    netif_set_netmask                        0x08006da3   Thumb Code     8  netif.o(.text)
    netif_set_ipaddr                         0x08006dab   Thumb Code    96  netif.o(.text)
    netif_set_addr                           0x08006e0b   Thumb Code    30  netif.o(.text)
    netif_add                                0x08006e29   Thumb Code    94  netif.o(.text)
    netif_set_default                        0x08006e87   Thumb Code     6  netif.o(.text)
    netif_set_down                           0x08006e8d   Thumb Code    26  netif.o(.text)
    netif_remove                             0x08006ea7   Thumb Code    68  netif.o(.text)
    netif_find                               0x08006eeb   Thumb Code    58  netif.o(.text)
    netif_set_up                             0x08006f25   Thumb Code    32  netif.o(.text)
    netif_set_link_up                        0x08006f45   Thumb Code    32  netif.o(.text)
    netif_set_link_down                      0x08006f65   Thumb Code    18  netif.o(.text)
    pbuf_free                                0x08006fed   Thumb Code   170  pbuf.o(.text)
    pbuf_alloc                               0x08007097   Thumb Code   460  pbuf.o(.text)
    pbuf_alloced_custom                      0x08007263   Thumb Code   100  pbuf.o(.text)
    pbuf_realloc                             0x080072c7   Thumb Code   186  pbuf.o(.text)
    pbuf_header                              0x08007381   Thumb Code   806  pbuf.o(.text)
    pbuf_clen                                0x080076a7   Thumb Code    18  pbuf.o(.text)
    pbuf_ref                                 0x080076b9   Thumb Code    12  pbuf.o(.text)
    pbuf_cat                                 0x080076c5   Thumb Code   108  pbuf.o(.text)
    pbuf_chain                               0x08007731   Thumb Code    16  pbuf.o(.text)
    pbuf_dechain                             0x08007741   Thumb Code   102  pbuf.o(.text)
    pbuf_copy                                0x080077a7   Thumb Code   258  pbuf.o(.text)
    pbuf_copy_partial                        0x080078a9   Thumb Code   130  pbuf.o(.text)
    pbuf_take                                0x0800792b   Thumb Code   146  pbuf.o(.text)
    pbuf_coalesce                            0x080079bd   Thumb Code    66  pbuf.o(.text)
    pbuf_get_at                              0x080079ff   Thumb Code    24  pbuf.o(.text)
    pbuf_memcmp                              0x08007a17   Thumb Code   646  pbuf.o(.text)
    pbuf_memfind                             0x08007c9d   Thumb Code    56  pbuf.o(.text)
    pbuf_strstr                              0x08007cd5   Thumb Code    50  pbuf.o(.text)
    raw_input                                0x08007d09   Thumb Code   104  raw.o(.text)
    raw_bind                                 0x08007d71   Thumb Code    10  raw.o(.text)
    raw_connect                              0x08007d7b   Thumb Code    10  raw.o(.text)
    raw_recv                                 0x08007d85   Thumb Code     6  raw.o(.text)
    raw_sendto                               0x08007d8b   Thumb Code   160  raw.o(.text)
    raw_send                                 0x08007e2b   Thumb Code     4  raw.o(.text)
    raw_remove                               0x08007e2f   Thumb Code    40  raw.o(.text)
    raw_new                                  0x08007e57   Thumb Code    38  raw.o(.text)
    tcp_init                                 0x08007f01   Thumb Code     2  tcp.o(.text)
    tcp_seg_free                             0x08007f03   Thumb Code    28  tcp.o(.text)
    tcp_segs_free                            0x08007f1f   Thumb Code    18  tcp.o(.text)
    tcp_pcb_purge                            0x08007f31   Thumb Code    58  tcp.o(.text)
    tcp_slowtmr                              0x08007f6b   Thumb Code   754  tcp.o(.text)
    tcp_pcb_remove                           0x0800825d   Thumb Code   126  tcp.o(.text)
    tcp_close                                0x08008609   Thumb Code    18  tcp.o(.text)
    tcp_update_rcv_ann_wnd                   0x0800861b   Thumb Code    80  tcp.o(.text)
    tcp_recved                               0x0800866b   Thumb Code   112  tcp.o(.text)
    tcp_recv_null                            0x080086db   Thumb Code    34  tcp.o(.text)
    tcp_process_refused_data                 0x080086fd   Thumb Code   100  tcp.o(.text)
    tcp_fasttmr                              0x08008761   Thumb Code    88  tcp.o(.text)
    tcp_tmr                                  0x080087b9   Thumb Code    30  tcp.o(.text)
    tcp_shutdown                             0x080087d7   Thumb Code    76  tcp.o(.text)
    tcp_abandon                              0x08008823   Thumb Code   162  tcp.o(.text)
    tcp_abort                                0x080088c5   Thumb Code     4  tcp.o(.text)
    tcp_bind                                 0x080089dd   Thumb Code   136  tcp.o(.text)
    tcp_listen_with_backlog                  0x08008a6b   Thumb Code   146  tcp.o(.text)
    tcp_eff_send_mss                         0x08008afd   Thumb Code    32  tcp.o(.text)
    tcp_next_iss                             0x08008b1d   Thumb Code    12  tcp.o(.text)
    tcp_connect                              0x08008b29   Thumb Code   266  tcp.o(.text)
    tcp_setprio                              0x08008c33   Thumb Code     4  tcp.o(.text)
    tcp_alloc                                0x08008c37   Thumb Code   236  tcp.o(.text)
    tcp_new                                  0x08008d23   Thumb Code     4  tcp.o(.text)
    tcp_arg                                  0x08008d27   Thumb Code     4  tcp.o(.text)
    tcp_recv                                 0x08008d2b   Thumb Code    34  tcp.o(.text)
    tcp_sent                                 0x08008d4d   Thumb Code    34  tcp.o(.text)
    tcp_err                                  0x08008d6f   Thumb Code    36  tcp.o(.text)
    tcp_accept                               0x08008d93   Thumb Code     4  tcp.o(.text)
    tcp_poll                                 0x08008d97   Thumb Code    42  tcp.o(.text)
    tcp_debug_state_str                      0x08008dc1   Thumb Code    10  tcp.o(.text)
    tcp_input                                0x08009ac1   Thumb Code  1212  tcp_in.o(.text)
    tcp_enqueue_flags                        0x0800a127   Thumb Code   286  tcp_out.o(.text)
    tcp_send_fin                             0x0800a245   Thumb Code    68  tcp_out.o(.text)
    tcp_write                                0x0800a35d   Thumb Code  1410  tcp_out.o(.text)
    tcp_send_empty_ack                       0x0800a8df   Thumb Code    72  tcp_out.o(.text)
    tcp_output                               0x0800ab37   Thumb Code   440  tcp_out.o(.text)
    tcp_rst                                  0x0800acef   Thumb Code   144  tcp_out.o(.text)
    tcp_rexmit_rto                           0x0800ad7f   Thumb Code    44  tcp_out.o(.text)
    tcp_rexmit                               0x0800adab   Thumb Code    82  tcp_out.o(.text)
    tcp_rexmit_fast                          0x0800adfd   Thumb Code    88  tcp_out.o(.text)
    tcp_keepalive                            0x0800ae55   Thumb Code    60  tcp_out.o(.text)
    tcp_zero_window_probe                    0x0800ae91   Thumb Code   220  tcp_out.o(.text)
    sys_timeout                              0x0800af6d   Thumb Code   104  timers.o(.text)
    tcp_timer_needed                         0x0800affb   Thumb Code    34  timers.o(.text)
    sys_timeouts_init                        0x0800b045   Thumb Code    36  timers.o(.text)
    sys_untimeout                            0x0800b069   Thumb Code    68  timers.o(.text)
    sys_check_timeouts                       0x0800b0ad   Thumb Code    74  timers.o(.text)
    sys_restart_timeouts                     0x0800b0f7   Thumb Code    12  timers.o(.text)
    udp_init                                 0x0800b1b1   Thumb Code     2  udp.o(.text)
    udp_input                                0x0800b1b3   Thumb Code   328  udp.o(.text)
    udp_bind                                 0x0800b2fb   Thumb Code   192  udp.o(.text)
    udp_sendto_if                            0x0800b3bb   Thumb Code   202  udp.o(.text)
    udp_sendto                               0x0800b485   Thumb Code    40  udp.o(.text)
    udp_send                                 0x0800b4ad   Thumb Code     6  udp.o(.text)
    udp_connect                              0x0800b4b3   Thumb Code    70  udp.o(.text)
    udp_disconnect                           0x0800b4f9   Thumb Code    16  udp.o(.text)
    udp_recv                                 0x0800b509   Thumb Code     6  udp.o(.text)
    udp_remove                               0x0800b50f   Thumb Code    40  udp.o(.text)
    udp_new                                  0x0800b537   Thumb Code    26  udp.o(.text)
    mem_init                                 0x0800b6ab   Thumb Code    44  mem.o(.text)
    mem_free                                 0x0800b6d7   Thumb Code   108  mem.o(.text)
    mem_trim                                 0x0800b743   Thumb Code   240  mem.o(.text)
    mem_malloc                               0x0800b833   Thumb Code   252  mem.o(.text)
    mem_calloc                               0x0800b92f   Thumb Code    26  mem.o(.text)
    sys_now                                  0x0800bb41   Thumb Code     6  sys_arch.o(.text)
    mymemcpy                                 0x0800bb4d   Thumb Code    16  malloc.o(.text)
    mymemset                                 0x0800bb5d   Thumb Code    12  malloc.o(.text)
    mymem_init                               0x0800bb69   Thumb Code    52  malloc.o(.text)
    mem_perused                              0x0800bb9d   Thumb Code    48  malloc.o(.text)
    mymem_malloc                             0x0800bbcd   Thumb Code   136  malloc.o(.text)
    mymem_free                               0x0800bc55   Thumb Code    82  malloc.o(.text)
    myfree                                   0x0800bca7   Thumb Code    18  malloc.o(.text)
    mymalloc                                 0x0800bcb9   Thumb Code    28  malloc.o(.text)
    myrealloc                                0x0800bcd5   Thumb Code    54  malloc.o(.text)
    __use_no_semihosting                     0x0800bd15   Thumb Code     2  use_no_semi_2.o(.text)
    __2printf                                0x0800bd19   Thumb Code    20  noretval__2printf.o(.text)
    __2sprintf                               0x0800bd31   Thumb Code    34  noretval__2sprintf.o(.text)
    _printf_pre_padding                      0x0800bd59   Thumb Code    44  _printf_pad.o(.text)
    _printf_post_padding                     0x0800bd85   Thumb Code    34  _printf_pad.o(.text)
    _printf_str                              0x0800bda7   Thumb Code    82  _printf_str.o(.text)
    _printf_int_dec                          0x0800bdf9   Thumb Code   104  _printf_dec.o(.text)
    _printf_int_hex                          0x0800be71   Thumb Code    84  _printf_hex_int.o(.text)
    _printf_longlong_hex                     0x0800be71   Thumb Code     0  _printf_hex_int.o(.text)
    __printf                                 0x0800bec9   Thumb Code   388  __printf_flags_ss_wp.o(.text)
    memcmp                                   0x0800c051   Thumb Code    88  memcmp.o(.text)
    strlen                                   0x0800c0a9   Thumb Code    62  strlen.o(.text)
    __aeabi_memcpy                           0x0800c0e7   Thumb Code     0  rt_memcpy_v6.o(.text)
    __rt_memcpy                              0x0800c0e7   Thumb Code   138  rt_memcpy_v6.o(.text)
    _memcpy_lastbytes                        0x0800c14d   Thumb Code     0  rt_memcpy_v6.o(.text)
    __aeabi_memclr                           0x0800c171   Thumb Code     0  rt_memclr.o(.text)
    __rt_memclr                              0x0800c171   Thumb Code    68  rt_memclr.o(.text)
    _memset                                  0x0800c175   Thumb Code     0  rt_memclr.o(.text)
    __aeabi_memclr4                          0x0800c1b5   Thumb Code     0  rt_memclr_w.o(.text)
    __aeabi_memclr8                          0x0800c1b5   Thumb Code     0  rt_memclr_w.o(.text)
    __rt_memclr_w                            0x0800c1b5   Thumb Code    78  rt_memclr_w.o(.text)
    _memset_w                                0x0800c1b9   Thumb Code     0  rt_memclr_w.o(.text)
    __use_two_region_memory                  0x0800c203   Thumb Code     2  heapauxi.o(.text)
    __rt_heap_escrow$2region                 0x0800c205   Thumb Code     2  heapauxi.o(.text)
    __rt_heap_expand$2region                 0x0800c207   Thumb Code     2  heapauxi.o(.text)
    __I$use$semihosting                      0x0800c209   Thumb Code     0  use_no_semi.o(.text)
    __use_no_semihosting_swi                 0x0800c209   Thumb Code     2  use_no_semi.o(.text)
    _printf_int_common                       0x0800c20b   Thumb Code   178  _printf_intcommon.o(.text)
    _printf_char_common                      0x0800c2c7   Thumb Code    32  _printf_char_common.o(.text)
    _sputc                                   0x0800c2ed   Thumb Code    10  _sputc.o(.text)
    _printf_cs_common                        0x0800c2f7   Thumb Code    20  _printf_char.o(.text)
    _printf_char                             0x0800c30b   Thumb Code    16  _printf_char.o(.text)
    _printf_string                           0x0800c31b   Thumb Code     8  _printf_char.o(.text)
    _printf_char_file                        0x0800c325   Thumb Code    32  _printf_char_file.o(.text)
    __aeabi_memcpy4                          0x0800c349   Thumb Code     0  rt_memcpy_w.o(.text)
    __aeabi_memcpy8                          0x0800c349   Thumb Code     0  rt_memcpy_w.o(.text)
    __rt_memcpy_w                            0x0800c349   Thumb Code   100  rt_memcpy_w.o(.text)
    _memcpy_lastbytes_aligned                0x0800c391   Thumb Code     0  rt_memcpy_w.o(.text)
    ferror                                   0x0800c3ad   Thumb Code     8  ferror.o(.text)
    __user_setup_stackheap                   0x0800c3b5   Thumb Code    74  sys_stackheap_outer.o(.text)
    exit                                     0x0800c3ff   Thumb Code    18  exit.o(.text)
    __user_libspace                          0x0800c411   Thumb Code     8  libspace.o(.text)
    __user_perproc_libspace                  0x0800c411   Thumb Code     0  libspace.o(.text)
    __user_perthread_libspace                0x0800c411   Thumb Code     0  libspace.o(.text)
    _is_digit                                0x0800c419   Thumb Code    14  __printf_wp.o(i._is_digit)
    _fp_init                                 0x0800c427   Thumb Code    10  fpinit.o(x$fpl$fpinit)
    __fplib_config_fpu_vfp                   0x0800c42f   Thumb Code     0  fpinit.o(x$fpl$fpinit)
    __fplib_config_pureend_doubles           0x0800c42f   Thumb Code     0  fpinit.o(x$fpl$fpinit)
    FSMC_DefaultTimingStruct                 0x0800c430   Data          28  stm32f4xx_fsmc.o(.constdata)
    ethbroadcast                             0x0800c44c   Data           6  etharp.o(.constdata)
    ethzero                                  0x0800c452   Data           6  etharp.o(.constdata)
    ip_addr_any                              0x0800c458   Data           4  ip_addr.o(.constdata)
    tcp_persist_backoff                      0x0800c484   Data           7  tcp.o(.constdata)
    tcp_state_str                            0x0800c48c   Data          44  tcp.o(.constdata)
    tcp_backoff                              0x0800c4b8   Data          13  tcp.o(.constdata)
    tcp_pcb_lists                            0x0800c4c8   Data          16  tcp.o(.constdata)
    memtblsize                               0x0800c4d8   Data          12  malloc.o(.constdata)
    memblksize                               0x0800c4e4   Data          12  malloc.o(.constdata)
    memsize                                  0x0800c4f0   Data          12  malloc.o(.constdata)
    Region$$Table$$Base                      0x0800c708   Number         0  anon$$obj.o(Region$$Table)
    Region$$Table$$Limit                     0x0800c728   Number         0  anon$$obj.o(Region$$Table)
    mem3base                                 0x10000000   Data       61440  malloc.o(.ARM.__AT_0x10000000)
    mem3mapbase                              0x1000f000   Data        3840  malloc.o(.ARM.__AT_0x1000F000)
    SystemCoreClock                          0x20000000   Data           4  system_stm32f4xx.o(.data)
    AHBPrescTable                            0x20000004   Data          16  system_stm32f4xx.o(.data)
    DMARxDscrTab                             0x20000014   Data           4  lan8720.o(.data)
    DMATxDscrTab                             0x20000018   Data           4  lan8720.o(.data)
    Rx_Buff                                  0x2000001c   Data           4  lan8720.o(.data)
    Tx_Buff                                  0x20000020   Data           4  lan8720.o(.data)
    DMATxDescToSet                           0x20000034   Data           4  stm32f4x7_eth.o(.data)
    DMARxDescToGet                           0x20000038   Data           4  stm32f4x7_eth.o(.data)
    DMA_RX_FRAME_infos                       0x2000003c   Data           4  stm32f4x7_eth.o(.data)
    USART_RX_STA                             0x20000044   Data           2  usart.o(.data)
    __stdout                                 0x20000048   Data           4  usart.o(.data)
    sys_cmd_tab                              0x2000004c   Data          28  usmart.o(.data)
    usmart_nametab                           0x20000068   Data          32  usmart_config.o(.data)
    usmart_dev                               0x20000088   Data         244  usmart_config.o(.data)
    TCPTimer                                 0x2000017c   Data           4  lwip_comm.o(.data)
    ARPTimer                                 0x20000180   Data           4  lwip_comm.o(.data)
    lwip_localtime                           0x20000184   Data           4  lwip_comm.o(.data)
    udp_demo_flag                            0x20000188   Data           1  udp_demo.o(.data)
    tcp_demo_sendbuf                         0x2000018c   Data           4  udp_demo.o(.data)
    current_netif                            0x20000198   Data           4  ip.o(.data)
    current_header                           0x2000019c   Data           4  ip.o(.data)
    current_iphdr_src                        0x200001a0   Data           4  ip.o(.data)
    current_iphdr_dest                       0x200001a4   Data           4  ip.o(.data)
    memp_memory                              0x200001b0   Data           4  memp.o(.data)
    netif_list                               0x200001b8   Data           4  netif.o(.data)
    netif_default                            0x200001bc   Data           4  netif.o(.data)
    tcp_active_pcbs_changed                  0x200001c4   Data           1  tcp.o(.data)
    tcp_ticks                                0x200001d0   Data           4  tcp.o(.data)
    tcp_bound_pcbs                           0x200001d4   Data           4  tcp.o(.data)
    tcp_listen_pcbs                          0x200001d8   Data           4  tcp.o(.data)
    tcp_active_pcbs                          0x200001dc   Data           4  tcp.o(.data)
    tcp_tw_pcbs                              0x200001e0   Data           4  tcp.o(.data)
    tcp_tmp_pcb                              0x200001e4   Data           4  tcp.o(.data)
    tcp_input_pcb                            0x20000200   Data           4  tcp_in.o(.data)
    udp_pcbs                                 0x20000214   Data           4  udp.o(.data)
    ram_heap                                 0x20000218   Data           4  mem.o(.data)
    mallco_dev                               0x20000228   Data          36  malloc.o(.data)
    RX_Frame_Descriptor                      0x2000024c   Data          12  stm32f4x7_eth.o(.bss)
    USART_RX_BUF                             0x20000258   Data         200  usart.o(.bss)
    lwipdev                                  0x20000320   Data          23  lwip_comm.o(.bss)
    lwip_netif                               0x20000338   Data          48  lwip_comm.o(.bss)
    udp_demo_recvbuf                         0x20000368   Data         200  udp_demo.o(.bss)
    mem1base                                 0x20000540   Data       102400  malloc.o(.bss)
    mem1mapbase                              0x20019540   Data        6400  malloc.o(.bss)
    __libspace_start                         0x2001ae40   Data          96  libspace.o(.bss)
    __temporary_stack_top$libspace           0x2001aea0   Data           0  libspace.o(.bss)
    mem2base                                 0x68000000   Data       204800  malloc.o(.ARM.__AT_0x68000000)
    mem2mapbase                              0x68032000   Data       12800  malloc.o(.ARM.__AT_0x68032000)



==============================================================================

Memory Map of the image

  Image Entry point : 0x08000189

  Load Region LR_IROM1 (Base: 0x08000000, Size: 0x0000c974, Max: 0x00100000, ABSOLUTE, COMPRESSED[0x0000c7b0])

    Execution Region ER_IROM1 (Base: 0x08000000, Size: 0x0000c728, Max: 0x00100000, ABSOLUTE)

    Base Addr    Size         Type   Attr      Idx    E Section Name        Object

    0x08000000   0x00000188   Data   RO          431    RESET               startup_stm32f40_41xxx.o
    0x08000188   0x00000008   Code   RO         1647  * !!!main             c_w.l(__main.o)
    0x08000190   0x00000034   Code   RO         1823    !!!scatter          c_w.l(__scatter.o)
    0x080001c4   0x0000005a   Code   RO         1821    !!dczerorl2         c_w.l(__dczerorl2.o)
    0x0800021e   0x00000002   PAD
    0x08000220   0x0000001c   Code   RO         1825    !!handler_zi        c_w.l(__scatter_zi.o)
    0x0800023c   0x00000000   Code   RO         1632    .ARM.Collect$$_printf_percent$$00000000  c_w.l(_printf_percent.o)
    0x0800023c   0x00000006   Code   RO         1630    .ARM.Collect$$_printf_percent$$00000009  c_w.l(_printf_d.o)
    0x08000242   0x00000006   Code   RO         1631    .ARM.Collect$$_printf_percent$$0000000A  c_w.l(_printf_u.o)
    0x08000248   0x00000006   Code   RO         1629    .ARM.Collect$$_printf_percent$$0000000C  c_w.l(_printf_x.o)
    0x0800024e   0x00000006   Code   RO         1627    .ARM.Collect$$_printf_percent$$00000013  c_w.l(_printf_c.o)
    0x08000254   0x00000006   Code   RO         1628    .ARM.Collect$$_printf_percent$$00000014  c_w.l(_printf_s.o)
    0x0800025a   0x00000004   Code   RO         1662    .ARM.Collect$$_printf_percent$$00000017  c_w.l(_printf_percent_end.o)
    0x0800025e   0x00000002   Code   RO         1695    .ARM.Collect$$libinit$$00000000  c_w.l(libinit.o)
    0x08000260   0x00000004   Code   RO         1701    .ARM.Collect$$libinit$$00000001  c_w.l(libinit2.o)
    0x08000264   0x00000000   Code   RO         1704    .ARM.Collect$$libinit$$00000004  c_w.l(libinit2.o)
    0x08000264   0x00000000   Code   RO         1707    .ARM.Collect$$libinit$$0000000A  c_w.l(libinit2.o)
    0x08000264   0x00000000   Code   RO         1709    .ARM.Collect$$libinit$$0000000C  c_w.l(libinit2.o)
    0x08000264   0x00000000   Code   RO         1711    .ARM.Collect$$libinit$$0000000E  c_w.l(libinit2.o)
    0x08000264   0x00000000   Code   RO         1714    .ARM.Collect$$libinit$$00000011  c_w.l(libinit2.o)
    0x08000264   0x00000000   Code   RO         1716    .ARM.Collect$$libinit$$00000013  c_w.l(libinit2.o)
    0x08000264   0x00000000   Code   RO         1718    .ARM.Collect$$libinit$$00000015  c_w.l(libinit2.o)
    0x08000264   0x00000000   Code   RO         1720    .ARM.Collect$$libinit$$00000017  c_w.l(libinit2.o)
    0x08000264   0x00000000   Code   RO         1722    .ARM.Collect$$libinit$$00000019  c_w.l(libinit2.o)
    0x08000264   0x00000000   Code   RO         1724    .ARM.Collect$$libinit$$0000001B  c_w.l(libinit2.o)
    0x08000264   0x00000000   Code   RO         1726    .ARM.Collect$$libinit$$0000001D  c_w.l(libinit2.o)
    0x08000264   0x00000000   Code   RO         1728    .ARM.Collect$$libinit$$0000001F  c_w.l(libinit2.o)
    0x08000264   0x00000000   Code   RO         1730    .ARM.Collect$$libinit$$00000021  c_w.l(libinit2.o)
    0x08000264   0x00000000   Code   RO         1732    .ARM.Collect$$libinit$$00000023  c_w.l(libinit2.o)
    0x08000264   0x00000000   Code   RO         1734    .ARM.Collect$$libinit$$00000025  c_w.l(libinit2.o)
    0x08000264   0x00000000   Code   RO         1738    .ARM.Collect$$libinit$$0000002C  c_w.l(libinit2.o)
    0x08000264   0x00000000   Code   RO         1740    .ARM.Collect$$libinit$$0000002E  c_w.l(libinit2.o)
    0x08000264   0x00000000   Code   RO         1742    .ARM.Collect$$libinit$$00000030  c_w.l(libinit2.o)
    0x08000264   0x00000000   Code   RO         1744    .ARM.Collect$$libinit$$00000032  c_w.l(libinit2.o)
    0x08000264   0x00000002   Code   RO         1745    .ARM.Collect$$libinit$$00000033  c_w.l(libinit2.o)
    0x08000266   0x00000002   Code   RO         1763    .ARM.Collect$$libshutdown$$00000000  c_w.l(libshutdown.o)
    0x08000268   0x00000000   Code   RO         1773    .ARM.Collect$$libshutdown$$00000002  c_w.l(libshutdown2.o)
    0x08000268   0x00000000   Code   RO         1775    .ARM.Collect$$libshutdown$$00000004  c_w.l(libshutdown2.o)
    0x08000268   0x00000000   Code   RO         1778    .ARM.Collect$$libshutdown$$00000007  c_w.l(libshutdown2.o)
    0x08000268   0x00000000   Code   RO         1781    .ARM.Collect$$libshutdown$$0000000A  c_w.l(libshutdown2.o)
    0x08000268   0x00000000   Code   RO         1783    .ARM.Collect$$libshutdown$$0000000C  c_w.l(libshutdown2.o)
    0x08000268   0x00000000   Code   RO         1786    .ARM.Collect$$libshutdown$$0000000F  c_w.l(libshutdown2.o)
    0x08000268   0x00000002   Code   RO         1787    .ARM.Collect$$libshutdown$$00000010  c_w.l(libshutdown2.o)
    0x0800026a   0x00000000   Code   RO         1651    .ARM.Collect$$rtentry$$00000000  c_w.l(__rtentry.o)
    0x0800026a   0x00000000   Code   RO         1666    .ARM.Collect$$rtentry$$00000002  c_w.l(__rtentry2.o)
    0x0800026a   0x00000006   Code   RO         1678    .ARM.Collect$$rtentry$$00000004  c_w.l(__rtentry4.o)
    0x08000270   0x00000000   Code   RO         1668    .ARM.Collect$$rtentry$$00000009  c_w.l(__rtentry2.o)
    0x08000270   0x00000004   Code   RO         1669    .ARM.Collect$$rtentry$$0000000A  c_w.l(__rtentry2.o)
    0x08000274   0x00000000   Code   RO         1671    .ARM.Collect$$rtentry$$0000000C  c_w.l(__rtentry2.o)
    0x08000274   0x00000008   Code   RO         1672    .ARM.Collect$$rtentry$$0000000D  c_w.l(__rtentry2.o)
    0x0800027c   0x00000002   Code   RO         1699    .ARM.Collect$$rtexit$$00000000  c_w.l(rtexit.o)
    0x0800027e   0x00000000   Code   RO         1747    .ARM.Collect$$rtexit$$00000002  c_w.l(rtexit2.o)
    0x0800027e   0x00000004   Code   RO         1748    .ARM.Collect$$rtexit$$00000003  c_w.l(rtexit2.o)
    0x08000282   0x00000006   Code   RO         1749    .ARM.Collect$$rtexit$$00000004  c_w.l(rtexit2.o)
    0x08000288   0x00000300   Code   RO            3    .text               main.o
    0x08000588   0x00000012   Code   RO          240    .text               stm32f4xx_it.o
    0x0800059a   0x00000002   PAD
    0x0800059c   0x0000017c   Code   RO          289    .text               system_stm32f4xx.o
    0x08000718   0x00000040   Code   RO          315    .text               led.o
    0x08000758   0x00000084   Code   RO          335    .text               timer.o
    0x080007dc   0x000002ec   Code   RO          364    .text               lan8720.o
    0x08000ac8   0x000002e0   Code   RO          391    .text               sram.o
    0x08000da8   0x000000d4   Code   RO          411    .text               adc.o
    0x08000e7c   0x00000040   Code   RO          432    .text               startup_stm32f40_41xxx.o
    0x08000ebc   0x000000b0   Code   RO          438    .text               misc.o
    0x08000f6c   0x0000020c   Code   RO          458    .text               stm32f4xx_gpio.o
    0x08001178   0x00000480   Code   RO          478    .text               stm32f4xx_rcc.o
    0x080015f8   0x0000007c   Code   RO          500    .text               stm32f4xx_syscfg.o
    0x08001674   0x000009dc   Code   RO          520    .text               stm32f4xx_tim.o
    0x08002050   0x00000358   Code   RO          541    .text               stm32f4xx_usart.o
    0x080023a8   0x00000ab8   Code   RO          561    .text               stm32f4x7_eth.o
    0x08002e60   0x00000354   Code   RO          590    .text               stm32f4xx_adc.o
    0x080031b4   0x00000448   Code   RO          610    .text               stm32f4xx_fsmc.o
    0x080035fc   0x000000b8   Code   RO          694    .text               delay.o
    0x080036b4   0x0000011c   Code   RO          734    .text               usart.o
    0x080037d0   0x00000b14   Code   RO          766    .text               usmart.o
    0x080042e4   0x00000420   Code   RO          820    .text               usmart_str.o
    0x08004704   0x00000278   Code   RO          841    .text               lwip_comm.o
    0x0800497c   0x000002dc   Code   RO          912    .text               udp_demo.o
    0x08004c58   0x00000a88   Code   RO         1006    .text               etharp.o
    0x080056e0   0x000001dc   Code   RO         1039    .text               ethernetif.o
    0x080058bc   0x00000330   Code   RO         1088    .text               icmp.o
    0x08005bec   0x0000024c   Code   RO         1122    .text               inet_chksum.o
    0x08005e38   0x00000334   Code   RO         1137    .text               ip.o
    0x0800616c   0x00000254   Code   RO         1170    .text               ip_addr.o
    0x080063c0   0x0000082c   Code   RO         1194    .text               ip_frag.o
    0x08006bec   0x00000010   Code   RO         1208    .text               def.o
    0x08006bfc   0x0000001e   Code   RO         1233    .text               init.o
    0x08006c1a   0x00000002   PAD
    0x08006c1c   0x0000017c   Code   RO         1263    .text               memp.o
    0x08006d98   0x00000254   Code   RO         1289    .text               netif.o
    0x08006fec   0x00000d1a   Code   RO         1312    .text               pbuf.o
    0x08007d06   0x00000002   PAD
    0x08007d08   0x000001f8   Code   RO         1325    .text               raw.o
    0x08007f00   0x00000ff0   Code   RO         1345    .text               tcp.o
    0x08008ef0   0x0000111c   Code   RO         1370    .text               tcp_in.o
    0x0800a00c   0x00000f60   Code   RO         1393    .text               tcp_out.o
    0x0800af6c   0x00000244   Code   RO         1406    .text               timers.o
    0x0800b1b0   0x00000460   Code   RO         1420    .text               udp.o
    0x0800b610   0x00000530   Code   RO         1439    .text               mem.o
    0x0800bb40   0x0000000c   Code   RO         1456    .text               sys_arch.o
    0x0800bb4c   0x000001c8   Code   RO         1534    .text               malloc.o
    0x0800bd14   0x00000002   Code   RO         1568    .text               c_w.l(use_no_semi_2.o)
    0x0800bd16   0x00000002   PAD
    0x0800bd18   0x00000018   Code   RO         1574    .text               c_w.l(noretval__2printf.o)
    0x0800bd30   0x00000028   Code   RO         1576    .text               c_w.l(noretval__2sprintf.o)
    0x0800bd58   0x0000004e   Code   RO         1580    .text               c_w.l(_printf_pad.o)
    0x0800bda6   0x00000052   Code   RO         1582    .text               c_w.l(_printf_str.o)
    0x0800bdf8   0x00000078   Code   RO         1584    .text               c_w.l(_printf_dec.o)
    0x0800be70   0x00000058   Code   RO         1589    .text               c_w.l(_printf_hex_int.o)
    0x0800bec8   0x00000188   Code   RO         1624    .text               c_w.l(__printf_flags_ss_wp.o)
    0x0800c050   0x00000058   Code   RO         1633    .text               c_w.l(memcmp.o)
    0x0800c0a8   0x0000003e   Code   RO         1635    .text               c_w.l(strlen.o)
    0x0800c0e6   0x0000008a   Code   RO         1637    .text               c_w.l(rt_memcpy_v6.o)
    0x0800c170   0x00000044   Code   RO         1639    .text               c_w.l(rt_memclr.o)
    0x0800c1b4   0x0000004e   Code   RO         1641    .text               c_w.l(rt_memclr_w.o)
    0x0800c202   0x00000006   Code   RO         1645    .text               c_w.l(heapauxi.o)
    0x0800c208   0x00000002   Code   RO         1649    .text               c_w.l(use_no_semi.o)
    0x0800c20a   0x000000b2   Code   RO         1652    .text               c_w.l(_printf_intcommon.o)
    0x0800c2bc   0x00000030   Code   RO         1654    .text               c_w.l(_printf_char_common.o)
    0x0800c2ec   0x0000000a   Code   RO         1656    .text               c_w.l(_sputc.o)
    0x0800c2f6   0x0000002c   Code   RO         1658    .text               c_w.l(_printf_char.o)
    0x0800c322   0x00000002   PAD
    0x0800c324   0x00000024   Code   RO         1660    .text               c_w.l(_printf_char_file.o)
    0x0800c348   0x00000064   Code   RO         1663    .text               c_w.l(rt_memcpy_w.o)
    0x0800c3ac   0x00000008   Code   RO         1682    .text               c_w.l(ferror.o)
    0x0800c3b4   0x0000004a   Code   RO         1686    .text               c_w.l(sys_stackheap_outer.o)
    0x0800c3fe   0x00000012   Code   RO         1688    .text               c_w.l(exit.o)
    0x0800c410   0x00000008   Code   RO         1696    .text               c_w.l(libspace.o)
    0x0800c418   0x0000000e   Code   RO         1617    i._is_digit         c_w.l(__printf_wp.o)
    0x0800c426   0x0000000a   Code   RO         1755    x$fpl$fpinit        fz_wm.l(fpinit.o)
    0x0800c430   0x0000001c   Data   RO          611    .constdata          stm32f4xx_fsmc.o
    0x0800c44c   0x0000000c   Data   RO         1008    .constdata          etharp.o
    0x0800c458   0x00000004   Data   RO         1172    .constdata          ip_addr.o
    0x0800c45c   0x00000028   Data   RO         1265    .constdata          memp.o
    0x0800c484   0x00000054   Data   RO         1346    .constdata          tcp.o
    0x0800c4d8   0x00000024   Data   RO         1541    .constdata          malloc.o
    0x0800c4fc   0x00000028   Data   RO         1590    .constdata          c_w.l(_printf_hex_int.o)
    0x0800c524   0x00000011   Data   RO         1625    .constdata          c_w.l(__printf_flags_ss_wp.o)
    0x0800c535   0x00000003   PAD
    0x0800c538   0x00000028   Data   RO          767    .conststring        usmart.o
    0x0800c560   0x0000006b   Data   RO          791    .conststring        usmart_config.o
    0x0800c5cb   0x00000001   PAD
    0x0800c5cc   0x00000028   Data   RO          914    .conststring        udp_demo.o
    0x0800c5f4   0x00000044   Data   RO         1009    .conststring        etharp.o
    0x0800c638   0x00000075   Data   RO         1347    .conststring        tcp.o
    0x0800c6ad   0x00000003   PAD
    0x0800c6b0   0x00000055   Data   RO         1394    .conststring        tcp_out.o
    0x0800c705   0x00000003   PAD
    0x0800c708   0x00000020   Data   RO         1819    Region$$Table       anon$$obj.o


    Execution Region RW_IRAM1 (Base: 0x20000000, Size: 0x0001b4a0, Max: 0x00020000, ABSOLUTE, COMPRESSED[0x00000088])

    Base Addr    Size         Type   Attr      Idx    E Section Name        Object

    0x20000000   0x00000014   Data   RW          290    .data               system_stm32f4xx.o
    0x20000014   0x00000010   Data   RW          365    .data               lan8720.o
    0x20000024   0x00000010   Data   RW          479    .data               stm32f4xx_rcc.o
    0x20000034   0x0000000c   Data   RW          563    .data               stm32f4x7_eth.o
    0x20000040   0x00000004   Data   RW          695    .data               delay.o
    0x20000044   0x00000002   Data   RW          736    .data               usart.o
    0x20000046   0x00000002   PAD
    0x20000048   0x00000004   Data   RW          737    .data               usart.o
    0x2000004c   0x0000001c   Data   RW          768    .data               usmart.o
    0x20000068   0x00000020   Data   RW          792    .data               usmart_config.o
    0x20000088   0x000000f4   Data   RW          793    .data               usmart_config.o
    0x2000017c   0x0000000c   Data   RW          843    .data               lwip_comm.o
    0x20000188   0x00000008   Data   RW          915    .data               udp_demo.o
    0x20000190   0x00000001   Data   RW         1010    .data               etharp.o
    0x20000191   0x00000003   PAD
    0x20000194   0x00000014   Data   RW         1138    .data               ip.o
    0x200001a8   0x00000008   Data   RW         1195    .data               ip_frag.o
    0x200001b0   0x00000004   Data   RW         1266    .data               memp.o
    0x200001b4   0x0000000c   Data   RW         1290    .data               netif.o
    0x200001c0   0x00000004   Data   RW         1326    .data               raw.o
    0x200001c4   0x00000024   Data   RW         1348    .data               tcp.o
    0x200001e8   0x0000001c   Data   RW         1372    .data               tcp_in.o
    0x20000204   0x0000000c   Data   RW         1407    .data               timers.o
    0x20000210   0x00000008   Data   RW         1421    .data               udp.o
    0x20000218   0x00000010   Data   RW         1440    .data               mem.o
    0x20000228   0x00000024   Data   RW         1542    .data               malloc.o
    0x2000024c   0x0000000c   Zero   RW          562    .bss                stm32f4x7_eth.o
    0x20000258   0x000000c8   Zero   RW          735    .bss                usart.o
    0x20000320   0x00000048   Zero   RW          842    .bss                lwip_comm.o
    0x20000368   0x000000c8   Zero   RW          913    .bss                udp_demo.o
    0x20000430   0x000000c8   Zero   RW         1007    .bss                etharp.o
    0x200004f8   0x00000010   Zero   RW         1171    .bss                ip_addr.o
    0x20000508   0x00000028   Zero   RW         1264    .bss                memp.o
    0x20000530   0x00000010   Zero   RW         1371    .bss                tcp_in.o
    0x20000540   0x00019000   Zero   RW         1539    .bss                malloc.o
    0x20019540   0x00001900   Zero   RW         1540    .bss                malloc.o
    0x2001ae40   0x00000060   Zero   RW         1697    .bss                c_w.l(libspace.o)
    0x2001aea0   0x00000200   Zero   RW          430    HEAP                startup_stm32f40_41xxx.o
    0x2001b0a0   0x00000400   Zero   RW          429    STACK               startup_stm32f40_41xxx.o



  Load Region LR$$.ARM.__AT_0x10000000 (Base: 0x10000000, Size: 0x00000000, Max: 0x0000f000, ABSOLUTE)

    Execution Region ER$$.ARM.__AT_0x10000000 (Base: 0x10000000, Size: 0x0000f000, Max: 0x0000f000, ABSOLUTE, UNINIT)

    Base Addr    Size         Type   Attr      Idx    E Section Name        Object

    0x10000000   0x0000f000   Zero   RW         1535    .ARM.__AT_0x10000000  malloc.o



  Load Region LR$$.ARM.__AT_0x1000F000 (Base: 0x1000f000, Size: 0x00000000, Max: 0x00000f00, ABSOLUTE)

    Execution Region ER$$.ARM.__AT_0x1000F000 (Base: 0x1000f000, Size: 0x00000f00, Max: 0x00000f00, ABSOLUTE, UNINIT)

    Base Addr    Size         Type   Attr      Idx    E Section Name        Object

    0x1000f000   0x00000f00   Zero   RW         1536    .ARM.__AT_0x1000F000  malloc.o



  Load Region LR$$.ARM.__AT_0x68000000 (Base: 0x68000000, Size: 0x00000000, Max: 0x00032000, ABSOLUTE)

    Execution Region ER$$.ARM.__AT_0x68000000 (Base: 0x68000000, Size: 0x00032000, Max: 0x00032000, ABSOLUTE, UNINIT)

    Base Addr    Size         Type   Attr      Idx    E Section Name        Object

    0x68000000   0x00032000   Zero   RW         1537    .ARM.__AT_0x68000000  malloc.o



  Load Region LR$$.ARM.__AT_0x68032000 (Base: 0x68032000, Size: 0x00000000, Max: 0x00003200, ABSOLUTE)

    Execution Region ER$$.ARM.__AT_0x68032000 (Base: 0x68032000, Size: 0x00003200, Max: 0x00003200, ABSOLUTE, UNINIT)

    Base Addr    Size         Type   Attr      Idx    E Section Name        Object

    0x68032000   0x00003200   Zero   RW         1538    .ARM.__AT_0x68032000  malloc.o


==============================================================================

Image component sizes


      Code (inc. data)   RO Data    RW Data    ZI Data      Debug   Object Name

       212         10          0          0          0       1187   adc.o
        16          0          0          0          0       1488   def.o
       184          4          0          4          0       1549   delay.o
      2696        584         80          1        200      10997   etharp.o
       476        132          0          0          0       4918   ethernetif.o
       816        374          0          0          0       2502   icmp.o
         0          0          0          0          0       3844   inet.o
       588        104          0          0          0       3441   inet_chksum.o
        30          0          0          0          0        560   init.o
       820        156          0         20          0       7131   ip.o
       596        112          4          0         16       9579   ip_addr.o
      2092        464          0          8          0       7408   ip_frag.o
       748         40          0         16          0       3773   lan8720.o
        64          6          0          0          0        555   led.o
       632        228          0         12         72      18728   lwip_comm.o
       768        302          0          0          0     352247   main.o
       456         10         36         36     391680       5233   malloc.o
      1328        504          0         16          0       4074   mem.o
       380        192         40          4         40       3072   memp.o
       176         12          0          0          0       2157   misc.o
       596        118          0         12          0       6707   netif.o
      3354       1232          0          0          0       9887   pbuf.o
       504        132          0          4          0       3637   raw.o
       736         22          0          0          0       1980   sram.o
        64         26        392          0       1536        856   startup_stm32f40_41xxx.o
      2744         86          0         12         12      21068   stm32f4x7_eth.o
       852         20          0          0          0      11126   stm32f4xx_adc.o
      1096         10         28          0          0       6346   stm32f4xx_fsmc.o
       524         44          0          0          0       4681   stm32f4xx_gpio.o
        18          0          0          0          0       1226   stm32f4xx_it.o
      1152         48          0         16          0      13584   stm32f4xx_rcc.o
       124         16          0          0          0       1977   stm32f4xx_syscfg.o
      2524         52          0          0          0      24206   stm32f4xx_tim.o
       856         32          0          0          0       8496   stm32f4xx_usart.o
        12          6          0          0          0        494   sys_arch.o
       380         36          0         20          0       1939   system_stm32f4xx.o
      4080        994        201         36          0      22829   tcp.o
      4380        810          0         28         16      15255   tcp_in.o
      3936        862         85          0          0      11015   tcp_out.o
       132          8          0          0          0        864   timer.o
       580        174          0         12          0       2899   timers.o
      1120        192          0          8          0       7376   udp.o
       732        188         40          8        200       5411   udp_demo.o
       284         16          0          6        200       3414   usart.o
      2836       1292         40         28          0       4776   usmart.o
         0          0        107        276          0       1584   usmart_config.o
      1056         12          0          0          0       6263   usmart_str.o

    ----------------------------------------------------------------------
     47756       9662       1092        588     393972     644339   Object Totals
         0          0         32          0          0          0   (incl. Generated)
         6          0          7          5          0          0   (incl. Padding)

    ----------------------------------------------------------------------

      Code (inc. data)   RO Data    RW Data    ZI Data      Debug   Library Member Name

        90          0          0          0          0          0   __dczerorl2.o
         8          0          0          0          0         68   __main.o
       392          4         17          0          0         92   __printf_flags_ss_wp.o
        14          0          0          0          0         68   __printf_wp.o
         0          0          0          0          0          0   __rtentry.o
        12          0          0          0          0          0   __rtentry2.o
         6          0          0          0          0          0   __rtentry4.o
        52          8          0          0          0          0   __scatter.o
        28          0          0          0          0          0   __scatter_zi.o
         6          0          0          0          0          0   _printf_c.o
        44          0          0          0          0        108   _printf_char.o
        48          6          0          0          0         96   _printf_char_common.o
        36          4          0          0          0         80   _printf_char_file.o
         6          0          0          0          0          0   _printf_d.o
       120         16          0          0          0         92   _printf_dec.o
        88          4         40          0          0         88   _printf_hex_int.o
       178          0          0          0          0         88   _printf_intcommon.o
        78          0          0          0          0        108   _printf_pad.o
         0          0          0          0          0          0   _printf_percent.o
         4          0          0          0          0          0   _printf_percent_end.o
         6          0          0          0          0          0   _printf_s.o
        82          0          0          0          0         80   _printf_str.o
         6          0          0          0          0          0   _printf_u.o
         6          0          0          0          0          0   _printf_x.o
        10          0          0          0          0         68   _sputc.o
        18          0          0          0          0         80   exit.o
         8          0          0          0          0         68   ferror.o
         6          0          0          0          0        152   heapauxi.o
         2          0          0          0          0          0   libinit.o
         6          0          0          0          0          0   libinit2.o
         2          0          0          0          0          0   libshutdown.o
         2          0          0          0          0          0   libshutdown2.o
         8          4          0          0         96         68   libspace.o
        88          0          0          0          0         76   memcmp.o
        24          4          0          0          0         84   noretval__2printf.o
        40          6          0          0          0         84   noretval__2sprintf.o
        68          0          0          0          0         68   rt_memclr.o
        78          0          0          0          0         80   rt_memclr_w.o
       138          0          0          0          0         68   rt_memcpy_v6.o
       100          0          0          0          0         80   rt_memcpy_w.o
         2          0          0          0          0          0   rtexit.o
        10          0          0          0          0          0   rtexit2.o
        62          0          0          0          0         76   strlen.o
        74          0          0          0          0         80   sys_stackheap_outer.o
         2          0          0          0          0         68   use_no_semi.o
         2          0          0          0          0         68   use_no_semi_2.o
        10          0          0          0          0        116   fpinit.o

    ----------------------------------------------------------------------
      2076         56         60          0         96       2352   Library Totals
         6          0          3          0          0          0   (incl. Padding)

    ----------------------------------------------------------------------

      Code (inc. data)   RO Data    RW Data    ZI Data      Debug   Library Name

      2060         56         57          0         96       2236   c_w.l
        10          0          0          0          0        116   fz_wm.l

    ----------------------------------------------------------------------
      2076         56         60          0         96       2352   Library Totals

    ----------------------------------------------------------------------

==============================================================================


      Code (inc. data)   RO Data    RW Data    ZI Data      Debug   

     49832       9718       1152        588     394068     635095   Grand Totals
     49832       9718       1152        136     394068     635095   ELF Image Totals (compressed)
     49832       9718       1152        136          0          0   ROM Totals

==============================================================================

    Total RO  Size (Code + RO Data)                50984 (  49.79kB)
    Total RW  Size (RW Data + ZI Data)            394656 ( 385.41kB)
    Total ROM Size (Code + RO Data + RW Data)      51120 (  49.92kB)

==============================================================================

